2026-10-02 14:48:42,313{GMT}	INFO	[jepsen test runner] jepsen.core: Command line:
lein run test -w unique-ids --bin /Users/ryan/go/bin/maelstrom-unique-ids --time-limit 30 --rate 1000 --node-count 3 --availability total --nemesis partition
2026-10-02 14:48:42,335{GMT}	INFO	[jepsen test runner] jepsen.core: Running test:
{:args []
 :remote
 #jepsen.control.retry.Remote{:remote #jepsen.control.scp.Remote{:cmd-remote #jepsen.control.sshj.SSHJRemote{:concurrency-limit 6,
                                                                                                             :conn-spec nil,
                                                                                                             :client nil,
                                                                                                             :semaphore nil},
                                                                 :conn-spec nil},
                              :conn nil}
 :log-net-send false
 :node-count 3
 :availability :total
 :max-txn-length 4
 :concurrency 3
 :db
 #object[maelstrom.db$db$reify__16612
         "0x7b159d1b"
         "maelstrom.db$db$reify__16612@7b159d1b"]
 :max-writes-per-key 16
 :leave-db-running? false
 :name "unique-ids"
 :logging-json? false
 :start-time
 #object[org.joda.time.DateTime "0x26c9225a" "2026-10-02T14:48:42.287+07:00"]
 :nemesis-interval 10
 :net
 #object[maelstrom.net$jepsen_net$reify__15721
         "0x10ba757f"
         "maelstrom.net$jepsen_net$reify__15721@10ba757f"]
 :client
 #object[maelstrom.workload.unique_ids$client$reify__21401
         "0x711cd6f9"
         "maelstrom.workload.unique_ids$client$reify__21401@711cd6f9"]
 :barrier
 #object[java.util.concurrent.CyclicBarrier
         "0x1cb3de26"
         "java.util.concurrent.CyclicBarrier@1cb3de26"]
 :log-stderr false
 :pure-generators true
 :ssh {:dummy? true}
 :rate 1000.0
 :checker
 #object[jepsen.checker$compose$reify__11089
         "0x7307e418"
         "jepsen.checker$compose$reify__11089@7307e418"]
 :argv
 ("test"
  "-w"
  "unique-ids"
  "--bin"
  "/Users/ryan/go/bin/maelstrom-unique-ids"
  "--time-limit"
  "30"
  "--rate"
  "1000"
  "--node-count"
  "3"
  "--availability"
  "total"
  "--nemesis"
  "partition")
 :nemesis
 (jepsen.nemesis.ReflCompose
  {:fm {:start-partition 0,
        :stop-partition 0,
        :kill 1,
        :start 1,
        :pause 1,
        :resume 1},
   :nemeses [#unprintable "jepsen.nemesis.combined$partition_nemesis$reify__16905@30d5668a"
             #unprintable "jepsen.nemesis.combined$db_nemesis$reify__16886@2769d577"]})
 :nodes ["n0" "n1" "n2"]
 :test-count 1
 :latency {:mean 0, :dist :constant}
 :bin "/Users/ryan/go/bin/maelstrom-unique-ids"
 :generator
 #object[jepsen.util.Forgettable
         "0x3bc57af4"
         (jepsen.generator.TimeLimit
          {:limit 30000000000,
           :cutoff nil,
           :gen (jepsen.generator.Any
                 {:gens [(jepsen.generator.OnThreads
                          {:f #{:nemesis},
                           :context-filter #object[jepsen.generator.context$make_thread_filter$lazy_filter__12077
                                                   "0x7be29ac4"
                                                   "jepsen.generator.context$make_thread_filter$lazy_filter__12077@7be29ac4"],
                           :gen (jepsen.generator.Stagger
                                 {:dt 20000000000,
                                  :next-time nil,
                                  :gen (jepsen.generator.FlipFlop
                                        {:gens [#object[jepsen.nemesis.combined$partition_package$start__16909
                                                        "0x2523730b"
                                                        "jepsen.nemesis.combined$partition_package$start__16909@2523730b"]
                                                (jepsen.generator.Repeat
                                                 {:remaining -1,
                                                  :gen {:type :info,
                                                        :f :stop-partition,
                                                        :value nil}})],
                                         :i 0})})})
                         (jepsen.generator.OnThreads
                          {:f #jepsen.generator.context.AllBut{:element :nemesis},
                           :context-filter #object[jepsen.generator.context$make_thread_filter$lazy_filter__12077
                                                   "0x25c887ca"
                                                   "jepsen.generator.context$make_thread_filter$lazy_filter__12077@25c887ca"],
                           :gen (jepsen.generator.Stagger
                                 {:dt 2000000,
                                  :next-time nil,
                                  :gen (jepsen.generator.Repeat
                                        {:remaining -1, :gen {:f :generate}})})})]})})]
 :log-net-recv false
 :os
 #object[maelstrom.net$jepsen_os$reify__15724
         "0xba65354"
         "maelstrom.net$jepsen_os$reify__15724@ba65354"]
 :time-limit 30
 :workload :unique-ids
 :consistency-models [:strict-serializable]
 :topology :grid}

2026-10-02 14:48:42,875{GMT}	INFO	[jepsen node n0] maelstrom.net: Starting Maelstrom network
2026-10-02 14:48:42,875{GMT}	INFO	[jepsen test runner] jepsen.db: Tearing down DB
2026-10-02 14:48:42,876{GMT}	INFO	[jepsen test runner] jepsen.db: Setting up DB
2026-10-02 14:48:42,876{GMT}	INFO	[jepsen node n1] maelstrom.db: Setting up n1
2026-10-02 14:48:42,876{GMT}	INFO	[jepsen node n2] maelstrom.db: Setting up n2
2026-10-02 14:48:42,877{GMT}	INFO	[jepsen node n1] maelstrom.process: launching /Users/ryan/go/bin/maelstrom-unique-ids []
2026-10-02 14:48:42,877{GMT}	INFO	[jepsen node n2] maelstrom.process: launching /Users/ryan/go/bin/maelstrom-unique-ids []
2026-10-02 14:48:42,877{GMT}	INFO	[jepsen node n0] maelstrom.service: Starting services: (lin-kv lin-tso lww-kv seq-kv)
2026-10-02 14:48:42,877{GMT}	INFO	[jepsen node n0] maelstrom.db: Setting up n0
2026-10-02 14:48:42,878{GMT}	INFO	[jepsen node n0] maelstrom.process: launching /Users/ryan/go/bin/maelstrom-unique-ids []
2026-10-02 14:48:43,889{GMT}	INFO	[jepsen node n0] maelstrom.net: Shutting down Maelstrom network
2026-10-02 14:48:43,890{GMT}	WARN	[jepsen test runner] jepsen.core: Test crashed!
java.io.IOException: Cannot run program "/Users/ryan/go/bin/maelstrom-unique-ids" (in directory "/var/folders/0n/j19b2vhx2v94mpnw5s81x9nw0000gn/T"): Exec failed, error: 2 (No such file or directory) 
	at java.base/java.lang.ProcessBuilder.start(ProcessBuilder.java:1170)
	at java.base/java.lang.ProcessBuilder.start(ProcessBuilder.java:1089)
	at maelstrom.process$start_node_BANG_.invokeStatic(process.clj:199)
	at maelstrom.process$start_node_BANG_.invoke(process.clj:168)
	at maelstrom.db$db$reify__16612.setup_BANG_(db.clj:34)
	at jepsen.db$fn__11614$G__11608__11618.invoke(db.clj:12)
	at jepsen.db$fn__11614$G__11607__11623.invoke(db.clj:12)
	at clojure.core$partial$fn__5927.invoke(core.clj:2642)
	at jepsen.control$on_nodes$fn__9552.invoke(control.clj:319)
	at clojure.lang.AFn.applyToHelper(AFn.java:154)
	at clojure.lang.AFn.applyTo(AFn.java:144)
	at clojure.core$apply.invokeStatic(core.clj:667)
	at clojure.core$with_bindings_STAR_.invokeStatic(core.clj:1990)
	at clojure.core$with_bindings_STAR_.doInvoke(core.clj:1990)
	at clojure.lang.RestFn.applyTo(RestFn.java:145)
	at clojure.core$apply.invokeStatic(core.clj:671)
	at clojure.core$bound_fn_STAR_$fn__5837.doInvoke(core.clj:2020)
	at clojure.lang.RestFn.invoke(RestFn.java:411)
	at dom_top.core$real_pmap_helper$build_thread__730$fn__731.invoke(core.clj:163)
	at clojure.lang.AFn.applyToHelper(AFn.java:152)
	at clojure.lang.AFn.applyTo(AFn.java:144)
	at clojure.core$apply.invokeStatic(core.clj:667)
	at clojure.core$with_bindings_STAR_.invokeStatic(core.clj:1990)
	at clojure.core$with_bindings_STAR_.doInvoke(core.clj:1990)
	at clojure.lang.RestFn.invoke(RestFn.java:428)
	at clojure.lang.AFn.applyToHelper(AFn.java:156)
	at clojure.lang.RestFn.applyTo(RestFn.java:135)
	at clojure.core$apply.invokeStatic(core.clj:671)
	at clojure.core$bound_fn_STAR_$fn__5837.doInvoke(core.clj:2020)
	at clojure.lang.RestFn.invoke(RestFn.java:400)
	at clojure.lang.AFn.run(AFn.java:22)
	at java.base/java.lang.Thread.run(Thread.java:1583)
Caused by: java.io.IOException: Exec failed, error: 2 (No such file or directory) 
	at java.base/java.lang.ProcessImpl.forkAndExec(Native Method)
	at java.base/java.lang.ProcessImpl.<init>(ProcessImpl.java:295)
	at java.base/java.lang.ProcessImpl.start(ProcessImpl.java:225)
	at java.base/java.lang.ProcessBuilder.start(ProcessBuilder.java:1126)
	... 31 common frames omitted
