2026/10/02 22:47:55 Received {c0 n0 {"type":"init","node_id":"n0","node_ids":["n0"],"msg_id":1}}
2026/10/02 22:47:55 Node n0 initialized
2026/10/02 22:47:55 Sent {"src":"n0","dest":"c0","body":{"in_reply_to":1,"type":"init_ok"}}
2026/10/02 22:47:55 Received {c1 n0 {"type":"topology","topology":{"n0":[]},"msg_id":1}}
2026/10/02 22:47:55 Sent {"src":"n0","dest":"c1","body":{"in_reply_to":1,"type":"topology_ok"}}
2026/10/02 22:47:55 Received {c2 n0 {"type":"read","msg_id":1}}
2026/10/02 22:47:55 Sent {"src":"n0","dest":"c2","body":{"in_reply_to":1,"messages":[],"type":"read_ok"}}
2026/10/02 22:47:55 Received {c2 n0 {"type":"broadcast","message":0,"msg_id":2}}
2026/10/02 22:47:55 Sent {"src":"n0","dest":"c2","body":{"in_reply_to":2,"type":"broadcast_ok"}}
2026/10/02 22:47:56 Received {c2 n0 {"type":"broadcast","message":1,"msg_id":3}}
2026/10/02 22:47:56 Sent {"src":"n0","dest":"c2","body":{"in_reply_to":3,"type":"broadcast_ok"}}
2026/10/02 22:47:56 Received {c2 n0 {"type":"broadcast","message":2,"msg_id":4}}
2026/10/02 22:47:56 Sent {"src":"n0","dest":"c2","body":{"in_reply_to":4,"type":"broadcast_ok"}}
2026/10/02 22:47:56 Received {c2 n0 {"type":"broadcast","message":3,"msg_id":5}}
2026/10/02 22:47:56 Sent {"src":"n0","dest":"c2","body":{"in_reply_to":5,"type":"broadcast_ok"}}
2026/10/02 22:47:56 Received {c2 n0 {"type":"broadcast","message":4,"msg_id":6}}
2026/10/02 22:47:56 Sent {"src":"n0","dest":"c2","body":{"in_reply_to":6,"type":"broadcast_ok"}}
2026/10/02 22:47:56 Received {c2 n0 {"type":"read","msg_id":7}}
2026/10/02 22:47:56 Sent {"src":"n0","dest":"c2","body":{"in_reply_to":7,"messages":[4,0,1,2,3],"type":"read_ok"}}
2026/10/02 22:47:56 Received {c2 n0 {"type":"read","msg_id":8}}
2026/10/02 22:47:56 Sent {"src":"n0","dest":"c2","body":{"in_reply_to":8,"messages":[0,1,2,3,4],"type":"read_ok"}}
2026/10/02 22:47:56 Received {c2 n0 {"type":"broadcast","message":5,"msg_id":9}}
2026/10/02 22:47:56 Sent {"src":"n0","dest":"c2","body":{"in_reply_to":9,"type":"broadcast_ok"}}
2026/10/02 22:47:56 Received {c2 n0 {"type":"broadcast","message":6,"msg_id":10}}
2026/10/02 22:47:56 Sent {"src":"n0","dest":"c2","body":{"in_reply_to":10,"type":"broadcast_ok"}}
2026/10/02 22:47:56 Received {c2 n0 {"type":"read","msg_id":11}}
2026/10/02 22:47:56 Sent {"src":"n0","dest":"c2","body":{"in_reply_to":11,"messages":[2,3,4,5,6,0,1],"type":"read_ok"}}
2026/10/02 22:47:57 Received {c2 n0 {"type":"broadcast","message":7,"msg_id":12}}
2026/10/02 22:47:57 Sent {"src":"n0","dest":"c2","body":{"in_reply_to":12,"type":"broadcast_ok"}}
2026/10/02 22:47:57 Received {c2 n0 {"type":"broadcast","message":8,"msg_id":13}}
2026/10/02 22:47:57 Sent {"src":"n0","dest":"c2","body":{"in_reply_to":13,"type":"broadcast_ok"}}
2026/10/02 22:47:57 Received {c2 n0 {"type":"broadcast","message":9,"msg_id":14}}
2026/10/02 22:47:57 Sent {"src":"n0","dest":"c2","body":{"in_reply_to":14,"type":"broadcast_ok"}}
2026/10/02 22:47:57 Received {c2 n0 {"type":"broadcast","message":10,"msg_id":15}}
2026/10/02 22:47:57 Sent {"src":"n0","dest":"c2","body":{"in_reply_to":15,"type":"broadcast_ok"}}
2026/10/02 22:47:57 Received {c2 n0 {"type":"broadcast","message":11,"msg_id":16}}
2026/10/02 22:47:57 Sent {"src":"n0","dest":"c2","body":{"in_reply_to":16,"type":"broadcast_ok"}}
2026/10/02 22:47:57 Received {c2 n0 {"type":"broadcast","message":12,"msg_id":17}}
2026/10/02 22:47:57 Sent {"src":"n0","dest":"c2","body":{"in_reply_to":17,"type":"broadcast_ok"}}
2026/10/02 22:47:57 Received {c2 n0 {"type":"read","msg_id":18}}
2026/10/02 22:47:57 Sent {"src":"n0","dest":"c2","body":{"in_reply_to":18,"messages":[7,8,11,4,5,9,10,12,0,1,2,3,6],"type":"read_ok"}}
2026/10/02 22:47:57 Received {c2 n0 {"type":"broadcast","message":13,"msg_id":19}}
2026/10/02 22:47:57 Sent {"src":"n0","dest":"c2","body":{"in_reply_to":19,"type":"broadcast_ok"}}
2026/10/02 22:47:57 Received {c2 n0 {"type":"read","msg_id":20}}
2026/10/02 22:47:57 Sent {"src":"n0","dest":"c2","body":{"in_reply_to":20,"messages":[6,7,8,11,4,5,9,10,12,13,0,1,2,3],"type":"read_ok"}}
2026/10/02 22:47:57 Received {c2 n0 {"type":"read","msg_id":21}}
2026/10/02 22:47:58 Sent {"src":"n0","dest":"c2","body":{"in_reply_to":21,"messages":[7,8,11,4,5,9,10,12,13,0,1,2,3,6],"type":"read_ok"}}
2026/10/02 22:47:58 Received {c2 n0 {"type":"read","msg_id":22}}
2026/10/02 22:47:58 Sent {"src":"n0","dest":"c2","body":{"in_reply_to":22,"messages":[8,11,4,5,9,10,12,13,0,1,2,3,6,7],"type":"read_ok"}}
2026/10/02 22:47:58 Received {c2 n0 {"type":"broadcast","message":14,"msg_id":23}}
2026/10/02 22:47:58 Sent {"src":"n0","dest":"c2","body":{"in_reply_to":23,"type":"broadcast_ok"}}
2026/10/02 22:47:58 Received {c2 n0 {"type":"read","msg_id":24}}
2026/10/02 22:47:58 Sent {"src":"n0","dest":"c2","body":{"in_reply_to":24,"messages":[11,14,5,9,10,13,2,6,4,12,0,1,3,7,8],"type":"read_ok"}}
2026/10/02 22:47:58 Received {c2 n0 {"type":"broadcast","message":15,"msg_id":25}}
2026/10/02 22:47:58 Sent {"src":"n0","dest":"c2","body":{"in_reply_to":25,"type":"broadcast_ok"}}
2026/10/02 22:47:58 Received {c2 n0 {"type":"broadcast","message":16,"msg_id":26}}
2026/10/02 22:47:58 Sent {"src":"n0","dest":"c2","body":{"in_reply_to":26,"type":"broadcast_ok"}}
2026/10/02 22:47:58 Received {c2 n0 {"type":"broadcast","message":17,"msg_id":27}}
2026/10/02 22:47:58 Sent {"src":"n0","dest":"c2","body":{"in_reply_to":27,"type":"broadcast_ok"}}
2026/10/02 22:47:58 Received {c2 n0 {"type":"broadcast","message":18,"msg_id":28}}
2026/10/02 22:47:58 Sent {"src":"n0","dest":"c2","body":{"in_reply_to":28,"type":"broadcast_ok"}}
2026/10/02 22:47:58 Received {c2 n0 {"type":"broadcast","message":19,"msg_id":29}}
2026/10/02 22:47:58 Sent {"src":"n0","dest":"c2","body":{"in_reply_to":29,"type":"broadcast_ok"}}
2026/10/02 22:47:58 Received {c2 n0 {"type":"read","msg_id":30}}
2026/10/02 22:47:58 Sent {"src":"n0","dest":"c2","body":{"in_reply_to":30,"messages":[17,18,19,2,6,4,15,12,0,1,3,7,8,11,14,5,9,10,13,16],"type":"read_ok"}}
2026/10/02 22:47:58 Received {c2 n0 {"type":"read","msg_id":31}}
2026/10/02 22:47:58 Sent {"src":"n0","dest":"c2","body":{"in_reply_to":31,"messages":[14,5,9,10,13,16,17,18,19,2,6,4,15,12,0,1,3,7,8,11],"type":"read_ok"}}
2026/10/02 22:47:59 Received {c2 n0 {"type":"broadcast","message":20,"msg_id":32}}
2026/10/02 22:47:59 Sent {"src":"n0","dest":"c2","body":{"in_reply_to":32,"type":"broadcast_ok"}}
2026/10/02 22:47:59 Received {c2 n0 {"type":"broadcast","message":21,"msg_id":33}}
2026/10/02 22:47:59 Sent {"src":"n0","dest":"c2","body":{"in_reply_to":33,"type":"broadcast_ok"}}
2026/10/02 22:47:59 Received {c2 n0 {"type":"broadcast","message":22,"msg_id":34}}
2026/10/02 22:47:59 Sent {"src":"n0","dest":"c2","body":{"in_reply_to":34,"type":"broadcast_ok"}}
2026/10/02 22:47:59 Received {c2 n0 {"type":"read","msg_id":35}}
2026/10/02 22:47:59 Sent {"src":"n0","dest":"c2","body":{"in_reply_to":35,"messages":[22,4,15,12,0,1,3,7,8,11,14,5,9,10,13,16,17,18,19,2,6,20,21],"type":"read_ok"}}
2026/10/02 22:47:59 Received {c2 n0 {"type":"read","msg_id":36}}
2026/10/02 22:47:59 Sent {"src":"n0","dest":"c2","body":{"in_reply_to":36,"messages":[12,0,1,3,7,8,11,14,5,9,10,13,16,17,18,19,2,6,20,21,22,4,15],"type":"read_ok"}}
2026/10/02 22:47:59 Received {c2 n0 {"type":"read","msg_id":37}}
2026/10/02 22:47:59 Sent {"src":"n0","dest":"c2","body":{"in_reply_to":37,"messages":[12,0,1,3,7,8,11,14,5,9,10,13,16,17,18,19,2,6,20,21,22,4,15],"type":"read_ok"}}
2026/10/02 22:47:59 Received {c2 n0 {"type":"broadcast","message":23,"msg_id":38}}
2026/10/02 22:47:59 Sent {"src":"n0","dest":"c2","body":{"in_reply_to":38,"type":"broadcast_ok"}}
2026/10/02 22:47:59 Received {c2 n0 {"type":"broadcast","message":24,"msg_id":39}}
2026/10/02 22:47:59 Sent {"src":"n0","dest":"c2","body":{"in_reply_to":39,"type":"broadcast_ok"}}
2026/10/02 22:48:00 Received {c2 n0 {"type":"read","msg_id":40}}
2026/10/02 22:48:00 Sent {"src":"n0","dest":"c2","body":{"in_reply_to":40,"messages":[4,15,23,24,12,0,1,3,7,8,11,14,5,9,10,13,16,17,18,19,2,6,20,21,22],"type":"read_ok"}}
2026/10/02 22:48:00 Received {c2 n0 {"type":"read","msg_id":41}}
2026/10/02 22:48:00 Sent {"src":"n0","dest":"c2","body":{"in_reply_to":41,"messages":[4,15,23,24,12,0,1,3,7,8,11,14,5,9,10,13,16,17,18,19,2,6,20,21,22],"type":"read_ok"}}
2026/10/02 22:48:00 Received {c2 n0 {"type":"broadcast","message":25,"msg_id":42}}
2026/10/02 22:48:00 Sent {"src":"n0","dest":"c2","body":{"in_reply_to":42,"type":"broadcast_ok"}}
2026/10/02 22:48:00 Received {c2 n0 {"type":"read","msg_id":43}}
2026/10/02 22:48:00 Sent {"src":"n0","dest":"c2","body":{"in_reply_to":43,"messages":[17,18,19,2,6,20,21,22,25,4,15,23,24,12,0,1,3,7,8,11,14,5,9,10,13,16],"type":"read_ok"}}
2026/10/02 22:48:00 Received {c2 n0 {"type":"read","msg_id":44}}
2026/10/02 22:48:00 Sent {"src":"n0","dest":"c2","body":{"in_reply_to":44,"messages":[9,10,13,16,17,18,19,2,6,20,21,22,25,4,15,23,24,12,0,1,3,7,8,11,14,5],"type":"read_ok"}}
2026/10/02 22:48:00 Received {c2 n0 {"type":"read","msg_id":45}}
2026/10/02 22:48:00 Sent {"src":"n0","dest":"c2","body":{"in_reply_to":45,"messages":[15,23,24,12,0,1,3,7,8,11,14,5,9,10,13,16,17,18,19,2,6,20,21,22,25,4],"type":"read_ok"}}
2026/10/02 22:48:01 Received {c2 n0 {"type":"read","msg_id":46}}
2026/10/02 22:48:01 Sent {"src":"n0","dest":"c2","body":{"in_reply_to":46,"messages":[20,21,22,25,4,15,23,24,12,0,1,3,7,8,11,14,5,9,10,13,16,17,18,19,2,6],"type":"read_ok"}}
2026/10/02 22:48:01 Received {c2 n0 {"type":"read","msg_id":47}}
2026/10/02 22:48:01 Sent {"src":"n0","dest":"c2","body":{"in_reply_to":47,"messages":[18,19,2,6,20,21,22,25,4,15,23,24,12,0,1,3,7,8,11,14,5,9,10,13,16,17],"type":"read_ok"}}
2026/10/02 22:48:01 Received {c2 n0 {"type":"read","msg_id":48}}
2026/10/02 22:48:01 Sent {"src":"n0","dest":"c2","body":{"in_reply_to":48,"messages":[2,6,20,21,22,25,4,15,23,24,12,0,1,3,7,8,11,14,5,9,10,13,16,17,18,19],"type":"read_ok"}}
2026/10/02 22:48:01 Received {c2 n0 {"type":"broadcast","message":26,"msg_id":49}}
2026/10/02 22:48:01 Sent {"src":"n0","dest":"c2","body":{"in_reply_to":49,"type":"broadcast_ok"}}
2026/10/02 22:48:01 Received {c2 n0 {"type":"read","msg_id":50}}
2026/10/02 22:48:01 Sent {"src":"n0","dest":"c2","body":{"in_reply_to":50,"messages":[1,3,7,8,11,14,5,9,10,13,16,17,18,19,2,6,20,21,22,25,26,4,15,23,24,12,0],"type":"read_ok"}}
2026/10/02 22:48:01 Received {c2 n0 {"type":"broadcast","message":27,"msg_id":51}}
2026/10/02 22:48:01 Sent {"src":"n0","dest":"c2","body":{"in_reply_to":51,"type":"broadcast_ok"}}
2026/10/02 22:48:01 Received {c2 n0 {"type":"broadcast","message":28,"msg_id":52}}
2026/10/02 22:48:01 Sent {"src":"n0","dest":"c2","body":{"in_reply_to":52,"type":"broadcast_ok"}}
2026/10/02 22:48:01 Received {c2 n0 {"type":"read","msg_id":53}}
2026/10/02 22:48:01 Sent {"src":"n0","dest":"c2","body":{"in_reply_to":53,"messages":[8,11,14,9,10,13,17,2,6,25,28,4,16,1,3,5,18,19,21,26,27,20,22,15,23,24,12,0,7],"type":"read_ok"}}
2026/10/02 22:48:01 Received {c2 n0 {"type":"read","msg_id":54}}
2026/10/02 22:48:01 Sent {"src":"n0","dest":"c2","body":{"in_reply_to":54,"messages":[21,26,27,20,22,15,23,24,12,0,7,8,11,14,9,10,13,17,2,6,25,28,4,16,1,3,5,18,19],"type":"read_ok"}}
2026/10/02 22:48:01 Received {c2 n0 {"type":"read","msg_id":55}}
2026/10/02 22:48:01 Sent {"src":"n0","dest":"c2","body":{"in_reply_to":55,"messages":[17,2,6,25,28,4,16,1,3,5,18,19,21,26,27,20,22,15,23,24,12,0,7,8,11,14,9,10,13],"type":"read_ok"}}
2026/10/02 22:48:02 Received {c2 n0 {"type":"broadcast","message":29,"msg_id":56}}
2026/10/02 22:48:02 Sent {"src":"n0","dest":"c2","body":{"in_reply_to":56,"type":"broadcast_ok"}}
2026/10/02 22:48:02 Received {c2 n0 {"type":"read","msg_id":57}}
2026/10/02 22:48:02 Sent {"src":"n0","dest":"c2","body":{"in_reply_to":57,"messages":[4,16,1,3,5,18,19,21,26,27,29,20,22,15,23,24,12,0,7,8,11,14,9,10,13,17,2,6,25,28],"type":"read_ok"}}
2026/10/02 22:48:02 Received {c2 n0 {"type":"read","msg_id":58}}
2026/10/02 22:48:02 Sent {"src":"n0","dest":"c2","body":{"in_reply_to":58,"messages":[12,0,7,8,11,14,9,10,13,17,2,6,25,28,4,16,1,3,5,18,19,21,26,27,29,20,22,15,23,24],"type":"read_ok"}}
2026/10/02 22:48:02 Received {c2 n0 {"type":"broadcast","message":30,"msg_id":59}}
2026/10/02 22:48:02 Sent {"src":"n0","dest":"c2","body":{"in_reply_to":59,"type":"broadcast_ok"}}
2026/10/02 22:48:02 Received {c2 n0 {"type":"broadcast","message":31,"msg_id":60}}
2026/10/02 22:48:02 Sent {"src":"n0","dest":"c2","body":{"in_reply_to":60,"type":"broadcast_ok"}}
2026/10/02 22:48:02 Received {c2 n0 {"type":"broadcast","message":32,"msg_id":61}}
2026/10/02 22:48:02 Sent {"src":"n0","dest":"c2","body":{"in_reply_to":61,"type":"broadcast_ok"}}
2026/10/02 22:48:02 Received {c2 n0 {"type":"broadcast","message":33,"msg_id":62}}
2026/10/02 22:48:02 Sent {"src":"n0","dest":"c2","body":{"in_reply_to":62,"type":"broadcast_ok"}}
2026/10/02 22:48:03 Received {c2 n0 {"type":"broadcast","message":34,"msg_id":63}}
2026/10/02 22:48:03 Sent {"src":"n0","dest":"c2","body":{"in_reply_to":63,"type":"broadcast_ok"}}
2026/10/02 22:48:03 Received {c2 n0 {"type":"broadcast","message":35,"msg_id":64}}
2026/10/02 22:48:03 Sent {"src":"n0","dest":"c2","body":{"in_reply_to":64,"type":"broadcast_ok"}}
2026/10/02 22:48:03 Received {c2 n0 {"type":"broadcast","message":36,"msg_id":65}}
2026/10/02 22:48:03 Sent {"src":"n0","dest":"c2","body":{"in_reply_to":65,"type":"broadcast_ok"}}
2026/10/02 22:48:03 Received {c2 n0 {"type":"broadcast","message":37,"msg_id":66}}
2026/10/02 22:48:03 Sent {"src":"n0","dest":"c2","body":{"in_reply_to":66,"type":"broadcast_ok"}}
2026/10/02 22:48:03 Received {c2 n0 {"type":"broadcast","message":38,"msg_id":67}}
2026/10/02 22:48:03 Sent {"src":"n0","dest":"c2","body":{"in_reply_to":67,"type":"broadcast_ok"}}
2026/10/02 22:48:03 Received {c2 n0 {"type":"read","msg_id":68}}
2026/10/02 22:48:03 Sent {"src":"n0","dest":"c2","body":{"in_reply_to":68,"messages":[37,2,6,25,28,4,16,1,3,33,35,5,18,19,21,26,27,29,20,22,36,38,15,23,24,12,0,7,8,11,14,30,31,9,10,13,17,32,34],"type":"read_ok"}}
2026/10/02 22:48:03 Received {c2 n0 {"type":"read","msg_id":69}}
2026/10/02 22:48:03 Sent {"src":"n0","dest":"c2","body":{"in_reply_to":69,"messages":[16,1,3,33,35,5,18,19,21,26,27,29,20,22,36,38,15,23,24,12,0,7,8,11,14,30,31,9,10,13,17,32,34,37,2,6,25,28,4],"type":"read_ok"}}
2026/10/02 22:48:04 Received {c2 n0 {"type":"broadcast","message":39,"msg_id":70}}
2026/10/02 22:48:04 Sent {"src":"n0","dest":"c2","body":{"in_reply_to":70,"type":"broadcast_ok"}}
2026/10/02 22:48:04 Received {c2 n0 {"type":"broadcast","message":40,"msg_id":71}}
2026/10/02 22:48:04 Sent {"src":"n0","dest":"c2","body":{"in_reply_to":71,"type":"broadcast_ok"}}
2026/10/02 22:48:04 Received {c2 n0 {"type":"broadcast","message":41,"msg_id":72}}
2026/10/02 22:48:04 Sent {"src":"n0","dest":"c2","body":{"in_reply_to":72,"type":"broadcast_ok"}}
2026/10/02 22:48:04 Received {c2 n0 {"type":"read","msg_id":73}}
2026/10/02 22:48:04 Sent {"src":"n0","dest":"c2","body":{"in_reply_to":73,"messages":[0,7,8,11,14,30,31,9,10,13,17,32,34,37,39,2,6,25,28,41,4,16,1,3,33,35,40,5,18,19,21,26,27,29,20,22,36,38,15,23,24,12],"type":"read_ok"}}
2026/10/02 22:48:04 Received {c2 n0 {"type":"broadcast","message":42,"msg_id":74}}
2026/10/02 22:48:04 Sent {"src":"n0","dest":"c2","body":{"in_reply_to":74,"type":"broadcast_ok"}}
2026/10/02 22:48:04 Received {c2 n0 {"type":"read","msg_id":75}}
2026/10/02 22:48:04 Sent {"src":"n0","dest":"c2","body":{"in_reply_to":75,"messages":[12,0,7,8,11,14,30,31,9,10,13,17,32,34,37,39,2,6,25,28,41,4,16,1,3,33,35,40,5,18,19,21,26,27,29,42,20,22,36,38,15,23,24],"type":"read_ok"}}
2026/10/02 22:48:04 Received {c2 n0 {"type":"broadcast","message":43,"msg_id":76}}
2026/10/02 22:48:04 Sent {"src":"n0","dest":"c2","body":{"in_reply_to":76,"type":"broadcast_ok"}}
2026/10/02 22:48:04 Received {c2 n0 {"type":"read","msg_id":77}}
2026/10/02 22:48:04 Sent {"src":"n0","dest":"c2","body":{"in_reply_to":77,"messages":[42,20,22,36,38,15,23,24,12,0,7,8,11,14,30,31,9,10,13,17,32,34,37,39,2,6,25,28,41,43,4,16,1,3,33,35,40,5,18,19,21,26,27,29],"type":"read_ok"}}
2026/10/02 22:48:04 Received {c2 n0 {"type":"read","msg_id":78}}
2026/10/02 22:48:04 Sent {"src":"n0","dest":"c2","body":{"in_reply_to":78,"messages":[15,23,24,12,0,7,8,11,14,30,31,9,10,13,17,32,34,37,39,2,6,25,28,41,43,4,16,1,3,33,35,40,5,18,19,21,26,27,29,42,20,22,36,38],"type":"read_ok"}}
2026/10/02 22:48:04 Received {c2 n0 {"type":"broadcast","message":44,"msg_id":79}}
2026/10/02 22:48:04 Sent {"src":"n0","dest":"c2","body":{"in_reply_to":79,"type":"broadcast_ok"}}
2026/10/02 22:48:04 Received {c2 n0 {"type":"broadcast","message":45,"msg_id":80}}
2026/10/02 22:48:04 Sent {"src":"n0","dest":"c2","body":{"in_reply_to":80,"type":"broadcast_ok"}}
2026/10/02 22:48:04 Received {c2 n0 {"type":"broadcast","message":46,"msg_id":81}}
2026/10/02 22:48:04 Sent {"src":"n0","dest":"c2","body":{"in_reply_to":81,"type":"broadcast_ok"}}
2026/10/02 22:48:04 Received {c2 n0 {"type":"broadcast","message":47,"msg_id":82}}
2026/10/02 22:48:04 Sent {"src":"n0","dest":"c2","body":{"in_reply_to":82,"type":"broadcast_ok"}}
2026/10/02 22:48:05 Received {c2 n0 {"type":"read","msg_id":83}}
2026/10/02 22:48:05 Sent {"src":"n0","dest":"c2","body":{"in_reply_to":83,"messages":[27,29,42,20,22,36,38,15,23,24,12,0,7,8,11,14,30,31,9,10,13,17,32,34,37,39,2,6,25,28,41,43,47,4,44,45,16,1,3,33,35,40,46,5,18,19,21,26],"type":"read_ok"}}
2026/10/02 22:48:05 Received {c2 n0 {"type":"broadcast","message":48,"msg_id":84}}
2026/10/02 22:48:05 Sent {"src":"n0","dest":"c2","body":{"in_reply_to":84,"type":"broadcast_ok"}}
2026/10/02 22:48:05 Received {c2 n0 {"type":"read","msg_id":85}}
2026/10/02 22:48:05 Sent {"src":"n0","dest":"c2","body":{"in_reply_to":85,"messages":[44,45,48,16,1,3,33,35,40,46,5,18,19,21,26,27,29,42,20,22,36,38,15,23,24,12,0,7,8,11,14,30,31,9,10,13,17,32,34,37,39,2,6,25,28,41,43,47,4],"type":"read_ok"}}
2026/10/02 22:48:05 Received {c2 n0 {"type":"read","msg_id":86}}
2026/10/02 22:48:05 Sent {"src":"n0","dest":"c2","body":{"in_reply_to":86,"messages":[15,23,24,12,0,7,8,11,14,30,31,9,10,13,17,32,34,37,39,2,6,25,28,41,43,47,4,44,45,48,16,1,3,33,35,40,46,5,18,19,21,26,27,29,42,20,22,36,38],"type":"read_ok"}}
2026/10/02 22:48:05 Received {c2 n0 {"type":"broadcast","message":49,"msg_id":87}}
2026/10/02 22:48:05 Sent {"src":"n0","dest":"c2","body":{"in_reply_to":87,"type":"broadcast_ok"}}
2026/10/02 22:48:05 Received {c2 n0 {"type":"broadcast","message":50,"msg_id":88}}
2026/10/02 22:48:05 Sent {"src":"n0","dest":"c2","body":{"in_reply_to":88,"type":"broadcast_ok"}}
2026/10/02 22:48:05 Received {c2 n0 {"type":"read","msg_id":89}}
2026/10/02 22:48:05 Sent {"src":"n0","dest":"c2","body":{"in_reply_to":89,"messages":[43,47,4,44,45,48,50,16,1,3,33,35,40,46,5,18,19,21,26,27,29,42,20,22,36,38,49,15,23,24,12,0,7,8,11,14,30,31,9,10,13,17,32,34,37,39,2,6,25,28,41],"type":"read_ok"}}
2026/10/02 22:48:05 Received {c2 n0 {"type":"broadcast","message":51,"msg_id":90}}
2026/10/02 22:48:05 Sent {"src":"n0","dest":"c2","body":{"in_reply_to":90,"type":"broadcast_ok"}}
2026/10/02 22:48:05 Received {c2 n0 {"type":"broadcast","message":52,"msg_id":91}}
2026/10/02 22:48:05 Sent {"src":"n0","dest":"c2","body":{"in_reply_to":91,"type":"broadcast_ok"}}
2026/10/02 22:48:05 Received {c2 n0 {"type":"read","msg_id":92}}
2026/10/02 22:48:05 Sent {"src":"n0","dest":"c2","body":{"in_reply_to":92,"messages":[12,0,7,8,11,14,30,31,9,10,13,17,32,34,37,39,2,6,25,28,41,43,47,4,44,45,48,50,52,16,1,3,33,35,40,46,51,5,18,19,21,26,27,29,42,20,22,36,38,49,15,23,24],"type":"read_ok"}}
2026/10/02 22:48:06 Received {c2 n0 {"type":"broadcast","message":53,"msg_id":93}}
2026/10/02 22:48:06 Sent {"src":"n0","dest":"c2","body":{"in_reply_to":93,"type":"broadcast_ok"}}
2026/10/02 22:48:06 Received {c2 n0 {"type":"read","msg_id":94}}
2026/10/02 22:48:06 Sent {"src":"n0","dest":"c2","body":{"in_reply_to":94,"messages":[24,12,0,7,8,11,14,30,31,9,10,13,17,32,34,37,39,2,6,25,28,41,43,47,4,44,45,48,50,52,53,16,1,3,33,35,40,46,51,5,18,19,21,26,27,29,42,20,22,36,38,49,15,23],"type":"read_ok"}}
2026/10/02 22:48:06 Received {c2 n0 {"type":"read","msg_id":95}}
2026/10/02 22:48:06 Sent {"src":"n0","dest":"c2","body":{"in_reply_to":95,"messages":[19,21,26,27,29,42,20,22,36,38,49,15,23,24,12,0,7,8,11,14,30,31,9,10,13,17,32,34,37,39,2,6,25,28,41,43,47,4,44,45,48,50,52,53,16,1,3,33,35,40,46,51,5,18],"type":"read_ok"}}
2026/10/02 22:48:06 Received {c2 n0 {"type":"broadcast","message":54,"msg_id":96}}
2026/10/02 22:48:06 Sent {"src":"n0","dest":"c2","body":{"in_reply_to":96,"type":"broadcast_ok"}}
2026/10/02 22:48:06 Received {c2 n0 {"type":"broadcast","message":55,"msg_id":97}}
2026/10/02 22:48:06 Sent {"src":"n0","dest":"c2","body":{"in_reply_to":97,"type":"broadcast_ok"}}
2026/10/02 22:48:06 Received {c2 n0 {"type":"read","msg_id":98}}
2026/10/02 22:48:06 Sent {"src":"n0","dest":"c2","body":{"in_reply_to":98,"messages":[22,36,38,49,54,15,23,24,12,0,7,8,11,14,30,31,9,10,13,17,32,34,37,39,2,6,25,28,41,43,47,55,4,44,45,48,50,52,53,16,1,3,33,35,40,46,51,5,18,19,21,26,27,29,42,20],"type":"read_ok"}}
2026/10/02 22:48:06 Received {c2 n0 {"type":"read","msg_id":99}}
2026/10/02 22:48:06 Sent {"src":"n0","dest":"c2","body":{"in_reply_to":99,"messages":[26,27,29,42,20,22,36,38,49,54,15,23,24,12,0,7,8,11,14,30,31,9,10,13,17,32,34,37,39,2,6,25,28,41,43,47,55,4,44,45,48,50,52,53,16,1,3,33,35,40,46,51,5,18,19,21],"type":"read_ok"}}
2026/10/02 22:48:06 Received {c2 n0 {"type":"broadcast","message":56,"msg_id":100}}
2026/10/02 22:48:06 Sent {"src":"n0","dest":"c2","body":{"in_reply_to":100,"type":"broadcast_ok"}}
2026/10/02 22:48:06 Received {c2 n0 {"type":"read","msg_id":101}}
2026/10/02 22:48:06 Sent {"src":"n0","dest":"c2","body":{"in_reply_to":101,"messages":[46,51,18,19,21,27,54,38,15,24,32,44,12,0,11,31,13,37,41,43,47,55,25,28,56,33,35,40,5,26,29,42,49,20,22,36,23,45,48,53,7,8,14,30,9,10,17,34,39,2,6,4,50,52,16,1,3],"type":"read_ok"}}
2026/10/02 22:48:06 Received {c2 n0 {"type":"read","msg_id":102}}
2026/10/02 22:48:06 Sent {"src":"n0","dest":"c2","body":{"in_reply_to":102,"messages":[32,44,12,0,11,31,13,37,41,43,47,55,25,28,56,33,35,40,5,26,29,42,49,20,22,36,23,45,48,53,7,8,14,30,9,10,17,34,39,2,6,4,50,52,16,1,3,46,51,18,19,21,27,54,38,15,24],"type":"read_ok"}}
2026/10/02 22:48:07 Received {c2 n0 {"type":"read","msg_id":103}}
2026/10/02 22:48:07 Sent {"src":"n0","dest":"c2","body":{"in_reply_to":103,"messages":[10,17,34,39,2,6,4,50,52,16,1,3,46,51,18,19,21,27,54,38,15,24,32,44,12,0,11,31,13,37,41,43,47,55,25,28,56,33,35,40,5,26,29,42,49,20,22,36,23,45,48,53,7,8,14,30,9],"type":"read_ok"}}
2026/10/02 22:48:07 Received {c2 n0 {"type":"broadcast","message":57,"msg_id":104}}
2026/10/02 22:48:07 Sent {"src":"n0","dest":"c2","body":{"in_reply_to":104,"type":"broadcast_ok"}}
2026/10/02 22:48:07 Received {c2 n0 {"type":"read","msg_id":105}}
2026/10/02 22:48:07 Sent {"src":"n0","dest":"c2","body":{"in_reply_to":105,"messages":[23,45,48,53,7,8,14,30,9,10,17,34,39,57,2,6,4,50,52,16,1,3,46,51,18,19,21,27,54,38,15,24,32,44,12,0,11,31,13,37,41,43,47,55,25,28,56,33,35,40,5,26,29,42,49,20,22,36],"type":"read_ok"}}
2026/10/02 22:48:07 Received {c2 n0 {"type":"read","msg_id":106}}
2026/10/02 22:48:07 Sent {"src":"n0","dest":"c2","body":{"in_reply_to":106,"messages":[55,25,28,56,33,35,40,5,26,29,42,49,20,22,36,23,45,48,53,7,8,14,30,9,10,17,34,39,57,2,6,4,50,52,16,1,3,46,51,18,19,21,27,54,38,15,24,32,44,12,0,11,31,13,37,41,43,47],"type":"read_ok"}}
2026/10/02 22:48:07 Received {c2 n0 {"type":"broadcast","message":58,"msg_id":107}}
2026/10/02 22:48:07 Sent {"src":"n0","dest":"c2","body":{"in_reply_to":107,"type":"broadcast_ok"}}
2026/10/02 22:48:07 Received {c2 n0 {"type":"read","msg_id":108}}
2026/10/02 22:48:07 Sent {"src":"n0","dest":"c2","body":{"in_reply_to":108,"messages":[32,44,12,0,11,31,13,37,41,43,47,55,25,28,56,33,35,40,5,26,29,42,49,20,22,36,23,45,48,53,7,8,14,30,9,10,17,34,39,57,2,6,4,50,52,16,1,3,46,51,18,19,21,27,54,38,58,15,24],"type":"read_ok"}}
2026/10/02 22:48:07 Received {c2 n0 {"type":"read","msg_id":109}}
2026/10/02 22:48:07 Sent {"src":"n0","dest":"c2","body":{"in_reply_to":109,"messages":[0,11,31,13,37,41,43,47,55,25,28,56,33,35,40,5,26,29,42,49,20,22,36,23,45,48,53,7,8,14,30,9,10,17,34,39,57,2,6,4,50,52,16,1,3,46,51,18,19,21,27,54,38,58,15,24,32,44,12],"type":"read_ok"}}
2026/10/02 22:48:07 Received {c2 n0 {"type":"read","msg_id":110}}
2026/10/02 22:48:07 Sent {"src":"n0","dest":"c2","body":{"in_reply_to":110,"messages":[33,35,40,5,26,29,42,49,20,22,36,23,45,48,53,7,8,14,30,9,10,17,34,39,57,2,6,4,50,52,16,1,3,46,51,18,19,21,27,54,38,58,15,24,32,44,12,0,11,31,13,37,41,43,47,55,25,28,56],"type":"read_ok"}}
2026/10/02 22:48:07 Received {c2 n0 {"type":"read","msg_id":111}}
2026/10/02 22:48:07 Sent {"src":"n0","dest":"c2","body":{"in_reply_to":111,"messages":[1,3,46,51,18,19,21,27,54,38,58,15,24,32,44,12,0,11,31,13,37,41,43,47,55,25,28,56,33,35,40,5,26,29,42,49,20,22,36,23,45,48,53,7,8,14,30,9,10,17,34,39,57,2,6,4,50,52,16],"type":"read_ok"}}
2026/10/02 22:48:07 Received {c2 n0 {"type":"read","msg_id":112}}
2026/10/02 22:48:07 Sent {"src":"n0","dest":"c2","body":{"in_reply_to":112,"messages":[56,33,35,40,5,26,29,42,49,20,22,36,23,45,48,53,7,8,14,30,9,10,17,34,39,57,2,6,4,50,52,16,1,3,46,51,18,19,21,27,54,38,58,15,24,32,44,12,0,11,31,13,37,41,43,47,55,25,28],"type":"read_ok"}}
2026/10/02 22:48:08 Received {c2 n0 {"type":"read","msg_id":113}}
2026/10/02 22:48:08 Sent {"src":"n0","dest":"c2","body":{"in_reply_to":113,"messages":[16,1,3,46,51,18,19,21,27,54,38,58,15,24,32,44,12,0,11,31,13,37,41,43,47,55,25,28,56,33,35,40,5,26,29,42,49,20,22,36,23,45,48,53,7,8,14,30,9,10,17,34,39,57,2,6,4,50,52],"type":"read_ok"}}
2026/10/02 22:48:08 Received {c2 n0 {"type":"read","msg_id":114}}
2026/10/02 22:48:08 Sent {"src":"n0","dest":"c2","body":{"in_reply_to":114,"messages":[4,50,52,16,1,3,46,51,18,19,21,27,54,38,58,15,24,32,44,12,0,11,31,13,37,41,43,47,55,25,28,56,33,35,40,5,26,29,42,49,20,22,36,23,45,48,53,7,8,14,30,9,10,17,34,39,57,2,6],"type":"read_ok"}}
2026/10/02 22:48:08 Received {c2 n0 {"type":"read","msg_id":115}}
2026/10/02 22:48:08 Sent {"src":"n0","dest":"c2","body":{"in_reply_to":115,"messages":[52,16,1,3,46,51,18,19,21,27,54,38,58,15,24,32,44,12,0,11,31,13,37,41,43,47,55,25,28,56,33,35,40,5,26,29,42,49,20,22,36,23,45,48,53,7,8,14,30,9,10,17,34,39,57,2,6,4,50],"type":"read_ok"}}
2026/10/02 22:48:08 Received {c2 n0 {"type":"broadcast","message":59,"msg_id":116}}
2026/10/02 22:48:08 Sent {"src":"n0","dest":"c2","body":{"in_reply_to":116,"type":"broadcast_ok"}}
2026/10/02 22:48:08 Received {c2 n0 {"type":"broadcast","message":60,"msg_id":117}}
2026/10/02 22:48:08 Sent {"src":"n0","dest":"c2","body":{"in_reply_to":117,"type":"broadcast_ok"}}
2026/10/02 22:48:08 Received {c2 n0 {"type":"read","msg_id":118}}
2026/10/02 22:48:08 Sent {"src":"n0","dest":"c2","body":{"in_reply_to":118,"messages":[24,32,44,12,0,11,31,13,37,41,43,47,55,25,28,56,33,35,40,5,26,29,42,49,20,22,36,60,23,59,45,48,53,7,8,14,30,9,10,17,34,39,57,2,6,4,50,52,16,1,3,46,51,18,19,21,27,54,38,58,15],"type":"read_ok"}}
2026/10/02 22:48:08 Received {c2 n0 {"type":"read","msg_id":119}}
2026/10/02 22:48:08 Sent {"src":"n0","dest":"c2","body":{"in_reply_to":119,"messages":[26,29,42,49,20,22,36,60,23,59,45,48,53,7,8,14,30,9,10,17,34,39,57,2,6,4,50,52,16,1,3,46,51,18,19,21,27,54,38,58,15,24,32,44,12,0,11,31,13,37,41,43,47,55,25,28,56,33,35,40,5],"type":"read_ok"}}
2026/10/02 22:48:08 Received {c2 n0 {"type":"broadcast","message":61,"msg_id":120}}
2026/10/02 22:48:08 Sent {"src":"n0","dest":"c2","body":{"in_reply_to":120,"type":"broadcast_ok"}}
2026/10/02 22:48:08 Received {c2 n0 {"type":"read","msg_id":121}}
2026/10/02 22:48:08 Sent {"src":"n0","dest":"c2","body":{"in_reply_to":121,"messages":[15,24,32,44,12,0,11,31,13,37,41,43,47,55,25,28,56,61,33,35,40,5,26,29,42,49,20,22,36,60,23,59,45,48,53,7,8,14,30,9,10,17,34,39,57,2,6,4,50,52,16,1,3,46,51,18,19,21,27,54,38,58],"type":"read_ok"}}
2026/10/02 22:48:09 Received {c2 n0 {"type":"read","msg_id":122}}
2026/10/02 22:48:09 Sent {"src":"n0","dest":"c2","body":{"in_reply_to":122,"messages":[41,43,47,55,25,28,56,61,33,35,40,5,26,29,42,49,20,22,36,60,23,59,45,48,53,7,8,14,30,9,10,17,34,39,57,2,6,4,50,52,16,1,3,46,51,18,19,21,27,54,38,58,15,24,32,44,12,0,11,31,13,37],"type":"read_ok"}}
2026/10/02 22:48:09 Received {c2 n0 {"type":"broadcast","message":62,"msg_id":123}}
2026/10/02 22:48:09 Sent {"src":"n0","dest":"c2","body":{"in_reply_to":123,"type":"broadcast_ok"}}
2026/10/02 22:48:09 Received {c2 n0 {"type":"broadcast","message":63,"msg_id":124}}
2026/10/02 22:48:09 Sent {"src":"n0","dest":"c2","body":{"in_reply_to":124,"type":"broadcast_ok"}}
2026/10/02 22:48:09 Received {c2 n0 {"type":"read","msg_id":125}}
2026/10/02 22:48:09 Sent {"src":"n0","dest":"c2","body":{"in_reply_to":125,"messages":[12,0,11,31,13,37,41,43,47,55,25,28,56,61,33,35,40,5,26,29,42,49,63,20,22,36,60,23,59,45,48,53,7,8,14,30,9,10,17,34,39,57,2,6,4,50,52,16,1,3,46,51,18,19,21,27,54,62,38,58,15,24,32,44],"type":"read_ok"}}
2026/10/02 22:48:09 Received {c2 n0 {"type":"broadcast","message":64,"msg_id":126}}
2026/10/02 22:48:09 Sent {"src":"n0","dest":"c2","body":{"in_reply_to":126,"type":"broadcast_ok"}}
2026/10/02 22:48:09 Received {c2 n0 {"type":"broadcast","message":65,"msg_id":127}}
2026/10/02 22:48:09 Sent {"src":"n0","dest":"c2","body":{"in_reply_to":127,"type":"broadcast_ok"}}
2026/10/02 22:48:09 Received {c2 n0 {"type":"read","msg_id":128}}
2026/10/02 22:48:09 Sent {"src":"n0","dest":"c2","body":{"in_reply_to":128,"messages":[34,39,57,2,6,4,50,52,16,1,3,46,51,18,19,21,27,54,62,64,38,58,15,24,32,44,12,0,11,31,13,37,41,43,47,55,25,28,56,61,33,35,40,5,26,29,42,49,63,20,22,36,60,65,23,59,45,48,53,7,8,14,30,9,10,17],"type":"read_ok"}}
2026/10/02 22:48:09 Received {c2 n0 {"type":"broadcast","message":66,"msg_id":129}}
2026/10/02 22:48:09 Sent {"src":"n0","dest":"c2","body":{"in_reply_to":129,"type":"broadcast_ok"}}
2026/10/02 22:48:09 Received {c2 n0 {"type":"broadcast","message":67,"msg_id":130}}
2026/10/02 22:48:09 Sent {"src":"n0","dest":"c2","body":{"in_reply_to":130,"type":"broadcast_ok"}}
2026/10/02 22:48:09 Received {c2 n0 {"type":"read","msg_id":131}}
2026/10/02 22:48:09 Sent {"src":"n0","dest":"c2","body":{"in_reply_to":131,"messages":[1,3,46,51,18,19,21,27,54,62,64,38,58,15,24,32,44,12,0,11,31,13,37,41,43,47,55,66,25,28,56,61,33,35,40,5,26,29,42,49,63,20,22,36,60,65,67,23,59,45,48,53,7,8,14,30,9,10,17,34,39,57,2,6,4,50,52,16],"type":"read_ok"}}
2026/10/02 22:48:10 Received {c2 n0 {"type":"read","msg_id":132}}
2026/10/02 22:48:10 Sent {"src":"n0","dest":"c2","body":{"in_reply_to":132,"messages":[24,32,44,12,0,11,31,13,37,41,43,47,55,66,25,28,56,61,33,35,40,5,26,29,42,49,63,20,22,36,60,65,67,23,59,45,48,53,7,8,14,30,9,10,17,34,39,57,2,6,4,50,52,16,1,3,46,51,18,19,21,27,54,62,64,38,58,15],"type":"read_ok"}}
2026/10/02 22:48:10 Received {c2 n0 {"type":"read","msg_id":133}}
2026/10/02 22:48:10 Sent {"src":"n0","dest":"c2","body":{"in_reply_to":133,"messages":[15,24,32,44,12,0,11,31,13,37,41,43,47,55,66,25,28,56,61,33,35,40,5,26,29,42,49,63,20,22,36,60,65,67,23,59,45,48,53,7,8,14,30,9,10,17,34,39,57,2,6,4,50,52,16,1,3,46,51,18,19,21,27,54,62,64,38,58],"type":"read_ok"}}
2026/10/02 22:48:10 Received {c2 n0 {"type":"read","msg_id":134}}
2026/10/02 22:48:10 Sent {"src":"n0","dest":"c2","body":{"in_reply_to":134,"messages":[10,17,34,39,57,2,6,4,50,52,16,1,3,46,51,18,19,21,27,54,62,64,38,58,15,24,32,44,12,0,11,31,13,37,41,43,47,55,66,25,28,56,61,33,35,40,5,26,29,42,49,63,20,22,36,60,65,67,23,59,45,48,53,7,8,14,30,9],"type":"read_ok"}}
2026/10/02 22:48:10 Received {c2 n0 {"type":"broadcast","message":68,"msg_id":135}}
2026/10/02 22:48:10 Sent {"src":"n0","dest":"c2","body":{"in_reply_to":135,"type":"broadcast_ok"}}
2026/10/02 22:48:10 Received {c2 n0 {"type":"broadcast","message":69,"msg_id":136}}
2026/10/02 22:48:10 Sent {"src":"n0","dest":"c2","body":{"in_reply_to":136,"type":"broadcast_ok"}}
2026/10/02 22:48:10 Received {c2 n0 {"type":"broadcast","message":70,"msg_id":137}}
2026/10/02 22:48:10 Sent {"src":"n0","dest":"c2","body":{"in_reply_to":137,"type":"broadcast_ok"}}
2026/10/02 22:48:10 Received {c2 n0 {"type":"broadcast","message":71,"msg_id":138}}
2026/10/02 22:48:10 Sent {"src":"n0","dest":"c2","body":{"in_reply_to":138,"type":"broadcast_ok"}}
2026/10/02 22:48:10 Received {c2 n0 {"type":"read","msg_id":139}}
2026/10/02 22:48:10 Sent {"src":"n0","dest":"c2","body":{"in_reply_to":139,"messages":[15,24,70,32,44,12,0,11,31,13,37,41,43,47,55,66,25,28,56,61,69,33,35,40,5,26,29,42,49,63,20,22,36,60,65,67,23,59,45,48,53,7,8,14,30,9,10,17,34,39,57,2,6,68,71,4,50,52,16,1,3,46,51,18,19,21,27,54,62,64,38,58],"type":"read_ok"}}
2026/10/02 22:48:10 Received {c2 n0 {"type":"broadcast","message":72,"msg_id":140}}
2026/10/02 22:48:10 Sent {"src":"n0","dest":"c2","body":{"in_reply_to":140,"type":"broadcast_ok"}}
2026/10/02 22:48:10 Received {c2 n0 {"type":"broadcast","message":73,"msg_id":141}}
2026/10/02 22:48:10 Sent {"src":"n0","dest":"c2","body":{"in_reply_to":141,"type":"broadcast_ok"}}
2026/10/02 22:48:10 Received {c2 n0 {"type":"read","msg_id":142}}
2026/10/02 22:48:10 Sent {"src":"n0","dest":"c2","body":{"in_reply_to":142,"messages":[32,44,12,0,11,31,13,37,41,43,47,55,66,25,28,56,61,72,73,69,33,35,40,5,26,29,42,49,63,20,22,36,60,65,67,23,59,45,48,53,7,8,14,30,9,10,17,34,39,57,2,6,68,71,4,50,52,16,1,3,46,51,18,19,21,27,54,62,64,38,58,15,24,70],"type":"read_ok"}}
2026/10/02 22:48:11 Received {c2 n0 {"type":"broadcast","message":74,"msg_id":143}}
2026/10/02 22:48:11 Sent {"src":"n0","dest":"c2","body":{"in_reply_to":143,"type":"broadcast_ok"}}
2026/10/02 22:48:11 Received {c2 n0 {"type":"read","msg_id":144}}
2026/10/02 22:48:11 Sent {"src":"n0","dest":"c2","body":{"in_reply_to":144,"messages":[5,26,29,42,49,63,20,22,36,60,65,67,23,59,45,48,53,7,8,14,30,9,10,17,34,39,57,2,6,68,71,4,50,52,16,1,3,46,51,18,19,21,27,54,62,64,38,58,15,24,70,32,44,12,0,11,31,74,13,37,41,43,47,55,66,25,28,56,61,72,73,69,33,35,40],"type":"read_ok"}}
2026/10/02 22:48:11 Received {c2 n0 {"type":"read","msg_id":145}}
2026/10/02 22:48:11 Sent {"src":"n0","dest":"c2","body":{"in_reply_to":145,"messages":[45,48,53,7,8,14,30,9,10,17,34,39,57,2,6,68,71,4,50,52,16,1,3,46,51,18,19,21,27,54,62,64,38,58,15,24,70,32,44,12,0,11,31,74,13,37,41,43,47,55,66,25,28,56,61,72,73,69,33,35,40,5,26,29,42,49,63,20,22,36,60,65,67,23,59],"type":"read_ok"}}
2026/10/02 22:48:11 Received {c2 n0 {"type":"broadcast","message":75,"msg_id":146}}
2026/10/02 22:48:11 Sent {"src":"n0","dest":"c2","body":{"in_reply_to":146,"type":"broadcast_ok"}}
2026/10/02 22:48:11 Received {c2 n0 {"type":"broadcast","message":76,"msg_id":147}}
2026/10/02 22:48:11 Sent {"src":"n0","dest":"c2","body":{"in_reply_to":147,"type":"broadcast_ok"}}
2026/10/02 22:48:11 Received {c2 n0 {"type":"read","msg_id":148}}
2026/10/02 22:48:11 Sent {"src":"n0","dest":"c2","body":{"in_reply_to":148,"messages":[70,32,44,12,0,11,31,74,13,37,41,43,47,55,66,25,28,56,61,72,73,69,33,35,40,5,26,29,42,49,63,75,20,22,36,60,65,67,23,59,45,48,53,7,8,14,30,9,10,17,34,39,57,2,6,68,71,76,4,50,52,16,1,3,46,51,18,19,21,27,54,62,64,38,58,15,24],"type":"read_ok"}}
2026/10/02 22:48:11 Received {c2 n0 {"type":"broadcast","message":77,"msg_id":149}}
2026/10/02 22:48:11 Sent {"src":"n0","dest":"c2","body":{"in_reply_to":149,"type":"broadcast_ok"}}
2026/10/02 22:48:11 Received {c2 n0 {"type":"broadcast","message":78,"msg_id":150}}
2026/10/02 22:48:11 Sent {"src":"n0","dest":"c2","body":{"in_reply_to":150,"type":"broadcast_ok"}}
2026/10/02 22:48:11 Received {c2 n0 {"type":"read","msg_id":151}}
2026/10/02 22:48:11 Sent {"src":"n0","dest":"c2","body":{"in_reply_to":151,"messages":[45,48,53,7,8,14,30,9,10,17,34,39,57,78,2,6,68,71,76,4,50,52,16,1,3,46,51,18,19,21,27,54,62,64,38,58,15,24,70,32,44,12,0,11,31,74,13,37,41,43,47,55,66,25,28,56,61,72,73,69,33,35,40,5,26,29,42,49,63,75,20,22,36,60,65,67,77,23,59],"type":"read_ok"}}
2026/10/02 22:48:11 Received {c2 n0 {"type":"broadcast","message":79,"msg_id":152}}
2026/10/02 22:48:11 Sent {"src":"n0","dest":"c2","body":{"in_reply_to":152,"type":"broadcast_ok"}}
2026/10/02 22:48:11 Received {c2 n0 {"type":"read","msg_id":153}}
2026/10/02 22:48:11 Sent {"src":"n0","dest":"c2","body":{"in_reply_to":153,"messages":[45,48,53,7,8,14,30,9,10,17,34,39,57,78,2,6,68,71,76,4,50,52,16,1,3,46,51,18,19,21,27,54,62,64,38,58,15,24,70,32,44,12,0,11,31,74,13,37,41,43,47,55,66,25,28,56,61,72,73,69,33,35,40,79,5,26,29,42,49,63,75,20,22,36,60,65,67,77,23,59],"type":"read_ok"}}
2026/10/02 22:48:12 Received {c2 n0 {"type":"read","msg_id":154}}
2026/10/02 22:48:12 Sent {"src":"n0","dest":"c2","body":{"in_reply_to":154,"messages":[58,15,24,70,32,44,12,0,11,31,74,13,37,41,43,47,55,66,25,28,56,61,72,73,69,33,35,40,79,5,26,29,42,49,63,75,20,22,36,60,65,67,77,23,59,45,48,53,7,8,14,30,9,10,17,34,39,57,78,2,6,68,71,76,4,50,52,16,1,3,46,51,18,19,21,27,54,62,64,38],"type":"read_ok"}}
2026/10/02 22:48:12 Received {c2 n0 {"type":"read","msg_id":155}}
2026/10/02 22:48:12 Sent {"src":"n0","dest":"c2","body":{"in_reply_to":155,"messages":[33,35,40,79,5,26,29,42,49,63,75,20,22,36,60,65,67,77,23,59,45,48,53,7,8,14,30,9,10,17,34,39,57,78,2,6,68,71,76,4,50,52,16,1,3,46,51,18,19,21,27,54,62,64,38,58,15,24,70,32,44,12,0,11,31,74,13,37,41,43,47,55,66,25,28,56,61,72,73,69],"type":"read_ok"}}
2026/10/02 22:48:12 Received {c2 n0 {"type":"read","msg_id":156}}
2026/10/02 22:48:12 Sent {"src":"n0","dest":"c2","body":{"in_reply_to":156,"messages":[28,56,61,72,73,69,33,35,40,79,5,26,29,42,49,63,75,20,22,36,60,65,67,77,23,59,45,48,53,7,8,14,30,9,10,17,34,39,57,78,2,6,68,71,76,4,50,52,16,1,3,46,51,18,19,21,27,54,62,64,38,58,15,24,70,32,44,12,0,11,31,74,13,37,41,43,47,55,66,25],"type":"read_ok"}}
2026/10/02 22:48:12 Received {c2 n0 {"type":"broadcast","message":80,"msg_id":157}}
2026/10/02 22:48:12 Sent {"src":"n0","dest":"c2","body":{"in_reply_to":157,"type":"broadcast_ok"}}
2026/10/02 22:48:12 Received {c2 n0 {"type":"read","msg_id":158}}
2026/10/02 22:48:12 Sent {"src":"n0","dest":"c2","body":{"in_reply_to":158,"messages":[33,35,40,79,5,26,29,42,49,63,75,20,22,36,60,65,67,77,23,59,80,45,48,53,7,8,14,30,9,10,17,34,39,57,78,2,6,68,71,76,4,50,52,16,1,3,46,51,18,19,21,27,54,62,64,38,58,15,24,70,32,44,12,0,11,31,74,13,37,41,43,47,55,66,25,28,56,61,72,73,69],"type":"read_ok"}}
2026/10/02 22:48:12 Received {c2 n0 {"type":"broadcast","message":81,"msg_id":159}}
2026/10/02 22:48:12 Sent {"src":"n0","dest":"c2","body":{"in_reply_to":159,"type":"broadcast_ok"}}
2026/10/02 22:48:12 Received {c2 n0 {"type":"read","msg_id":160}}
2026/10/02 22:48:12 Sent {"src":"n0","dest":"c2","body":{"in_reply_to":160,"messages":[6,68,71,76,4,50,52,16,1,3,46,51,18,19,21,27,54,62,64,38,58,15,24,70,32,44,12,0,11,31,74,13,37,41,43,47,55,66,25,28,56,61,72,73,69,81,33,35,40,79,5,26,29,42,49,63,75,20,22,36,60,65,67,77,23,59,80,45,48,53,7,8,14,30,9,10,17,34,39,57,78,2],"type":"read_ok"}}
2026/10/02 22:48:12 Received {c2 n0 {"type":"broadcast","message":82,"msg_id":161}}
2026/10/02 22:48:12 Sent {"src":"n0","dest":"c2","body":{"in_reply_to":161,"type":"broadcast_ok"}}
2026/10/02 22:48:12 Received {c2 n0 {"type":"broadcast","message":83,"msg_id":162}}
2026/10/02 22:48:12 Sent {"src":"n0","dest":"c2","body":{"in_reply_to":162,"type":"broadcast_ok"}}
2026/10/02 22:48:12 Received {c2 n0 {"type":"broadcast","message":84,"msg_id":163}}
2026/10/02 22:48:12 Sent {"src":"n0","dest":"c2","body":{"in_reply_to":163,"type":"broadcast_ok"}}
2026/10/02 22:48:13 Received {c2 n0 {"type":"broadcast","message":85,"msg_id":164}}
2026/10/02 22:48:13 Sent {"src":"n0","dest":"c2","body":{"in_reply_to":164,"type":"broadcast_ok"}}
2026/10/02 22:48:13 Received {c2 n0 {"type":"broadcast","message":86,"msg_id":165}}
2026/10/02 22:48:13 Sent {"src":"n0","dest":"c2","body":{"in_reply_to":165,"type":"broadcast_ok"}}
2026/10/02 22:48:13 Received {c2 n0 {"type":"broadcast","message":87,"msg_id":166}}
2026/10/02 22:48:13 Sent {"src":"n0","dest":"c2","body":{"in_reply_to":166,"type":"broadcast_ok"}}
2026/10/02 22:48:13 Received {c2 n0 {"type":"read","msg_id":167}}
2026/10/02 22:48:13 Sent {"src":"n0","dest":"c2","body":{"in_reply_to":167,"messages":[84,16,1,3,46,51,18,19,21,27,54,62,64,38,58,15,24,70,32,44,12,0,11,31,74,13,37,41,43,47,55,66,87,25,28,56,61,72,73,86,69,81,33,35,40,79,83,5,26,29,42,49,63,75,20,22,36,60,65,67,77,82,23,59,80,45,48,53,7,8,14,30,9,10,17,34,39,57,78,2,6,68,71,76,85,4,50,52],"type":"read_ok"}}
2026/10/02 22:48:13 Received {c2 n0 {"type":"read","msg_id":168}}
2026/10/02 22:48:13 Sent {"src":"n0","dest":"c2","body":{"in_reply_to":168,"messages":[9,10,17,34,39,57,78,2,6,68,71,76,85,4,50,52,84,16,1,3,46,51,18,19,21,27,54,62,64,38,58,15,24,70,32,44,12,0,11,31,74,13,37,41,43,47,55,66,87,25,28,56,61,72,73,86,69,81,33,35,40,79,83,5,26,29,42,49,63,75,20,22,36,60,65,67,77,82,23,59,80,45,48,53,7,8,14,30],"type":"read_ok"}}
2026/10/02 22:48:13 Received {c2 n0 {"type":"broadcast","message":88,"msg_id":169}}
2026/10/02 22:48:13 Sent {"src":"n0","dest":"c2","body":{"in_reply_to":169,"type":"broadcast_ok"}}
2026/10/02 22:48:13 Received {c2 n0 {"type":"read","msg_id":170}}
2026/10/02 22:48:13 Sent {"src":"n0","dest":"c2","body":{"in_reply_to":170,"messages":[33,35,40,79,83,5,26,29,42,49,63,75,20,22,36,60,65,67,77,82,23,59,80,45,48,53,7,8,14,30,9,10,17,34,39,57,78,2,6,68,71,76,85,88,4,50,52,84,16,1,3,46,51,18,19,21,27,54,62,64,38,58,15,24,70,32,44,12,0,11,31,74,13,37,41,43,47,55,66,87,25,28,56,61,72,73,86,69,81],"type":"read_ok"}}
2026/10/02 22:48:13 Received {c2 n0 {"type":"broadcast","message":89,"msg_id":171}}
2026/10/02 22:48:13 Sent {"src":"n0","dest":"c2","body":{"in_reply_to":171,"type":"broadcast_ok"}}
2026/10/02 22:48:13 Received {c2 n0 {"type":"broadcast","message":90,"msg_id":172}}
2026/10/02 22:48:13 Sent {"src":"n0","dest":"c2","body":{"in_reply_to":172,"type":"broadcast_ok"}}
2026/10/02 22:48:13 Received {c2 n0 {"type":"broadcast","message":91,"msg_id":173}}
2026/10/02 22:48:13 Sent {"src":"n0","dest":"c2","body":{"in_reply_to":173,"type":"broadcast_ok"}}
2026/10/02 22:48:13 Received {c2 n0 {"type":"read","msg_id":174}}
2026/10/02 22:48:13 Sent {"src":"n0","dest":"c2","body":{"in_reply_to":174,"messages":[6,68,71,76,85,88,91,4,50,52,84,16,1,3,46,51,89,18,19,21,27,54,62,64,38,58,15,24,70,32,44,12,0,11,31,74,13,37,41,43,47,55,66,87,25,28,56,61,72,73,86,90,69,81,33,35,40,79,83,5,26,29,42,49,63,75,20,22,36,60,65,67,77,82,23,59,80,45,48,53,7,8,14,30,9,10,17,34,39,57,78,2],"type":"read_ok"}}
2026/10/02 22:48:14 Received {c2 n0 {"type":"read","msg_id":175}}
2026/10/02 22:48:14 Sent {"src":"n0","dest":"c2","body":{"in_reply_to":175,"messages":[48,53,7,8,14,30,9,10,17,34,39,57,78,2,6,68,71,76,85,88,91,4,50,52,84,16,1,3,46,51,89,18,19,21,27,54,62,64,38,58,15,24,70,32,44,12,0,11,31,74,13,37,41,43,47,55,66,87,25,28,56,61,72,73,86,90,69,81,33,35,40,79,83,5,26,29,42,49,63,75,20,22,36,60,65,67,77,82,23,59,80,45],"type":"read_ok"}}
2026/10/02 22:48:14 Received {c2 n0 {"type":"read","msg_id":176}}
2026/10/02 22:48:14 Sent {"src":"n0","dest":"c2","body":{"in_reply_to":176,"messages":[31,74,13,37,41,43,47,55,66,87,25,28,56,61,72,73,86,90,69,81,33,35,40,79,83,5,26,29,42,49,63,75,20,22,36,60,65,67,77,82,23,59,80,45,48,53,7,8,14,30,9,10,17,34,39,57,78,2,6,68,71,76,85,88,91,4,50,52,84,16,1,3,46,51,89,18,19,21,27,54,62,64,38,58,15,24,70,32,44,12,0,11],"type":"read_ok"}}
2026/10/02 22:48:14 Received {c2 n0 {"type":"broadcast","message":92,"msg_id":177}}
2026/10/02 22:48:14 Sent {"src":"n0","dest":"c2","body":{"in_reply_to":177,"type":"broadcast_ok"}}
2026/10/02 22:48:14 Received {c2 n0 {"type":"broadcast","message":93,"msg_id":178}}
2026/10/02 22:48:14 Sent {"src":"n0","dest":"c2","body":{"in_reply_to":178,"type":"broadcast_ok"}}
2026/10/02 22:48:14 Received {c2 n0 {"type":"read","msg_id":179}}
2026/10/02 22:48:14 Sent {"src":"n0","dest":"c2","body":{"in_reply_to":179,"messages":[45,48,53,7,8,14,30,9,10,17,34,39,57,78,2,6,68,71,76,85,88,91,4,50,52,84,16,1,3,46,51,89,18,19,21,27,54,62,64,38,58,15,24,70,32,44,12,0,11,31,74,13,37,41,43,47,55,66,87,25,28,56,61,72,73,86,90,69,81,92,33,35,40,79,83,93,5,26,29,42,49,63,75,20,22,36,60,65,67,77,82,23,59,80],"type":"read_ok"}}
2026/10/02 22:48:14 Received {c2 n0 {"type":"read","msg_id":180}}
2026/10/02 22:48:14 Sent {"src":"n0","dest":"c2","body":{"in_reply_to":180,"messages":[63,75,20,22,36,60,65,67,77,82,23,59,80,45,48,53,7,8,14,30,9,10,17,34,39,57,78,2,6,68,71,76,85,88,91,4,50,52,84,16,1,3,46,51,89,18,19,21,27,54,62,64,38,58,15,24,70,32,44,12,0,11,31,74,13,37,41,43,47,55,66,87,25,28,56,61,72,73,86,90,69,81,92,33,35,40,79,83,93,5,26,29,42,49],"type":"read_ok"}}
2026/10/02 22:48:14 Received {c2 n0 {"type":"read","msg_id":181}}
2026/10/02 22:48:14 Sent {"src":"n0","dest":"c2","body":{"in_reply_to":181,"messages":[33,35,40,79,83,93,5,26,29,42,49,63,75,20,22,36,60,65,67,77,82,23,59,80,45,48,53,7,8,14,30,9,10,17,34,39,57,78,2,6,68,71,76,85,88,91,4,50,52,84,16,1,3,46,51,89,18,19,21,27,54,62,64,38,58,15,24,70,32,44,12,0,11,31,74,13,37,41,43,47,55,66,87,25,28,56,61,72,73,86,90,69,81,92],"type":"read_ok"}}
2026/10/02 22:48:14 Received {c2 n0 {"type":"broadcast","message":94,"msg_id":182}}
2026/10/02 22:48:14 Sent {"src":"n0","dest":"c2","body":{"in_reply_to":182,"type":"broadcast_ok"}}
2026/10/02 22:48:14 Received {c2 n0 {"type":"broadcast","message":95,"msg_id":183}}
2026/10/02 22:48:14 Sent {"src":"n0","dest":"c2","body":{"in_reply_to":183,"type":"broadcast_ok"}}
2026/10/02 22:48:14 Received {c2 n0 {"type":"read","msg_id":184}}
2026/10/02 22:48:14 Sent {"src":"n0","dest":"c2","body":{"in_reply_to":184,"messages":[13,37,41,43,47,55,66,87,25,28,56,61,72,73,86,90,69,81,92,33,35,40,79,83,93,5,26,29,42,49,63,75,20,22,36,60,65,67,77,82,23,59,80,94,45,48,53,7,8,14,30,95,9,10,17,34,39,57,78,2,6,68,71,76,85,88,91,4,50,52,84,16,1,3,46,51,89,18,19,21,27,54,62,64,38,58,15,24,70,32,44,12,0,11,31,74],"type":"read_ok"}}
2026/10/02 22:48:15 Received {c2 n0 {"type":"broadcast","message":96,"msg_id":185}}
2026/10/02 22:48:15 Sent {"src":"n0","dest":"c2","body":{"in_reply_to":185,"type":"broadcast_ok"}}
2026/10/02 22:48:15 Received {c2 n0 {"type":"broadcast","message":97,"msg_id":186}}
2026/10/02 22:48:15 Sent {"src":"n0","dest":"c2","body":{"in_reply_to":186,"type":"broadcast_ok"}}
2026/10/02 22:48:15 Received {c2 n0 {"type":"read","msg_id":187}}
2026/10/02 22:48:15 Sent {"src":"n0","dest":"c2","body":{"in_reply_to":187,"messages":[32,44,12,0,11,31,74,96,13,37,41,43,47,55,66,87,25,28,56,61,72,73,86,90,69,81,92,33,35,40,79,83,93,5,26,29,42,49,63,75,20,22,36,60,65,67,77,82,23,59,80,94,97,45,48,53,7,8,14,30,95,9,10,17,34,39,57,78,2,6,68,71,76,85,88,91,4,50,52,84,16,1,3,46,51,89,18,19,21,27,54,62,64,38,58,15,24,70],"type":"read_ok"}}
2026/10/02 22:48:15 Received {c2 n0 {"type":"read","msg_id":188}}
2026/10/02 22:48:15 Sent {"src":"n0","dest":"c2","body":{"in_reply_to":188,"messages":[45,48,53,7,8,14,30,95,9,10,17,34,39,57,78,2,6,68,71,76,85,88,91,4,50,52,84,16,1,3,46,51,89,18,19,21,27,54,62,64,38,58,15,24,70,32,44,12,0,11,31,74,96,13,37,41,43,47,55,66,87,25,28,56,61,72,73,86,90,69,81,92,33,35,40,79,83,93,5,26,29,42,49,63,75,20,22,36,60,65,67,77,82,23,59,80,94,97],"type":"read_ok"}}
2026/10/02 22:48:15 Received {c2 n0 {"type":"broadcast","message":98,"msg_id":189}}
2026/10/02 22:48:15 Sent {"src":"n0","dest":"c2","body":{"in_reply_to":189,"type":"broadcast_ok"}}
2026/10/02 22:48:15 Received {c2 n0 {"type":"broadcast","message":99,"msg_id":190}}
2026/10/02 22:48:15 Sent {"src":"n0","dest":"c2","body":{"in_reply_to":190,"type":"broadcast_ok"}}
2026/10/02 22:48:15 Received {c2 n0 {"type":"read","msg_id":191}}
2026/10/02 22:48:15 Sent {"src":"n0","dest":"c2","body":{"in_reply_to":191,"messages":[16,1,3,46,51,89,18,19,21,27,54,62,64,38,58,15,24,70,32,44,12,0,11,31,74,96,13,37,41,43,47,55,66,87,25,28,56,61,72,73,86,90,69,81,92,99,33,35,40,79,83,93,5,26,29,42,49,63,75,98,20,22,36,60,65,67,77,82,23,59,80,94,97,45,48,53,7,8,14,30,95,9,10,17,34,39,57,78,2,6,68,71,76,85,88,91,4,50,52,84],"type":"read_ok"}}
2026/10/02 22:48:25 Received {c2 n0 {"type":"read","msg_id":192}}
2026/10/02 22:48:25 Sent {"src":"n0","dest":"c2","body":{"in_reply_to":192,"messages":[16,1,3,46,51,89,18,19,21,27,54,62,64,38,58,15,24,70,32,44,12,0,11,31,74,96,13,37,41,43,47,55,66,87,25,28,56,61,72,73,86,90,69,81,92,99,33,35,40,79,83,93,5,26,29,42,49,63,75,98,20,22,36,60,65,67,77,82,23,59,80,94,97,45,48,53,7,8,14,30,95,9,10,17,34,39,57,78,2,6,68,71,76,85,88,91,4,50,52,84],"type":"read_ok"}}
