2026-10-02 11:31:19,463{GMT}	INFO	[jepsen test runner] jepsen.core: Command line:
lein run test -w echo --bin ./maelstrom-echo --node-count 1 --time-limit 10
2026-10-02 11:31:19,479{GMT}	INFO	[jepsen test runner] jepsen.core: Running test:
{:args []
 :remote
 #jepsen.control.retry.Remote{:remote #jepsen.control.scp.Remote{:cmd-remote #jepsen.control.sshj.SSHJRemote{:concurrency-limit 6,
                                                                                                             :conn-spec nil,
                                                                                                             :client nil,
                                                                                                             :semaphore nil},
                                                                 :conn-spec nil},
                              :conn nil}
 :log-net-send false
 :node-count 1
 :availability nil
 :max-txn-length 4
 :concurrency 1
 :db
 #object[maelstrom.db$db$reify__16612
         "0x26c9225a"
         "maelstrom.db$db$reify__16612@26c9225a"]
 :max-writes-per-key 16
 :leave-db-running? false
 :name "echo"
 :logging-json? false
 :start-time
 #object[org.joda.time.DateTime "0x7307e418" "2026-10-02T11:31:19.445+07:00"]
 :nemesis-interval 10
 :net
 #object[maelstrom.net$jepsen_net$reify__15721
         "0x30d5668a"
         "maelstrom.net$jepsen_net$reify__15721@30d5668a"]
 :client
 #object[maelstrom.workload.echo$client$reify__17402
         "0x2769d577"
         "maelstrom.workload.echo$client$reify__17402@2769d577"]
 :barrier
 #object[java.util.concurrent.CyclicBarrier
         "0x25297d52"
         "java.util.concurrent.CyclicBarrier@25297d52"]
 :log-stderr false
 :pure-generators true
 :ssh {:dummy? true}
 :rate 5
 :checker
 #object[jepsen.checker$compose$reify__11089
         "0x69c27acb"
         "jepsen.checker$compose$reify__11089@69c27acb"]
 :argv
 ("test"
  "-w"
  "echo"
  "--bin"
  "./maelstrom-echo"
  "--node-count"
  "1"
  "--time-limit"
  "10")
 :nemesis
 (jepsen.nemesis.ReflCompose
  {:fm {:start-partition 0,
        :stop-partition 0,
        :kill 1,
        :start 1,
        :pause 1,
        :resume 1},
   :nemeses [#unprintable "jepsen.nemesis.combined$partition_nemesis$reify__16905@72b8b04f"
             #unprintable "jepsen.nemesis.combined$db_nemesis$reify__16886@1b131102"]})
 :nodes ["n0"]
 :test-count 1
 :latency {:mean 0, :dist :constant}
 :bin "./maelstrom-echo"
 :generator
 #object[jepsen.util.Forgettable
         "0x77d5395a"
         (jepsen.generator.TimeLimit
          {:limit 10000000000,
           :cutoff nil,
           :gen (jepsen.generator.Any
                 {:gens [(jepsen.generator.OnThreads
                          {:f #{:nemesis},
                           :context-filter #object[jepsen.generator.context$make_thread_filter$lazy_filter__12077
                                                   "0x647dcc5e"
                                                   "jepsen.generator.context$make_thread_filter$lazy_filter__12077@647dcc5e"],
                           :gen nil})
                         (jepsen.generator.OnThreads
                          {:f #jepsen.generator.context.AllBut{:element :nemesis},
                           :context-filter #object[jepsen.generator.context$make_thread_filter$lazy_filter__12077
                                                   "0x5af850f1"
                                                   "jepsen.generator.context$make_thread_filter$lazy_filter__12077@5af850f1"],
                           :gen (jepsen.generator.Stagger
                                 {:dt 400000000,
                                  :next-time nil,
                                  :gen (jepsen.generator.EachThread
                                        {:fresh-gen #object[maelstrom.workload.echo$workload$fn__17421
                                                            "0x3b6f7ab3"
                                                            "maelstrom.workload.echo$workload$fn__17421@3b6f7ab3"],
                                         :context-filters #object[clojure.core$promise$reify__8621
                                                                  "0x2eab279"
                                                                  {:status :pending,
                                                                   :val nil}],
                                         :gens {}})})})]})})]
 :log-net-recv false
 :os
 #object[maelstrom.net$jepsen_os$reify__15724
         "0x87f8146"
         "maelstrom.net$jepsen_os$reify__15724@87f8146"]
 :time-limit 10
 :workload :echo
 :consistency-models [:strict-serializable]
 :topology :grid}

2026-10-02 11:31:19,987{GMT}	INFO	[jepsen node n0] maelstrom.net: Starting Maelstrom network
2026-10-02 11:31:19,987{GMT}	INFO	[jepsen test runner] jepsen.db: Tearing down DB
2026-10-02 11:31:19,988{GMT}	INFO	[jepsen test runner] jepsen.db: Setting up DB
2026-10-02 11:31:19,988{GMT}	INFO	[jepsen node n0] maelstrom.service: Starting services: (lin-kv lin-tso lww-kv seq-kv)
2026-10-02 11:31:19,989{GMT}	INFO	[jepsen node n0] maelstrom.db: Setting up n0
2026-10-02 11:31:19,990{GMT}	INFO	[jepsen node n0] maelstrom.process: launching ./maelstrom-echo []
2026-10-02 11:31:20,300{GMT}	INFO	[jepsen test runner] jepsen.core: Relative time begins now
2026-10-02 11:31:20,310{GMT}	INFO	[jepsen worker 0] jepsen.util: 0	:invoke	:echo	"Please echo 36"
2026-10-02 11:31:20,313{GMT}	INFO	[jepsen worker 0] jepsen.util: 0	:ok	:echo	{:echo "Please echo 36", :in_reply_to 1, :msg_id 1, :type "echo_ok"}
2026-10-02 11:31:20,607{GMT}	INFO	[jepsen worker 0] jepsen.util: 0	:invoke	:echo	"Please echo 94"
2026-10-02 11:31:20,609{GMT}	INFO	[jepsen worker 0] jepsen.util: 0	:ok	:echo	{:echo "Please echo 94", :in_reply_to 2, :msg_id 2, :type "echo_ok"}
2026-10-02 11:31:21,010{GMT}	INFO	[jepsen worker 0] jepsen.util: 0	:invoke	:echo	"Please echo 86"
2026-10-02 11:31:21,014{GMT}	INFO	[jepsen worker 0] jepsen.util: 0	:ok	:echo	{:echo "Please echo 86", :in_reply_to 3, :msg_id 3, :type "echo_ok"}
2026-10-02 11:31:21,231{GMT}	INFO	[jepsen worker 0] jepsen.util: 0	:invoke	:echo	"Please echo 120"
2026-10-02 11:31:21,236{GMT}	INFO	[jepsen worker 0] jepsen.util: 0	:ok	:echo	{:echo "Please echo 120", :in_reply_to 4, :msg_id 4, :type "echo_ok"}
2026-10-02 11:31:21,387{GMT}	INFO	[jepsen worker 0] jepsen.util: 0	:invoke	:echo	"Please echo 51"
2026-10-02 11:31:21,390{GMT}	INFO	[jepsen worker 0] jepsen.util: 0	:ok	:echo	{:echo "Please echo 51", :in_reply_to 5, :msg_id 5, :type "echo_ok"}
2026-10-02 11:31:21,747{GMT}	INFO	[jepsen worker 0] jepsen.util: 0	:invoke	:echo	"Please echo 53"
2026-10-02 11:31:21,751{GMT}	INFO	[jepsen worker 0] jepsen.util: 0	:ok	:echo	{:echo "Please echo 53", :in_reply_to 6, :msg_id 6, :type "echo_ok"}
2026-10-02 11:31:21,944{GMT}	INFO	[jepsen worker 0] jepsen.util: 0	:invoke	:echo	"Please echo 40"
2026-10-02 11:31:21,947{GMT}	INFO	[jepsen worker 0] jepsen.util: 0	:ok	:echo	{:echo "Please echo 40", :in_reply_to 7, :msg_id 7, :type "echo_ok"}
2026-10-02 11:31:22,019{GMT}	INFO	[jepsen worker 0] jepsen.util: 0	:invoke	:echo	"Please echo 36"
2026-10-02 11:31:22,020{GMT}	INFO	[jepsen worker 0] jepsen.util: 0	:ok	:echo	{:echo "Please echo 36", :in_reply_to 8, :msg_id 8, :type "echo_ok"}
2026-10-02 11:31:22,349{GMT}	INFO	[jepsen worker 0] jepsen.util: 0	:invoke	:echo	"Please echo 37"
2026-10-02 11:31:22,354{GMT}	INFO	[jepsen worker 0] jepsen.util: 0	:ok	:echo	{:echo "Please echo 37", :in_reply_to 9, :msg_id 9, :type "echo_ok"}
2026-10-02 11:31:22,365{GMT}	INFO	[jepsen worker 0] jepsen.util: 0	:invoke	:echo	"Please echo 24"
2026-10-02 11:31:22,367{GMT}	INFO	[jepsen worker 0] jepsen.util: 0	:ok	:echo	{:echo "Please echo 24", :in_reply_to 10, :msg_id 10, :type "echo_ok"}
2026-10-02 11:31:22,398{GMT}	INFO	[jepsen worker 0] jepsen.util: 0	:invoke	:echo	"Please echo 32"
2026-10-02 11:31:22,398{GMT}	INFO	[jepsen worker 0] jepsen.util: 0	:ok	:echo	{:echo "Please echo 32", :in_reply_to 11, :msg_id 11, :type "echo_ok"}
2026-10-02 11:31:22,534{GMT}	INFO	[jepsen worker 0] jepsen.util: 0	:invoke	:echo	"Please echo 36"
2026-10-02 11:31:22,536{GMT}	INFO	[jepsen worker 0] jepsen.util: 0	:ok	:echo	{:echo "Please echo 36", :in_reply_to 12, :msg_id 12, :type "echo_ok"}
2026-10-02 11:31:22,688{GMT}	INFO	[jepsen worker 0] jepsen.util: 0	:invoke	:echo	"Please echo 124"
2026-10-02 11:31:22,690{GMT}	INFO	[jepsen worker 0] jepsen.util: 0	:ok	:echo	{:echo "Please echo 124", :in_reply_to 13, :msg_id 13, :type "echo_ok"}
2026-10-02 11:31:22,737{GMT}	INFO	[jepsen worker 0] jepsen.util: 0	:invoke	:echo	"Please echo 52"
2026-10-02 11:31:22,738{GMT}	INFO	[jepsen worker 0] jepsen.util: 0	:ok	:echo	{:echo "Please echo 52", :in_reply_to 14, :msg_id 14, :type "echo_ok"}
2026-10-02 11:31:22,890{GMT}	INFO	[jepsen worker 0] jepsen.util: 0	:invoke	:echo	"Please echo 22"
2026-10-02 11:31:22,895{GMT}	INFO	[jepsen worker 0] jepsen.util: 0	:ok	:echo	{:echo "Please echo 22", :in_reply_to 15, :msg_id 15, :type "echo_ok"}
2026-10-02 11:31:22,950{GMT}	INFO	[jepsen worker 0] jepsen.util: 0	:invoke	:echo	"Please echo 66"
2026-10-02 11:31:22,951{GMT}	INFO	[jepsen worker 0] jepsen.util: 0	:ok	:echo	{:echo "Please echo 66", :in_reply_to 16, :msg_id 16, :type "echo_ok"}
2026-10-02 11:31:23,089{GMT}	INFO	[jepsen worker 0] jepsen.util: 0	:invoke	:echo	"Please echo 113"
2026-10-02 11:31:23,097{GMT}	INFO	[jepsen worker 0] jepsen.util: 0	:ok	:echo	{:echo "Please echo 113", :in_reply_to 17, :msg_id 17, :type "echo_ok"}
2026-10-02 11:31:23,359{GMT}	INFO	[jepsen worker 0] jepsen.util: 0	:invoke	:echo	"Please echo 45"
2026-10-02 11:31:23,362{GMT}	INFO	[jepsen worker 0] jepsen.util: 0	:ok	:echo	{:echo "Please echo 45", :in_reply_to 18, :msg_id 18, :type "echo_ok"}
2026-10-02 11:31:23,684{GMT}	INFO	[jepsen worker 0] jepsen.util: 0	:invoke	:echo	"Please echo 6"
2026-10-02 11:31:23,687{GMT}	INFO	[jepsen worker 0] jepsen.util: 0	:ok	:echo	{:echo "Please echo 6", :in_reply_to 19, :msg_id 19, :type "echo_ok"}
2026-10-02 11:31:23,976{GMT}	INFO	[jepsen worker 0] jepsen.util: 0	:invoke	:echo	"Please echo 114"
2026-10-02 11:31:23,978{GMT}	INFO	[jepsen worker 0] jepsen.util: 0	:ok	:echo	{:echo "Please echo 114", :in_reply_to 20, :msg_id 20, :type "echo_ok"}
2026-10-02 11:31:24,226{GMT}	INFO	[jepsen worker 0] jepsen.util: 0	:invoke	:echo	"Please echo 41"
2026-10-02 11:31:24,229{GMT}	INFO	[jepsen worker 0] jepsen.util: 0	:ok	:echo	{:echo "Please echo 41", :in_reply_to 21, :msg_id 21, :type "echo_ok"}
2026-10-02 11:31:24,417{GMT}	INFO	[jepsen worker 0] jepsen.util: 0	:invoke	:echo	"Please echo 65"
2026-10-02 11:31:24,422{GMT}	INFO	[jepsen worker 0] jepsen.util: 0	:ok	:echo	{:echo "Please echo 65", :in_reply_to 22, :msg_id 22, :type "echo_ok"}
2026-10-02 11:31:24,446{GMT}	INFO	[jepsen worker 0] jepsen.util: 0	:invoke	:echo	"Please echo 82"
2026-10-02 11:31:24,447{GMT}	INFO	[jepsen worker 0] jepsen.util: 0	:ok	:echo	{:echo "Please echo 82", :in_reply_to 23, :msg_id 23, :type "echo_ok"}
2026-10-02 11:31:24,782{GMT}	INFO	[jepsen worker 0] jepsen.util: 0	:invoke	:echo	"Please echo 29"
2026-10-02 11:31:24,786{GMT}	INFO	[jepsen worker 0] jepsen.util: 0	:ok	:echo	{:echo "Please echo 29", :in_reply_to 24, :msg_id 24, :type "echo_ok"}
2026-10-02 11:31:24,822{GMT}	INFO	[jepsen worker 0] jepsen.util: 0	:invoke	:echo	"Please echo 14"
2026-10-02 11:31:24,824{GMT}	INFO	[jepsen worker 0] jepsen.util: 0	:ok	:echo	{:echo "Please echo 14", :in_reply_to 25, :msg_id 25, :type "echo_ok"}
2026-10-02 11:31:25,000{GMT}	INFO	[jepsen worker 0] jepsen.util: 0	:invoke	:echo	"Please echo 77"
2026-10-02 11:31:25,005{GMT}	INFO	[jepsen worker 0] jepsen.util: 0	:ok	:echo	{:echo "Please echo 77", :in_reply_to 26, :msg_id 26, :type "echo_ok"}
2026-10-02 11:31:25,366{GMT}	INFO	[jepsen worker 0] jepsen.util: 0	:invoke	:echo	"Please echo 74"
2026-10-02 11:31:25,368{GMT}	INFO	[jepsen worker 0] jepsen.util: 0	:ok	:echo	{:echo "Please echo 74", :in_reply_to 27, :msg_id 27, :type "echo_ok"}
2026-10-02 11:31:25,483{GMT}	INFO	[jepsen worker 0] jepsen.util: 0	:invoke	:echo	"Please echo 69"
2026-10-02 11:31:25,484{GMT}	INFO	[jepsen worker 0] jepsen.util: 0	:ok	:echo	{:echo "Please echo 69", :in_reply_to 28, :msg_id 28, :type "echo_ok"}
2026-10-02 11:31:25,640{GMT}	INFO	[jepsen worker 0] jepsen.util: 0	:invoke	:echo	"Please echo 48"
2026-10-02 11:31:25,642{GMT}	INFO	[jepsen worker 0] jepsen.util: 0	:ok	:echo	{:echo "Please echo 48", :in_reply_to 29, :msg_id 29, :type "echo_ok"}
2026-10-02 11:31:25,957{GMT}	INFO	[jepsen worker 0] jepsen.util: 0	:invoke	:echo	"Please echo 77"
2026-10-02 11:31:25,958{GMT}	INFO	[jepsen worker 0] jepsen.util: 0	:ok	:echo	{:echo "Please echo 77", :in_reply_to 30, :msg_id 30, :type "echo_ok"}
2026-10-02 11:31:26,100{GMT}	INFO	[jepsen worker 0] jepsen.util: 0	:invoke	:echo	"Please echo 123"
2026-10-02 11:31:26,101{GMT}	INFO	[jepsen worker 0] jepsen.util: 0	:ok	:echo	{:echo "Please echo 123", :in_reply_to 31, :msg_id 31, :type "echo_ok"}
2026-10-02 11:31:26,412{GMT}	INFO	[jepsen worker 0] jepsen.util: 0	:invoke	:echo	"Please echo 73"
2026-10-02 11:31:26,413{GMT}	INFO	[jepsen worker 0] jepsen.util: 0	:ok	:echo	{:echo "Please echo 73", :in_reply_to 32, :msg_id 32, :type "echo_ok"}
2026-10-02 11:31:26,585{GMT}	INFO	[jepsen worker 0] jepsen.util: 0	:invoke	:echo	"Please echo 14"
2026-10-02 11:31:26,586{GMT}	INFO	[jepsen worker 0] jepsen.util: 0	:ok	:echo	{:echo "Please echo 14", :in_reply_to 33, :msg_id 33, :type "echo_ok"}
2026-10-02 11:31:26,830{GMT}	INFO	[jepsen worker 0] jepsen.util: 0	:invoke	:echo	"Please echo 11"
2026-10-02 11:31:26,833{GMT}	INFO	[jepsen worker 0] jepsen.util: 0	:ok	:echo	{:echo "Please echo 11", :in_reply_to 34, :msg_id 34, :type "echo_ok"}
2026-10-02 11:31:26,950{GMT}	INFO	[jepsen worker 0] jepsen.util: 0	:invoke	:echo	"Please echo 31"
2026-10-02 11:31:26,951{GMT}	INFO	[jepsen worker 0] jepsen.util: 0	:ok	:echo	{:echo "Please echo 31", :in_reply_to 35, :msg_id 35, :type "echo_ok"}
2026-10-02 11:31:27,108{GMT}	INFO	[jepsen worker 0] jepsen.util: 0	:invoke	:echo	"Please echo 123"
2026-10-02 11:31:27,109{GMT}	INFO	[jepsen worker 0] jepsen.util: 0	:ok	:echo	{:echo "Please echo 123", :in_reply_to 36, :msg_id 36, :type "echo_ok"}
2026-10-02 11:31:27,426{GMT}	INFO	[jepsen worker 0] jepsen.util: 0	:invoke	:echo	"Please echo 106"
2026-10-02 11:31:27,429{GMT}	INFO	[jepsen worker 0] jepsen.util: 0	:ok	:echo	{:echo "Please echo 106", :in_reply_to 37, :msg_id 37, :type "echo_ok"}
2026-10-02 11:31:27,454{GMT}	INFO	[jepsen worker 0] jepsen.util: 0	:invoke	:echo	"Please echo 88"
2026-10-02 11:31:27,455{GMT}	INFO	[jepsen worker 0] jepsen.util: 0	:ok	:echo	{:echo "Please echo 88", :in_reply_to 38, :msg_id 38, :type "echo_ok"}
2026-10-02 11:31:27,859{GMT}	INFO	[jepsen worker 0] jepsen.util: 0	:invoke	:echo	"Please echo 119"
2026-10-02 11:31:27,861{GMT}	INFO	[jepsen worker 0] jepsen.util: 0	:ok	:echo	{:echo "Please echo 119", :in_reply_to 39, :msg_id 39, :type "echo_ok"}
2026-10-02 11:31:28,050{GMT}	INFO	[jepsen worker 0] jepsen.util: 0	:invoke	:echo	"Please echo 122"
2026-10-02 11:31:28,053{GMT}	INFO	[jepsen worker 0] jepsen.util: 0	:ok	:echo	{:echo "Please echo 122", :in_reply_to 40, :msg_id 40, :type "echo_ok"}
2026-10-02 11:31:28,266{GMT}	INFO	[jepsen worker 0] jepsen.util: 0	:invoke	:echo	"Please echo 70"
2026-10-02 11:31:28,267{GMT}	INFO	[jepsen worker 0] jepsen.util: 0	:ok	:echo	{:echo "Please echo 70", :in_reply_to 41, :msg_id 41, :type "echo_ok"}
2026-10-02 11:31:28,671{GMT}	INFO	[jepsen worker 0] jepsen.util: 0	:invoke	:echo	"Please echo 80"
2026-10-02 11:31:28,672{GMT}	INFO	[jepsen worker 0] jepsen.util: 0	:ok	:echo	{:echo "Please echo 80", :in_reply_to 42, :msg_id 42, :type "echo_ok"}
2026-10-02 11:31:28,765{GMT}	INFO	[jepsen worker 0] jepsen.util: 0	:invoke	:echo	"Please echo 45"
2026-10-02 11:31:28,766{GMT}	INFO	[jepsen worker 0] jepsen.util: 0	:ok	:echo	{:echo "Please echo 45", :in_reply_to 43, :msg_id 43, :type "echo_ok"}
2026-10-02 11:31:28,917{GMT}	INFO	[jepsen worker 0] jepsen.util: 0	:invoke	:echo	"Please echo 98"
2026-10-02 11:31:28,918{GMT}	INFO	[jepsen worker 0] jepsen.util: 0	:ok	:echo	{:echo "Please echo 98", :in_reply_to 44, :msg_id 44, :type "echo_ok"}
2026-10-02 11:31:29,047{GMT}	INFO	[jepsen worker 0] jepsen.util: 0	:invoke	:echo	"Please echo 111"
2026-10-02 11:31:29,048{GMT}	INFO	[jepsen worker 0] jepsen.util: 0	:ok	:echo	{:echo "Please echo 111", :in_reply_to 45, :msg_id 45, :type "echo_ok"}
2026-10-02 11:31:29,284{GMT}	INFO	[jepsen worker 0] jepsen.util: 0	:invoke	:echo	"Please echo 54"
2026-10-02 11:31:29,285{GMT}	INFO	[jepsen worker 0] jepsen.util: 0	:ok	:echo	{:echo "Please echo 54", :in_reply_to 46, :msg_id 46, :type "echo_ok"}
2026-10-02 11:31:29,621{GMT}	INFO	[jepsen worker 0] jepsen.util: 0	:invoke	:echo	"Please echo 61"
2026-10-02 11:31:29,623{GMT}	INFO	[jepsen worker 0] jepsen.util: 0	:ok	:echo	{:echo "Please echo 61", :in_reply_to 47, :msg_id 47, :type "echo_ok"}
2026-10-02 11:31:29,677{GMT}	INFO	[jepsen worker 0] jepsen.util: 0	:invoke	:echo	"Please echo 104"
2026-10-02 11:31:29,678{GMT}	INFO	[jepsen worker 0] jepsen.util: 0	:ok	:echo	{:echo "Please echo 104", :in_reply_to 48, :msg_id 48, :type "echo_ok"}
2026-10-02 11:31:29,958{GMT}	INFO	[jepsen worker 0] jepsen.util: 0	:invoke	:echo	"Please echo 127"
2026-10-02 11:31:29,960{GMT}	INFO	[jepsen worker 0] jepsen.util: 0	:ok	:echo	{:echo "Please echo 127", :in_reply_to 49, :msg_id 49, :type "echo_ok"}
2026-10-02 11:31:30,122{GMT}	INFO	[jepsen worker 0] jepsen.util: 0	:invoke	:echo	"Please echo 44"
2026-10-02 11:31:30,124{GMT}	INFO	[jepsen worker 0] jepsen.util: 0	:ok	:echo	{:echo "Please echo 44", :in_reply_to 50, :msg_id 50, :type "echo_ok"}
2026-10-02 11:31:30,139{GMT}	INFO	[jepsen test runner] jepsen.core: Run complete, writing
2026-10-02 11:31:30,160{GMT}	INFO	[jepsen node n0] maelstrom.db: Tearing down n0
2026-10-02 11:31:32,037{GMT}	INFO	[jepsen node n0] maelstrom.net: Shutting down Maelstrom network
2026-10-02 11:31:32,038{GMT}	INFO	[jepsen test runner] jepsen.core: Analyzing...
2026-10-02 11:31:36,830{GMT}	INFO	[jepsen test runner] jepsen.core: Analysis complete
2026-10-02 11:31:36,833{GMT}	INFO	[jepsen results] jepsen.store: Wrote /Users/ryan/DATA/PARA SOURCE SYSTEM /Distributed System/Fly IO/maelstrom-echo/store/echo/20261002T113119.445+0700/results.edn
2026-10-02 11:31:36,853{GMT}	INFO	[jepsen test runner] jepsen.core: {:perf {:latency-graph {:valid? true},
        :rate-graph {:valid? true},
        :valid? true},
 :timeline {:valid? true},
 :exceptions {:valid? true},
 :stats {:valid? true,
         :count 50,
         :ok-count 50,
         :fail-count 0,
         :info-count 0,
         :by-f {:echo {:valid? true,
                       :count 50,
                       :ok-count 50,
                       :fail-count 0,
                       :info-count 0}}},
 :availability {:valid? true, :ok-fraction 1.0},
 :net {:all {:send-count 102,
             :recv-count 102,
             :msg-count 102,
             :msgs-per-op 2.04},
       :clients {:send-count 102, :recv-count 102, :msg-count 102},
       :servers {:send-count 0,
                 :recv-count 0,
                 :msg-count 0,
                 :msgs-per-op 0.0},
       :valid? true},
 :workload {:valid? true, :errors ()},
 :valid? true}


Everything looks good! ヽ(‘ー`)ノ
