2026-10-02 22:47:54,419{GMT}	INFO	[jepsen test runner] jepsen.core: Command line:
lein run test -w broadcast --bin /Users/ryan/go/bin/maelstrom-broadcast --node-count 1 --time-limit 20 --rate 10
2026-10-02 22:47:54,448{GMT}	INFO	[jepsen test runner] jepsen.core: Running test:
{:args []
 :remote
 #jepsen.control.retry.Remote{:remote #jepsen.control.scp.Remote{:cmd-remote #jepsen.control.sshj.SSHJRemote{:concurrency-limit 6,
                                                                                                             :conn-spec nil,
                                                                                                             :client nil,
                                                                                                             :semaphore nil},
                                                                 :conn-spec nil},
                              :conn nil}
 :log-net-send false
 :node-count 1
 :availability nil
 :max-txn-length 4
 :concurrency 1
 :db
 #object[maelstrom.db$db$reify__16612
         "0x711cd6f9"
         "maelstrom.db$db$reify__16612@711cd6f9"]
 :max-writes-per-key 16
 :leave-db-running? false
 :name "broadcast"
 :logging-json? false
 :start-time
 #object[org.joda.time.DateTime "0x2769d577" "2026-10-02T22:47:54.406+07:00"]
 :nemesis-interval 10
 :net
 #object[maelstrom.net$jepsen_net$reify__15721
         "0x25297d52"
         "maelstrom.net$jepsen_net$reify__15721@25297d52"]
 :client
 #object[maelstrom.workload.broadcast$client$reify__17142
         "0x69c27acb"
         "maelstrom.workload.broadcast$client$reify__17142@69c27acb"]
 :barrier
 #object[java.util.concurrent.CyclicBarrier
         "0x72b8b04f"
         "java.util.concurrent.CyclicBarrier@72b8b04f"]
 :log-stderr false
 :pure-generators true
 :ssh {:dummy? true}
 :rate 10.0
 :checker
 #object[jepsen.checker$compose$reify__11089
         "0x1b131102"
         "jepsen.checker$compose$reify__11089@1b131102"]
 :argv
 ("test"
  "-w"
  "broadcast"
  "--bin"
  "/Users/ryan/go/bin/maelstrom-broadcast"
  "--node-count"
  "1"
  "--time-limit"
  "20"
  "--rate"
  "10")
 :nemesis
 (jepsen.nemesis.ReflCompose
  {:fm {:start-partition 0,
        :stop-partition 0,
        :kill 1,
        :start 1,
        :pause 1,
        :resume 1},
   :nemeses [#unprintable "jepsen.nemesis.combined$partition_nemesis$reify__16905@75be3cdf"
             #unprintable "jepsen.nemesis.combined$db_nemesis$reify__16886@f500481"]})
 :nodes ["n0"]
 :test-count 1
 :latency {:mean 0, :dist :constant}
 :bin "/Users/ryan/go/bin/maelstrom-broadcast"
 :generator
 #object[jepsen.util.Forgettable
         "0x2381a837"
         ((jepsen.generator.Synchronize
           {:gen (jepsen.generator.TimeLimit
                  {:limit 20000000000,
                   :cutoff nil,
                   :gen (jepsen.generator.Any
                         {:gens [(jepsen.generator.OnThreads
                                  {:f #{:nemesis},
                                   :context-filter #object[jepsen.generator.context$make_thread_filter$lazy_filter__12077
                                                           "0x3b6f7ab3"
                                                           "jepsen.generator.context$make_thread_filter$lazy_filter__12077@3b6f7ab3"],
                                   :gen nil})
                                 (jepsen.generator.OnThreads
                                  {:f #jepsen.generator.context.AllBut{:element :nemesis},
                                   :context-filter #object[jepsen.generator.context$make_thread_filter$lazy_filter__12077
                                                           "0x2eab279"
                                                           "jepsen.generator.context$make_thread_filter$lazy_filter__12077@2eab279"],
                                   :gen (jepsen.generator.Stagger
                                         {:dt 200000000,
                                          :next-time nil,
                                          :gen (jepsen.generator.Mix
                                                {:i 1,
                                                 :gens [({:f :broadcast,
                                                          :value 0}
                                                         {:f :broadcast,
                                                          :value 1}
                                                         {:f :broadcast,
                                                          :value 2}
                                                         {:f :broadcast,
                                                          :value 3}
                                                         {:f :broadcast,
                                                          :value 4}
                                                         {:f :broadcast,
                                                          :value 5}
                                                         {:f :broadcast,
                                                          :value 6}
                                                         {:f :broadcast,
                                                          :value 7}
                                                         ...)
                                                        ({:f :read}
                                                         {:f :read}
                                                         {:f :read}
                                                         {:f :read}
                                                         {:f :read}
                                                         {:f :read}
                                                         {:f :read}
                                                         {:f :read}
                                                         ...)]})})})]})})})
          (jepsen.generator.Synchronize
           {:gen (jepsen.generator.OnThreads
                  {:f #{:nemesis},
                   :context-filter #object[jepsen.generator.context$make_thread_filter$lazy_filter__12077
                                           "0x10982760"
                                           "jepsen.generator.context$make_thread_filter$lazy_filter__12077@10982760"],
                   :gen ()})})
          (jepsen.generator.Synchronize
           {:gen {:type :log, :value "Waiting for recovery..."}})
          (jepsen.generator.Synchronize {:gen {:type :sleep, :value 10}})
          (jepsen.generator.Synchronize
           {:gen (jepsen.generator.OnThreads
                  {:f #jepsen.generator.context.AllBut{:element :nemesis},
                   :context-filter #object[jepsen.generator.context$make_thread_filter$lazy_filter__12077
                                           "0x50626d22"
                                           "jepsen.generator.context$make_thread_filter$lazy_filter__12077@50626d22"],
                   :gen (jepsen.generator.EachThread
                         {:fresh-gen {:f :read, :final? true},
                          :context-filters #object[clojure.core$promise$reify__8621
                                                   "0x7cc742d"
                                                   {:status :pending, :val nil}],
                          :gens {}})})}))]
 :log-net-recv false
 :os
 #object[maelstrom.net$jepsen_os$reify__15724
         "0x734db023"
         "maelstrom.net$jepsen_os$reify__15724@734db023"]
 :time-limit 20
 :workload :broadcast
 :consistency-models [:strict-serializable]
 :topology :grid}

2026-10-02 22:47:55,006{GMT}	INFO	[jepsen node n0] maelstrom.net: Starting Maelstrom network
2026-10-02 22:47:55,006{GMT}	INFO	[jepsen test runner] jepsen.db: Tearing down DB
2026-10-02 22:47:55,007{GMT}	INFO	[jepsen test runner] jepsen.db: Setting up DB
2026-10-02 22:47:55,008{GMT}	INFO	[jepsen node n0] maelstrom.service: Starting services: (lin-kv lin-tso lww-kv seq-kv)
2026-10-02 22:47:55,008{GMT}	INFO	[jepsen node n0] maelstrom.db: Setting up n0
2026-10-02 22:47:55,009{GMT}	INFO	[jepsen node n0] maelstrom.process: launching /Users/ryan/go/bin/maelstrom-broadcast []
2026-10-02 22:47:55,662{GMT}	INFO	[jepsen test runner] jepsen.core: Relative time begins now
2026-10-02 22:47:55,677{GMT}	INFO	[jepsen worker 0] jepsen.util: 0	:invoke	:read	nil
2026-10-02 22:47:55,680{GMT}	INFO	[jepsen worker 0] jepsen.util: 0	:ok	:read	[]
2026-10-02 22:47:55,848{GMT}	INFO	[jepsen worker 0] jepsen.util: 0	:invoke	:broadcast	0
2026-10-02 22:47:55,851{GMT}	INFO	[jepsen worker 0] jepsen.util: 0	:ok	:broadcast	0
2026-10-02 22:47:56,041{GMT}	INFO	[jepsen worker 0] jepsen.util: 0	:invoke	:broadcast	1
2026-10-02 22:47:56,044{GMT}	INFO	[jepsen worker 0] jepsen.util: 0	:ok	:broadcast	1
2026-10-02 22:47:56,177{GMT}	INFO	[jepsen worker 0] jepsen.util: 0	:invoke	:broadcast	2
2026-10-02 22:47:56,180{GMT}	INFO	[jepsen worker 0] jepsen.util: 0	:ok	:broadcast	2
2026-10-02 22:47:56,303{GMT}	INFO	[jepsen worker 0] jepsen.util: 0	:invoke	:broadcast	3
2026-10-02 22:47:56,306{GMT}	INFO	[jepsen worker 0] jepsen.util: 0	:ok	:broadcast	3
2026-10-02 22:47:56,364{GMT}	INFO	[jepsen worker 0] jepsen.util: 0	:invoke	:broadcast	4
2026-10-02 22:47:56,367{GMT}	INFO	[jepsen worker 0] jepsen.util: 0	:ok	:broadcast	4
2026-10-02 22:47:56,552{GMT}	INFO	[jepsen worker 0] jepsen.util: 0	:invoke	:read	nil
2026-10-02 22:47:56,555{GMT}	INFO	[jepsen worker 0] jepsen.util: 0	:ok	:read	[4 0 1 2 3]
2026-10-02 22:47:56,727{GMT}	INFO	[jepsen worker 0] jepsen.util: 0	:invoke	:read	nil
2026-10-02 22:47:56,729{GMT}	INFO	[jepsen worker 0] jepsen.util: 0	:ok	:read	[0 1 2 3 4]
2026-10-02 22:47:56,916{GMT}	INFO	[jepsen worker 0] jepsen.util: 0	:invoke	:broadcast	5
2026-10-02 22:47:56,918{GMT}	INFO	[jepsen worker 0] jepsen.util: 0	:ok	:broadcast	5
2026-10-02 22:47:56,944{GMT}	INFO	[jepsen worker 0] jepsen.util: 0	:invoke	:broadcast	6
2026-10-02 22:47:56,946{GMT}	INFO	[jepsen worker 0] jepsen.util: 0	:ok	:broadcast	6
2026-10-02 22:47:56,984{GMT}	INFO	[jepsen worker 0] jepsen.util: 0	:invoke	:read	nil
2026-10-02 22:47:56,987{GMT}	INFO	[jepsen worker 0] jepsen.util: 0	:ok	:read	[2 3 4 5 6 0 1]
2026-10-02 22:47:57,059{GMT}	INFO	[jepsen worker 0] jepsen.util: 0	:invoke	:broadcast	7
2026-10-02 22:47:57,062{GMT}	INFO	[jepsen worker 0] jepsen.util: 0	:ok	:broadcast	7
2026-10-02 22:47:57,172{GMT}	INFO	[jepsen worker 0] jepsen.util: 0	:invoke	:broadcast	8
2026-10-02 22:47:57,175{GMT}	INFO	[jepsen worker 0] jepsen.util: 0	:ok	:broadcast	8
2026-10-02 22:47:57,259{GMT}	INFO	[jepsen worker 0] jepsen.util: 0	:invoke	:broadcast	9
2026-10-02 22:47:57,262{GMT}	INFO	[jepsen worker 0] jepsen.util: 0	:ok	:broadcast	9
2026-10-02 22:47:57,364{GMT}	INFO	[jepsen worker 0] jepsen.util: 0	:invoke	:broadcast	10
2026-10-02 22:47:57,367{GMT}	INFO	[jepsen worker 0] jepsen.util: 0	:ok	:broadcast	10
2026-10-02 22:47:57,414{GMT}	INFO	[jepsen worker 0] jepsen.util: 0	:invoke	:broadcast	11
2026-10-02 22:47:57,415{GMT}	INFO	[jepsen worker 0] jepsen.util: 0	:ok	:broadcast	11
2026-10-02 22:47:57,436{GMT}	INFO	[jepsen worker 0] jepsen.util: 0	:invoke	:broadcast	12
2026-10-02 22:47:57,438{GMT}	INFO	[jepsen worker 0] jepsen.util: 0	:ok	:broadcast	12
2026-10-02 22:47:57,574{GMT}	INFO	[jepsen worker 0] jepsen.util: 0	:invoke	:read	nil
2026-10-02 22:47:57,575{GMT}	INFO	[jepsen worker 0] jepsen.util: 0	:ok	:read	[7 8 11 4 5 9 10 12 0 1 2 3 6]
2026-10-02 22:47:57,750{GMT}	INFO	[jepsen worker 0] jepsen.util: 0	:invoke	:broadcast	13
2026-10-02 22:47:57,753{GMT}	INFO	[jepsen worker 0] jepsen.util: 0	:ok	:broadcast	13
2026-10-02 22:47:57,899{GMT}	INFO	[jepsen worker 0] jepsen.util: 0	:invoke	:read	nil
2026-10-02 22:47:57,903{GMT}	INFO	[jepsen worker 0] jepsen.util: 0	:ok	:read	[6 7 8 11 4 5 9 10 12 13 0 1 2 3]
2026-10-02 22:47:57,997{GMT}	INFO	[jepsen worker 0] jepsen.util: 0	:invoke	:read	nil
2026-10-02 22:47:58,002{GMT}	INFO	[jepsen worker 0] jepsen.util: 0	:ok	:read	[7 8 11 4 5 9 10 12 13 0 1 2 3 6]
2026-10-02 22:47:58,044{GMT}	INFO	[jepsen worker 0] jepsen.util: 0	:invoke	:read	nil
2026-10-02 22:47:58,047{GMT}	INFO	[jepsen worker 0] jepsen.util: 0	:ok	:read	[8 11 4 5 9 10 12 13 0 1 2 3 6 7]
2026-10-02 22:47:58,128{GMT}	INFO	[jepsen worker 0] jepsen.util: 0	:invoke	:broadcast	14
2026-10-02 22:47:58,131{GMT}	INFO	[jepsen worker 0] jepsen.util: 0	:ok	:broadcast	14
2026-10-02 22:47:58,143{GMT}	INFO	[jepsen worker 0] jepsen.util: 0	:invoke	:read	nil
2026-10-02 22:47:58,145{GMT}	INFO	[jepsen worker 0] jepsen.util: 0	:ok	:read	[11 14 5 9 10 13 2 6 4 12 0 1 3 7 8]
2026-10-02 22:47:58,244{GMT}	INFO	[jepsen worker 0] jepsen.util: 0	:invoke	:broadcast	15
2026-10-02 22:47:58,247{GMT}	INFO	[jepsen worker 0] jepsen.util: 0	:ok	:broadcast	15
2026-10-02 22:47:58,395{GMT}	INFO	[jepsen worker 0] jepsen.util: 0	:invoke	:broadcast	16
2026-10-02 22:47:58,398{GMT}	INFO	[jepsen worker 0] jepsen.util: 0	:ok	:broadcast	16
2026-10-02 22:47:58,448{GMT}	INFO	[jepsen worker 0] jepsen.util: 0	:invoke	:broadcast	17
2026-10-02 22:47:58,450{GMT}	INFO	[jepsen worker 0] jepsen.util: 0	:ok	:broadcast	17
2026-10-02 22:47:58,619{GMT}	INFO	[jepsen worker 0] jepsen.util: 0	:invoke	:broadcast	18
2026-10-02 22:47:58,622{GMT}	INFO	[jepsen worker 0] jepsen.util: 0	:ok	:broadcast	18
2026-10-02 22:47:58,680{GMT}	INFO	[jepsen worker 0] jepsen.util: 0	:invoke	:broadcast	19
2026-10-02 22:47:58,683{GMT}	INFO	[jepsen worker 0] jepsen.util: 0	:ok	:broadcast	19
2026-10-02 22:47:58,882{GMT}	INFO	[jepsen worker 0] jepsen.util: 0	:invoke	:read	nil
2026-10-02 22:47:58,885{GMT}	INFO	[jepsen worker 0] jepsen.util: 0	:ok	:read	[17 18 19 2 6 4 15 12 0 1 3 7 8 11 14 5 9 10 13 16]
2026-10-02 22:47:58,924{GMT}	INFO	[jepsen worker 0] jepsen.util: 0	:invoke	:read	nil
2026-10-02 22:47:58,927{GMT}	INFO	[jepsen worker 0] jepsen.util: 0	:ok	:read	[14 5 9 10 13 16 17 18 19 2 6 4 15 12 0 1 3 7 8 11]
2026-10-02 22:47:59,119{GMT}	INFO	[jepsen worker 0] jepsen.util: 0	:invoke	:broadcast	20
2026-10-02 22:47:59,123{GMT}	INFO	[jepsen worker 0] jepsen.util: 0	:ok	:broadcast	20
2026-10-02 22:47:59,295{GMT}	INFO	[jepsen worker 0] jepsen.util: 0	:invoke	:broadcast	21
2026-10-02 22:47:59,297{GMT}	INFO	[jepsen worker 0] jepsen.util: 0	:ok	:broadcast	21
2026-10-02 22:47:59,413{GMT}	INFO	[jepsen worker 0] jepsen.util: 0	:invoke	:broadcast	22
2026-10-02 22:47:59,413{GMT}	INFO	[jepsen worker 0] jepsen.util: 0	:ok	:broadcast	22
2026-10-02 22:47:59,599{GMT}	INFO	[jepsen worker 0] jepsen.util: 0	:invoke	:read	nil
2026-10-02 22:47:59,600{GMT}	INFO	[jepsen worker 0] jepsen.util: 0	:ok	:read	[22 4 15 12 0 1 3 7 8 11 14 5 9 10 13 16 17 18 19 2 6 20 21]
2026-10-02 22:47:59,730{GMT}	INFO	[jepsen worker 0] jepsen.util: 0	:invoke	:read	nil
2026-10-02 22:47:59,732{GMT}	INFO	[jepsen worker 0] jepsen.util: 0	:ok	:read	[12 0 1 3 7 8 11 14 5 9 10 13 16 17 18 19 2 6 20 21 22 4 15]
2026-10-02 22:47:59,770{GMT}	INFO	[jepsen worker 0] jepsen.util: 0	:invoke	:read	nil
2026-10-02 22:47:59,772{GMT}	INFO	[jepsen worker 0] jepsen.util: 0	:ok	:read	[12 0 1 3 7 8 11 14 5 9 10 13 16 17 18 19 2 6 20 21 22 4 15]
2026-10-02 22:47:59,925{GMT}	INFO	[jepsen worker 0] jepsen.util: 0	:invoke	:broadcast	23
2026-10-02 22:47:59,927{GMT}	INFO	[jepsen worker 0] jepsen.util: 0	:ok	:broadcast	23
2026-10-02 22:47:59,941{GMT}	INFO	[jepsen worker 0] jepsen.util: 0	:invoke	:broadcast	24
2026-10-02 22:47:59,942{GMT}	INFO	[jepsen worker 0] jepsen.util: 0	:ok	:broadcast	24
2026-10-02 22:48:00,100{GMT}	INFO	[jepsen worker 0] jepsen.util: 0	:invoke	:read	nil
2026-10-02 22:48:00,103{GMT}	INFO	[jepsen worker 0] jepsen.util: 0	:ok	:read	[4 15 23 24 12 0 1 3 7 8 11 14 5 9 10 13 16 17 18 19 2 6 20 21 22]
2026-10-02 22:48:00,288{GMT}	INFO	[jepsen worker 0] jepsen.util: 0	:invoke	:read	nil
2026-10-02 22:48:00,291{GMT}	INFO	[jepsen worker 0] jepsen.util: 0	:ok	:read	[4 15 23 24 12 0 1 3 7 8 11 14 5 9 10 13 16 17 18 19 2 6 20 21 22]
2026-10-02 22:48:00,443{GMT}	INFO	[jepsen worker 0] jepsen.util: 0	:invoke	:broadcast	25
2026-10-02 22:48:00,444{GMT}	INFO	[jepsen worker 0] jepsen.util: 0	:ok	:broadcast	25
2026-10-02 22:48:00,586{GMT}	INFO	[jepsen worker 0] jepsen.util: 0	:invoke	:read	nil
2026-10-02 22:48:00,589{GMT}	INFO	[jepsen worker 0] jepsen.util: 0	:ok	:read	[17 18 19 2 6 20 21 22 25 4 15 23 24 12 0 1 3 7 8 11 14 5 9 10 13 16]
2026-10-02 22:48:00,672{GMT}	INFO	[jepsen worker 0] jepsen.util: 0	:invoke	:read	nil
2026-10-02 22:48:00,674{GMT}	INFO	[jepsen worker 0] jepsen.util: 0	:ok	:read	[9 10 13 16 17 18 19 2 6 20 21 22 25 4 15 23 24 12 0 1 3 7 8 11 14 5]
2026-10-02 22:48:00,858{GMT}	INFO	[jepsen worker 0] jepsen.util: 0	:invoke	:read	nil
2026-10-02 22:48:00,860{GMT}	INFO	[jepsen worker 0] jepsen.util: 0	:ok	:read	[15 23 24 12 0 1 3 7 8 11 14 5 9 10 13 16 17 18 19 2 6 20 21 22 25 4]
2026-10-02 22:48:01,039{GMT}	INFO	[jepsen worker 0] jepsen.util: 0	:invoke	:read	nil
2026-10-02 22:48:01,040{GMT}	INFO	[jepsen worker 0] jepsen.util: 0	:ok	:read	[20 21 22 25 4 15 23 24 12 0 1 3 7 8 11 14 5 9 10 13 16 17 18 19 2 6]
2026-10-02 22:48:01,131{GMT}	INFO	[jepsen worker 0] jepsen.util: 0	:invoke	:read	nil
2026-10-02 22:48:01,133{GMT}	INFO	[jepsen worker 0] jepsen.util: 0	:ok	:read	[18 19 2 6 20 21 22 25 4 15 23 24 12 0 1 3 7 8 11 14 5 9 10 13 16 17]
2026-10-02 22:48:01,156{GMT}	INFO	[jepsen worker 0] jepsen.util: 0	:invoke	:read	nil
2026-10-02 22:48:01,158{GMT}	INFO	[jepsen worker 0] jepsen.util: 0	:ok	:read	[2 6 20 21 22 25 4 15 23 24 12 0 1 3 7 8 11 14 5 9 10 13 16 17 18 19]
2026-10-02 22:48:01,313{GMT}	INFO	[jepsen worker 0] jepsen.util: 0	:invoke	:broadcast	26
2026-10-02 22:48:01,316{GMT}	INFO	[jepsen worker 0] jepsen.util: 0	:ok	:broadcast	26
2026-10-02 22:48:01,378{GMT}	INFO	[jepsen worker 0] jepsen.util: 0	:invoke	:read	nil
2026-10-02 22:48:01,381{GMT}	INFO	[jepsen worker 0] jepsen.util: 0	:ok	:read	[1 3 7 8 11 14 5 9 10 13 16 17 18 19 2 6 20 21 22 25 26 4 15 23 24 12 0]
2026-10-02 22:48:01,559{GMT}	INFO	[jepsen worker 0] jepsen.util: 0	:invoke	:broadcast	27
2026-10-02 22:48:01,561{GMT}	INFO	[jepsen worker 0] jepsen.util: 0	:ok	:broadcast	27
2026-10-02 22:48:01,587{GMT}	INFO	[jepsen worker 0] jepsen.util: 0	:invoke	:broadcast	28
2026-10-02 22:48:01,589{GMT}	INFO	[jepsen worker 0] jepsen.util: 0	:ok	:broadcast	28
2026-10-02 22:48:01,791{GMT}	INFO	[jepsen worker 0] jepsen.util: 0	:invoke	:read	nil
2026-10-02 22:48:01,794{GMT}	INFO	[jepsen worker 0] jepsen.util: 0	:ok	:read	[8 11 14 9 10 13 17 2 6 25 28 4 16 1 3 5 18 19 21 26 27 20 22 15 23 24 12 0 7]
2026-10-02 22:48:01,916{GMT}	INFO	[jepsen worker 0] jepsen.util: 0	:invoke	:read	nil
2026-10-02 22:48:01,919{GMT}	INFO	[jepsen worker 0] jepsen.util: 0	:ok	:read	[21 26 27 20 22 15 23 24 12 0 7 8 11 14 9 10 13 17 2 6 25 28 4 16 1 3 5 18 19]
2026-10-02 22:48:01,919{GMT}	INFO	[jepsen worker 0] jepsen.util: 0	:invoke	:read	nil
2026-10-02 22:48:01,920{GMT}	INFO	[jepsen worker 0] jepsen.util: 0	:ok	:read	[17 2 6 25 28 4 16 1 3 5 18 19 21 26 27 20 22 15 23 24 12 0 7 8 11 14 9 10 13]
2026-10-02 22:48:02,093{GMT}	INFO	[jepsen worker 0] jepsen.util: 0	:invoke	:broadcast	29
2026-10-02 22:48:02,096{GMT}	INFO	[jepsen worker 0] jepsen.util: 0	:ok	:broadcast	29
2026-10-02 22:48:02,194{GMT}	INFO	[jepsen worker 0] jepsen.util: 0	:invoke	:read	nil
2026-10-02 22:48:02,197{GMT}	INFO	[jepsen worker 0] jepsen.util: 0	:ok	:read	[4 16 1 3 5 18 19 21 26 27 29 20 22 15 23 24 12 0 7 8 11 14 9 10 13 17 2 6 25 28]
2026-10-02 22:48:02,373{GMT}	INFO	[jepsen worker 0] jepsen.util: 0	:invoke	:read	nil
2026-10-02 22:48:02,376{GMT}	INFO	[jepsen worker 0] jepsen.util: 0	:ok	:read	[12 0 7 8 11 14 9 10 13 17 2 6 25 28 4 16 1 3 5 18 19 21 26 27 29 20 22 15 23 24]
2026-10-02 22:48:02,406{GMT}	INFO	[jepsen worker 0] jepsen.util: 0	:invoke	:broadcast	30
2026-10-02 22:48:02,407{GMT}	INFO	[jepsen worker 0] jepsen.util: 0	:ok	:broadcast	30
2026-10-02 22:48:02,531{GMT}	INFO	[jepsen worker 0] jepsen.util: 0	:invoke	:broadcast	31
2026-10-02 22:48:02,533{GMT}	INFO	[jepsen worker 0] jepsen.util: 0	:ok	:broadcast	31
2026-10-02 22:48:02,723{GMT}	INFO	[jepsen worker 0] jepsen.util: 0	:invoke	:broadcast	32
2026-10-02 22:48:02,725{GMT}	INFO	[jepsen worker 0] jepsen.util: 0	:ok	:broadcast	32
2026-10-02 22:48:02,906{GMT}	INFO	[jepsen worker 0] jepsen.util: 0	:invoke	:broadcast	33
2026-10-02 22:48:02,909{GMT}	INFO	[jepsen worker 0] jepsen.util: 0	:ok	:broadcast	33
2026-10-02 22:48:03,054{GMT}	INFO	[jepsen worker 0] jepsen.util: 0	:invoke	:broadcast	34
2026-10-02 22:48:03,056{GMT}	INFO	[jepsen worker 0] jepsen.util: 0	:ok	:broadcast	34
2026-10-02 22:48:03,214{GMT}	INFO	[jepsen worker 0] jepsen.util: 0	:invoke	:broadcast	35
2026-10-02 22:48:03,217{GMT}	INFO	[jepsen worker 0] jepsen.util: 0	:ok	:broadcast	35
2026-10-02 22:48:03,406{GMT}	INFO	[jepsen worker 0] jepsen.util: 0	:invoke	:broadcast	36
2026-10-02 22:48:03,408{GMT}	INFO	[jepsen worker 0] jepsen.util: 0	:ok	:broadcast	36
2026-10-02 22:48:03,593{GMT}	INFO	[jepsen worker 0] jepsen.util: 0	:invoke	:broadcast	37
2026-10-02 22:48:03,595{GMT}	INFO	[jepsen worker 0] jepsen.util: 0	:ok	:broadcast	37
2026-10-02 22:48:03,683{GMT}	INFO	[jepsen worker 0] jepsen.util: 0	:invoke	:broadcast	38
2026-10-02 22:48:03,685{GMT}	INFO	[jepsen worker 0] jepsen.util: 0	:ok	:broadcast	38
2026-10-02 22:48:03,755{GMT}	INFO	[jepsen worker 0] jepsen.util: 0	:invoke	:read	nil
2026-10-02 22:48:03,759{GMT}	INFO	[jepsen worker 0] jepsen.util: 0	:ok	:read	[37 2 6 25 28 4 16 1 3 33 35 5 18 19 21 26 27 29 20 22 36 38 15 23 24 12 0 7 8 11 14 30 31 9 10 13 17 32 34]
2026-10-02 22:48:03,825{GMT}	INFO	[jepsen worker 0] jepsen.util: 0	:invoke	:read	nil
2026-10-02 22:48:03,826{GMT}	INFO	[jepsen worker 0] jepsen.util: 0	:ok	:read	[16 1 3 33 35 5 18 19 21 26 27 29 20 22 36 38 15 23 24 12 0 7 8 11 14 30 31 9 10 13 17 32 34 37 2 6 25 28 4]
2026-10-02 22:48:04,010{GMT}	INFO	[jepsen worker 0] jepsen.util: 0	:invoke	:broadcast	39
2026-10-02 22:48:04,013{GMT}	INFO	[jepsen worker 0] jepsen.util: 0	:ok	:broadcast	39
2026-10-02 22:48:04,128{GMT}	INFO	[jepsen worker 0] jepsen.util: 0	:invoke	:broadcast	40
2026-10-02 22:48:04,131{GMT}	INFO	[jepsen worker 0] jepsen.util: 0	:ok	:broadcast	40
2026-10-02 22:48:04,167{GMT}	INFO	[jepsen worker 0] jepsen.util: 0	:invoke	:broadcast	41
2026-10-02 22:48:04,169{GMT}	INFO	[jepsen worker 0] jepsen.util: 0	:ok	:broadcast	41
2026-10-02 22:48:04,249{GMT}	INFO	[jepsen worker 0] jepsen.util: 0	:invoke	:read	nil
2026-10-02 22:48:04,252{GMT}	INFO	[jepsen worker 0] jepsen.util: 0	:ok	:read	[0 7 8 11 14 30 31 9 10 13 17 32 34 37 39 2 6 25 28 41 4 16 1 3 33 35 40 5 18 19 21 26 27 29 20 22 36 38 15 23 24 12]
2026-10-02 22:48:04,448{GMT}	INFO	[jepsen worker 0] jepsen.util: 0	:invoke	:broadcast	42
2026-10-02 22:48:04,450{GMT}	INFO	[jepsen worker 0] jepsen.util: 0	:ok	:broadcast	42
2026-10-02 22:48:04,529{GMT}	INFO	[jepsen worker 0] jepsen.util: 0	:invoke	:read	nil
2026-10-02 22:48:04,531{GMT}	INFO	[jepsen worker 0] jepsen.util: 0	:ok	:read	[12 0 7 8 11 14 30 31 9 10 13 17 32 34 37 39 2 6 25 28 41 4 16 1 3 33 35 40 5 18 19 21 26 27 29 42 20 22 36 38 15 23 24]
2026-10-02 22:48:04,537{GMT}	INFO	[jepsen worker 0] jepsen.util: 0	:invoke	:broadcast	43
2026-10-02 22:48:04,539{GMT}	INFO	[jepsen worker 0] jepsen.util: 0	:ok	:broadcast	43
2026-10-02 22:48:04,589{GMT}	INFO	[jepsen worker 0] jepsen.util: 0	:invoke	:read	nil
2026-10-02 22:48:04,591{GMT}	INFO	[jepsen worker 0] jepsen.util: 0	:ok	:read	[42 20 22 36 38 15 23 24 12 0 7 8 11 14 30 31 9 10 13 17 32 34 37 39 2 6 25 28 41 43 4 16 1 3 33 35 40 5 18 19 21 26 27 29]
2026-10-02 22:48:04,643{GMT}	INFO	[jepsen worker 0] jepsen.util: 0	:invoke	:read	nil
2026-10-02 22:48:04,645{GMT}	INFO	[jepsen worker 0] jepsen.util: 0	:ok	:read	[15 23 24 12 0 7 8 11 14 30 31 9 10 13 17 32 34 37 39 2 6 25 28 41 43 4 16 1 3 33 35 40 5 18 19 21 26 27 29 42 20 22 36 38]
2026-10-02 22:48:04,716{GMT}	INFO	[jepsen worker 0] jepsen.util: 0	:invoke	:broadcast	44
2026-10-02 22:48:04,719{GMT}	INFO	[jepsen worker 0] jepsen.util: 0	:ok	:broadcast	44
2026-10-02 22:48:04,862{GMT}	INFO	[jepsen worker 0] jepsen.util: 0	:invoke	:broadcast	45
2026-10-02 22:48:04,863{GMT}	INFO	[jepsen worker 0] jepsen.util: 0	:ok	:broadcast	45
2026-10-02 22:48:04,914{GMT}	INFO	[jepsen worker 0] jepsen.util: 0	:invoke	:broadcast	46
2026-10-02 22:48:04,915{GMT}	INFO	[jepsen worker 0] jepsen.util: 0	:ok	:broadcast	46
2026-10-02 22:48:04,995{GMT}	INFO	[jepsen worker 0] jepsen.util: 0	:invoke	:broadcast	47
2026-10-02 22:48:04,998{GMT}	INFO	[jepsen worker 0] jepsen.util: 0	:ok	:broadcast	47
2026-10-02 22:48:05,060{GMT}	INFO	[jepsen worker 0] jepsen.util: 0	:invoke	:read	nil
2026-10-02 22:48:05,062{GMT}	INFO	[jepsen worker 0] jepsen.util: 0	:ok	:read	[27 29 42 20 22 36 38 15 23 24 12 0 7 8 11 14 30 31 9 10 13 17 32 34 37 39 2 6 25 28 41 43 47 4 44 45 16 1 3 33 35 40 46 5 18 19 21 26]
2026-10-02 22:48:05,165{GMT}	INFO	[jepsen worker 0] jepsen.util: 0	:invoke	:broadcast	48
2026-10-02 22:48:05,168{GMT}	INFO	[jepsen worker 0] jepsen.util: 0	:ok	:broadcast	48
2026-10-02 22:48:05,191{GMT}	INFO	[jepsen worker 0] jepsen.util: 0	:invoke	:read	nil
2026-10-02 22:48:05,193{GMT}	INFO	[jepsen worker 0] jepsen.util: 0	:ok	:read	[44 45 48 16 1 3 33 35 40 46 5 18 19 21 26 27 29 42 20 22 36 38 15 23 24 12 0 7 8 11 14 30 31 9 10 13 17 32 34 37 39 2 6 25 28 41 43 47 4]
2026-10-02 22:48:05,201{GMT}	INFO	[jepsen worker 0] jepsen.util: 0	:invoke	:read	nil
2026-10-02 22:48:05,202{GMT}	INFO	[jepsen worker 0] jepsen.util: 0	:ok	:read	[15 23 24 12 0 7 8 11 14 30 31 9 10 13 17 32 34 37 39 2 6 25 28 41 43 47 4 44 45 48 16 1 3 33 35 40 46 5 18 19 21 26 27 29 42 20 22 36 38]
2026-10-02 22:48:05,328{GMT}	INFO	[jepsen worker 0] jepsen.util: 0	:invoke	:broadcast	49
2026-10-02 22:48:05,330{GMT}	INFO	[jepsen worker 0] jepsen.util: 0	:ok	:broadcast	49
2026-10-02 22:48:05,352{GMT}	INFO	[jepsen worker 0] jepsen.util: 0	:invoke	:broadcast	50
2026-10-02 22:48:05,354{GMT}	INFO	[jepsen worker 0] jepsen.util: 0	:ok	:broadcast	50
2026-10-02 22:48:05,479{GMT}	INFO	[jepsen worker 0] jepsen.util: 0	:invoke	:read	nil
2026-10-02 22:48:05,482{GMT}	INFO	[jepsen worker 0] jepsen.util: 0	:ok	:read	[43 47 4 44 45 48 50 16 1 3 33 35 40 46 5 18 19 21 26 27 29 42 20 22 36 38 49 15 23 24 12 0 7 8 11 14 30 31 9 10 13 17 32 34 37 39 2 6 25 28 41]
2026-10-02 22:48:05,528{GMT}	INFO	[jepsen worker 0] jepsen.util: 0	:invoke	:broadcast	51
2026-10-02 22:48:05,530{GMT}	INFO	[jepsen worker 0] jepsen.util: 0	:ok	:broadcast	51
2026-10-02 22:48:05,663{GMT}	INFO	[jepsen worker 0] jepsen.util: 0	:invoke	:broadcast	52
2026-10-02 22:48:05,664{GMT}	INFO	[jepsen worker 0] jepsen.util: 0	:ok	:broadcast	52
2026-10-02 22:48:05,809{GMT}	INFO	[jepsen worker 0] jepsen.util: 0	:invoke	:read	nil
2026-10-02 22:48:05,810{GMT}	INFO	[jepsen worker 0] jepsen.util: 0	:ok	:read	[12 0 7 8 11 14 30 31 9 10 13 17 32 34 37 39 2 6 25 28 41 43 47 4 44 45 48 50 52 16 1 3 33 35 40 46 51 5 18 19 21 26 27 29 42 20 22 36 38 49 15 23 24]
2026-10-02 22:48:05,999{GMT}	INFO	[jepsen worker 0] jepsen.util: 0	:invoke	:broadcast	53
2026-10-02 22:48:06,002{GMT}	INFO	[jepsen worker 0] jepsen.util: 0	:ok	:broadcast	53
2026-10-02 22:48:06,199{GMT}	INFO	[jepsen worker 0] jepsen.util: 0	:invoke	:read	nil
2026-10-02 22:48:06,202{GMT}	INFO	[jepsen worker 0] jepsen.util: 0	:ok	:read	[24 12 0 7 8 11 14 30 31 9 10 13 17 32 34 37 39 2 6 25 28 41 43 47 4 44 45 48 50 52 53 16 1 3 33 35 40 46 51 5 18 19 21 26 27 29 42 20 22 36 38 49 15 23]
2026-10-02 22:48:06,303{GMT}	INFO	[jepsen worker 0] jepsen.util: 0	:invoke	:read	nil
2026-10-02 22:48:06,304{GMT}	INFO	[jepsen worker 0] jepsen.util: 0	:ok	:read	[19 21 26 27 29 42 20 22 36 38 49 15 23 24 12 0 7 8 11 14 30 31 9 10 13 17 32 34 37 39 2 6 25 28 41 43 47 4 44 45 48 50 52 53 16 1 3 33 35 40 46 51 5 18]
2026-10-02 22:48:06,323{GMT}	INFO	[jepsen worker 0] jepsen.util: 0	:invoke	:broadcast	54
2026-10-02 22:48:06,325{GMT}	INFO	[jepsen worker 0] jepsen.util: 0	:ok	:broadcast	54
2026-10-02 22:48:06,497{GMT}	INFO	[jepsen worker 0] jepsen.util: 0	:invoke	:broadcast	55
2026-10-02 22:48:06,500{GMT}	INFO	[jepsen worker 0] jepsen.util: 0	:ok	:broadcast	55
2026-10-02 22:48:06,601{GMT}	INFO	[jepsen worker 0] jepsen.util: 0	:invoke	:read	nil
2026-10-02 22:48:06,603{GMT}	INFO	[jepsen worker 0] jepsen.util: 0	:ok	:read	[22 36 38 49 54 15 23 24 12 0 7 8 11 14 30 31 9 10 13 17 32 34 37 39 2 6 25 28 41 43 47 55 4 44 45 48 50 52 53 16 1 3 33 35 40 46 51 5 18 19 21 26 27 29 42 20]
2026-10-02 22:48:06,650{GMT}	INFO	[jepsen worker 0] jepsen.util: 0	:invoke	:read	nil
2026-10-02 22:48:06,651{GMT}	INFO	[jepsen worker 0] jepsen.util: 0	:ok	:read	[26 27 29 42 20 22 36 38 49 54 15 23 24 12 0 7 8 11 14 30 31 9 10 13 17 32 34 37 39 2 6 25 28 41 43 47 55 4 44 45 48 50 52 53 16 1 3 33 35 40 46 51 5 18 19 21]
2026-10-02 22:48:06,803{GMT}	INFO	[jepsen worker 0] jepsen.util: 0	:invoke	:broadcast	56
2026-10-02 22:48:06,805{GMT}	INFO	[jepsen worker 0] jepsen.util: 0	:ok	:broadcast	56
2026-10-02 22:48:06,806{GMT}	INFO	[jepsen worker 0] jepsen.util: 0	:invoke	:read	nil
2026-10-02 22:48:06,807{GMT}	INFO	[jepsen worker 0] jepsen.util: 0	:ok	:read	[46 51 18 19 21 27 54 38 15 24 32 44 12 0 11 31 13 37 41 43 47 55 25 28 56 33 35 40 5 26 29 42 49 20 22 36 23 45 48 53 7 8 14 30 9 10 17 34 39 2 6 4 50 52 16 1 3]
2026-10-02 22:48:06,889{GMT}	INFO	[jepsen worker 0] jepsen.util: 0	:invoke	:read	nil
2026-10-02 22:48:06,891{GMT}	INFO	[jepsen worker 0] jepsen.util: 0	:ok	:read	[32 44 12 0 11 31 13 37 41 43 47 55 25 28 56 33 35 40 5 26 29 42 49 20 22 36 23 45 48 53 7 8 14 30 9 10 17 34 39 2 6 4 50 52 16 1 3 46 51 18 19 21 27 54 38 15 24]
2026-10-02 22:48:07,031{GMT}	INFO	[jepsen worker 0] jepsen.util: 0	:invoke	:read	nil
2026-10-02 22:48:07,032{GMT}	INFO	[jepsen worker 0] jepsen.util: 0	:ok	:read	[10 17 34 39 2 6 4 50 52 16 1 3 46 51 18 19 21 27 54 38 15 24 32 44 12 0 11 31 13 37 41 43 47 55 25 28 56 33 35 40 5 26 29 42 49 20 22 36 23 45 48 53 7 8 14 30 9]
2026-10-02 22:48:07,081{GMT}	INFO	[jepsen worker 0] jepsen.util: 0	:invoke	:broadcast	57
2026-10-02 22:48:07,084{GMT}	INFO	[jepsen worker 0] jepsen.util: 0	:ok	:broadcast	57
2026-10-02 22:48:07,172{GMT}	INFO	[jepsen worker 0] jepsen.util: 0	:invoke	:read	nil
2026-10-02 22:48:07,173{GMT}	INFO	[jepsen worker 0] jepsen.util: 0	:ok	:read	[23 45 48 53 7 8 14 30 9 10 17 34 39 57 2 6 4 50 52 16 1 3 46 51 18 19 21 27 54 38 15 24 32 44 12 0 11 31 13 37 41 43 47 55 25 28 56 33 35 40 5 26 29 42 49 20 22 36]
2026-10-02 22:48:07,255{GMT}	INFO	[jepsen worker 0] jepsen.util: 0	:invoke	:read	nil
2026-10-02 22:48:07,256{GMT}	INFO	[jepsen worker 0] jepsen.util: 0	:ok	:read	[55 25 28 56 33 35 40 5 26 29 42 49 20 22 36 23 45 48 53 7 8 14 30 9 10 17 34 39 57 2 6 4 50 52 16 1 3 46 51 18 19 21 27 54 38 15 24 32 44 12 0 11 31 13 37 41 43 47]
2026-10-02 22:48:07,438{GMT}	INFO	[jepsen worker 0] jepsen.util: 0	:invoke	:broadcast	58
2026-10-02 22:48:07,440{GMT}	INFO	[jepsen worker 0] jepsen.util: 0	:ok	:broadcast	58
2026-10-02 22:48:07,595{GMT}	INFO	[jepsen worker 0] jepsen.util: 0	:invoke	:read	nil
2026-10-02 22:48:07,598{GMT}	INFO	[jepsen worker 0] jepsen.util: 0	:ok	:read	[32 44 12 0 11 31 13 37 41 43 47 55 25 28 56 33 35 40 5 26 29 42 49 20 22 36 23 45 48 53 7 8 14 30 9 10 17 34 39 57 2 6 4 50 52 16 1 3 46 51 18 19 21 27 54 38 58 15 24]
2026-10-02 22:48:07,694{GMT}	INFO	[jepsen worker 0] jepsen.util: 0	:invoke	:read	nil
2026-10-02 22:48:07,695{GMT}	INFO	[jepsen worker 0] jepsen.util: 0	:ok	:read	[0 11 31 13 37 41 43 47 55 25 28 56 33 35 40 5 26 29 42 49 20 22 36 23 45 48 53 7 8 14 30 9 10 17 34 39 57 2 6 4 50 52 16 1 3 46 51 18 19 21 27 54 38 58 15 24 32 44 12]
2026-10-02 22:48:07,845{GMT}	INFO	[jepsen worker 0] jepsen.util: 0	:invoke	:read	nil
2026-10-02 22:48:07,848{GMT}	INFO	[jepsen worker 0] jepsen.util: 0	:ok	:read	[33 35 40 5 26 29 42 49 20 22 36 23 45 48 53 7 8 14 30 9 10 17 34 39 57 2 6 4 50 52 16 1 3 46 51 18 19 21 27 54 38 58 15 24 32 44 12 0 11 31 13 37 41 43 47 55 25 28 56]
2026-10-02 22:48:07,981{GMT}	INFO	[jepsen worker 0] jepsen.util: 0	:invoke	:read	nil
2026-10-02 22:48:07,984{GMT}	INFO	[jepsen worker 0] jepsen.util: 0	:ok	:read	[1 3 46 51 18 19 21 27 54 38 58 15 24 32 44 12 0 11 31 13 37 41 43 47 55 25 28 56 33 35 40 5 26 29 42 49 20 22 36 23 45 48 53 7 8 14 30 9 10 17 34 39 57 2 6 4 50 52 16]
2026-10-02 22:48:07,984{GMT}	INFO	[jepsen worker 0] jepsen.util: 0	:invoke	:read	nil
2026-10-02 22:48:07,986{GMT}	INFO	[jepsen worker 0] jepsen.util: 0	:ok	:read	[56 33 35 40 5 26 29 42 49 20 22 36 23 45 48 53 7 8 14 30 9 10 17 34 39 57 2 6 4 50 52 16 1 3 46 51 18 19 21 27 54 38 58 15 24 32 44 12 0 11 31 13 37 41 43 47 55 25 28]
2026-10-02 22:48:08,065{GMT}	INFO	[jepsen worker 0] jepsen.util: 0	:invoke	:read	nil
2026-10-02 22:48:08,068{GMT}	INFO	[jepsen worker 0] jepsen.util: 0	:ok	:read	[16 1 3 46 51 18 19 21 27 54 38 58 15 24 32 44 12 0 11 31 13 37 41 43 47 55 25 28 56 33 35 40 5 26 29 42 49 20 22 36 23 45 48 53 7 8 14 30 9 10 17 34 39 57 2 6 4 50 52]
2026-10-02 22:48:08,232{GMT}	INFO	[jepsen worker 0] jepsen.util: 0	:invoke	:read	nil
2026-10-02 22:48:08,234{GMT}	INFO	[jepsen worker 0] jepsen.util: 0	:ok	:read	[4 50 52 16 1 3 46 51 18 19 21 27 54 38 58 15 24 32 44 12 0 11 31 13 37 41 43 47 55 25 28 56 33 35 40 5 26 29 42 49 20 22 36 23 45 48 53 7 8 14 30 9 10 17 34 39 57 2 6]
2026-10-02 22:48:08,433{GMT}	INFO	[jepsen worker 0] jepsen.util: 0	:invoke	:read	nil
2026-10-02 22:48:08,435{GMT}	INFO	[jepsen worker 0] jepsen.util: 0	:ok	:read	[52 16 1 3 46 51 18 19 21 27 54 38 58 15 24 32 44 12 0 11 31 13 37 41 43 47 55 25 28 56 33 35 40 5 26 29 42 49 20 22 36 23 45 48 53 7 8 14 30 9 10 17 34 39 57 2 6 4 50]
2026-10-02 22:48:08,564{GMT}	INFO	[jepsen worker 0] jepsen.util: 0	:invoke	:broadcast	59
2026-10-02 22:48:08,566{GMT}	INFO	[jepsen worker 0] jepsen.util: 0	:ok	:broadcast	59
2026-10-02 22:48:08,696{GMT}	INFO	[jepsen worker 0] jepsen.util: 0	:invoke	:broadcast	60
2026-10-02 22:48:08,698{GMT}	INFO	[jepsen worker 0] jepsen.util: 0	:ok	:broadcast	60
2026-10-02 22:48:08,747{GMT}	INFO	[jepsen worker 0] jepsen.util: 0	:invoke	:read	nil
2026-10-02 22:48:08,750{GMT}	INFO	[jepsen worker 0] jepsen.util: 0	:ok	:read	[24 32 44 12 0 11 31 13 37 41 43 47 55 25 28 56 33 35 40 5 26 29 42 49 20 22 36 60 23 59 45 48 53 7 8 14 30 9 10 17 34 39 57 2 6 4 50 52 16 1 3 46 51 18 19 21 27 54 38 58 15]
2026-10-02 22:48:08,842{GMT}	INFO	[jepsen worker 0] jepsen.util: 0	:invoke	:read	nil
2026-10-02 22:48:08,844{GMT}	INFO	[jepsen worker 0] jepsen.util: 0	:ok	:read	[26 29 42 49 20 22 36 60 23 59 45 48 53 7 8 14 30 9 10 17 34 39 57 2 6 4 50 52 16 1 3 46 51 18 19 21 27 54 38 58 15 24 32 44 12 0 11 31 13 37 41 43 47 55 25 28 56 33 35 40 5]
2026-10-02 22:48:08,878{GMT}	INFO	[jepsen worker 0] jepsen.util: 0	:invoke	:broadcast	61
2026-10-02 22:48:08,879{GMT}	INFO	[jepsen worker 0] jepsen.util: 0	:ok	:broadcast	61
2026-10-02 22:48:08,917{GMT}	INFO	[jepsen worker 0] jepsen.util: 0	:invoke	:read	nil
2026-10-02 22:48:08,920{GMT}	INFO	[jepsen worker 0] jepsen.util: 0	:ok	:read	[15 24 32 44 12 0 11 31 13 37 41 43 47 55 25 28 56 61 33 35 40 5 26 29 42 49 20 22 36 60 23 59 45 48 53 7 8 14 30 9 10 17 34 39 57 2 6 4 50 52 16 1 3 46 51 18 19 21 27 54 38 58]
2026-10-02 22:48:09,005{GMT}	INFO	[jepsen worker 0] jepsen.util: 0	:invoke	:read	nil
2026-10-02 22:48:09,008{GMT}	INFO	[jepsen worker 0] jepsen.util: 0	:ok	:read	[41 43 47 55 25 28 56 61 33 35 40 5 26 29 42 49 20 22 36 60 23 59 45 48 53 7 8 14 30 9 10 17 34 39 57 2 6 4 50 52 16 1 3 46 51 18 19 21 27 54 38 58 15 24 32 44 12 0 11 31 13 37]
2026-10-02 22:48:09,206{GMT}	INFO	[jepsen worker 0] jepsen.util: 0	:invoke	:broadcast	62
2026-10-02 22:48:09,208{GMT}	INFO	[jepsen worker 0] jepsen.util: 0	:ok	:broadcast	62
2026-10-02 22:48:09,234{GMT}	INFO	[jepsen worker 0] jepsen.util: 0	:invoke	:broadcast	63
2026-10-02 22:48:09,236{GMT}	INFO	[jepsen worker 0] jepsen.util: 0	:ok	:broadcast	63
2026-10-02 22:48:09,319{GMT}	INFO	[jepsen worker 0] jepsen.util: 0	:invoke	:read	nil
2026-10-02 22:48:09,321{GMT}	INFO	[jepsen worker 0] jepsen.util: 0	:ok	:read	[12 0 11 31 13 37 41 43 47 55 25 28 56 61 33 35 40 5 26 29 42 49 63 20 22 36 60 23 59 45 48 53 7 8 14 30 9 10 17 34 39 57 2 6 4 50 52 16 1 3 46 51 18 19 21 27 54 62 38 58 15 24 32 44]
2026-10-02 22:48:09,398{GMT}	INFO	[jepsen worker 0] jepsen.util: 0	:invoke	:broadcast	64
2026-10-02 22:48:09,401{GMT}	INFO	[jepsen worker 0] jepsen.util: 0	:ok	:broadcast	64
2026-10-02 22:48:09,474{GMT}	INFO	[jepsen worker 0] jepsen.util: 0	:invoke	:broadcast	65
2026-10-02 22:48:09,476{GMT}	INFO	[jepsen worker 0] jepsen.util: 0	:ok	:broadcast	65
2026-10-02 22:48:09,590{GMT}	INFO	[jepsen worker 0] jepsen.util: 0	:invoke	:read	nil
2026-10-02 22:48:09,592{GMT}	INFO	[jepsen worker 0] jepsen.util: 0	:ok	:read	[34 39 57 2 6 4 50 52 16 1 3 46 51 18 19 21 27 54 62 64 38 58 15 24 32 44 12 0 11 31 13 37 41 43 47 55 25 28 56 61 33 35 40 5 26 29 42 49 63 20 22 36 60 65 23 59 45 48 53 7 8 14 30 9 10 17]
2026-10-02 22:48:09,777{GMT}	INFO	[jepsen worker 0] jepsen.util: 0	:invoke	:broadcast	66
2026-10-02 22:48:09,778{GMT}	INFO	[jepsen worker 0] jepsen.util: 0	:ok	:broadcast	66
2026-10-02 22:48:09,882{GMT}	INFO	[jepsen worker 0] jepsen.util: 0	:invoke	:broadcast	67
2026-10-02 22:48:09,883{GMT}	INFO	[jepsen worker 0] jepsen.util: 0	:ok	:broadcast	67
2026-10-02 22:48:09,890{GMT}	INFO	[jepsen worker 0] jepsen.util: 0	:invoke	:read	nil
2026-10-02 22:48:09,891{GMT}	INFO	[jepsen worker 0] jepsen.util: 0	:ok	:read	[1 3 46 51 18 19 21 27 54 62 64 38 58 15 24 32 44 12 0 11 31 13 37 41 43 47 55 66 25 28 56 61 33 35 40 5 26 29 42 49 63 20 22 36 60 65 67 23 59 45 48 53 7 8 14 30 9 10 17 34 39 57 2 6 4 50 52 16]
2026-10-02 22:48:10,006{GMT}	INFO	[jepsen worker 0] jepsen.util: 0	:invoke	:read	nil
2026-10-02 22:48:10,007{GMT}	INFO	[jepsen worker 0] jepsen.util: 0	:ok	:read	[24 32 44 12 0 11 31 13 37 41 43 47 55 66 25 28 56 61 33 35 40 5 26 29 42 49 63 20 22 36 60 65 67 23 59 45 48 53 7 8 14 30 9 10 17 34 39 57 2 6 4 50 52 16 1 3 46 51 18 19 21 27 54 62 64 38 58 15]
2026-10-02 22:48:10,113{GMT}	INFO	[jepsen worker 0] jepsen.util: 0	:invoke	:read	nil
2026-10-02 22:48:10,115{GMT}	INFO	[jepsen worker 0] jepsen.util: 0	:ok	:read	[15 24 32 44 12 0 11 31 13 37 41 43 47 55 66 25 28 56 61 33 35 40 5 26 29 42 49 63 20 22 36 60 65 67 23 59 45 48 53 7 8 14 30 9 10 17 34 39 57 2 6 4 50 52 16 1 3 46 51 18 19 21 27 54 62 64 38 58]
2026-10-02 22:48:10,140{GMT}	INFO	[jepsen worker 0] jepsen.util: 0	:invoke	:read	nil
2026-10-02 22:48:10,142{GMT}	INFO	[jepsen worker 0] jepsen.util: 0	:ok	:read	[10 17 34 39 57 2 6 4 50 52 16 1 3 46 51 18 19 21 27 54 62 64 38 58 15 24 32 44 12 0 11 31 13 37 41 43 47 55 66 25 28 56 61 33 35 40 5 26 29 42 49 63 20 22 36 60 65 67 23 59 45 48 53 7 8 14 30 9]
2026-10-02 22:48:10,331{GMT}	INFO	[jepsen worker 0] jepsen.util: 0	:invoke	:broadcast	68
2026-10-02 22:48:10,332{GMT}	INFO	[jepsen worker 0] jepsen.util: 0	:ok	:broadcast	68
2026-10-02 22:48:10,368{GMT}	INFO	[jepsen worker 0] jepsen.util: 0	:invoke	:broadcast	69
2026-10-02 22:48:10,370{GMT}	INFO	[jepsen worker 0] jepsen.util: 0	:ok	:broadcast	69
2026-10-02 22:48:10,508{GMT}	INFO	[jepsen worker 0] jepsen.util: 0	:invoke	:broadcast	70
2026-10-02 22:48:10,510{GMT}	INFO	[jepsen worker 0] jepsen.util: 0	:ok	:broadcast	70
2026-10-02 22:48:10,579{GMT}	INFO	[jepsen worker 0] jepsen.util: 0	:invoke	:broadcast	71
2026-10-02 22:48:10,580{GMT}	INFO	[jepsen worker 0] jepsen.util: 0	:ok	:broadcast	71
2026-10-02 22:48:10,707{GMT}	INFO	[jepsen worker 0] jepsen.util: 0	:invoke	:read	nil
2026-10-02 22:48:10,709{GMT}	INFO	[jepsen worker 0] jepsen.util: 0	:ok	:read	[15 24 70 32 44 12 0 11 31 13 37 41 43 47 55 66 25 28 56 61 69 33 35 40 5 26 29 42 49 63 20 22 36 60 65 67 23 59 45 48 53 7 8 14 30 9 10 17 34 39 57 2 6 68 71 4 50 52 16 1 3 46 51 18 19 21 27 54 62 64 38 58]
2026-10-02 22:48:10,844{GMT}	INFO	[jepsen worker 0] jepsen.util: 0	:invoke	:broadcast	72
2026-10-02 22:48:10,844{GMT}	INFO	[jepsen worker 0] jepsen.util: 0	:ok	:broadcast	72
2026-10-02 22:48:10,947{GMT}	INFO	[jepsen worker 0] jepsen.util: 0	:invoke	:broadcast	73
2026-10-02 22:48:10,948{GMT}	INFO	[jepsen worker 0] jepsen.util: 0	:ok	:broadcast	73
2026-10-02 22:48:10,995{GMT}	INFO	[jepsen worker 0] jepsen.util: 0	:invoke	:read	nil
2026-10-02 22:48:10,997{GMT}	INFO	[jepsen worker 0] jepsen.util: 0	:ok	:read	[32 44 12 0 11 31 13 37 41 43 47 55 66 25 28 56 61 72 73 69 33 35 40 5 26 29 42 49 63 20 22 36 60 65 67 23 59 45 48 53 7 8 14 30 9 10 17 34 39 57 2 6 68 71 4 50 52 16 1 3 46 51 18 19 21 27 54 62 64 38 58 15 24 70]
2026-10-02 22:48:11,006{GMT}	INFO	[jepsen worker 0] jepsen.util: 0	:invoke	:broadcast	74
2026-10-02 22:48:11,008{GMT}	INFO	[jepsen worker 0] jepsen.util: 0	:ok	:broadcast	74
2026-10-02 22:48:11,186{GMT}	INFO	[jepsen worker 0] jepsen.util: 0	:invoke	:read	nil
2026-10-02 22:48:11,188{GMT}	INFO	[jepsen worker 0] jepsen.util: 0	:ok	:read	[5 26 29 42 49 63 20 22 36 60 65 67 23 59 45 48 53 7 8 14 30 9 10 17 34 39 57 2 6 68 71 4 50 52 16 1 3 46 51 18 19 21 27 54 62 64 38 58 15 24 70 32 44 12 0 11 31 74 13 37 41 43 47 55 66 25 28 56 61 72 73 69 33 35 40]
2026-10-02 22:48:11,239{GMT}	INFO	[jepsen worker 0] jepsen.util: 0	:invoke	:read	nil
2026-10-02 22:48:11,242{GMT}	INFO	[jepsen worker 0] jepsen.util: 0	:ok	:read	[45 48 53 7 8 14 30 9 10 17 34 39 57 2 6 68 71 4 50 52 16 1 3 46 51 18 19 21 27 54 62 64 38 58 15 24 70 32 44 12 0 11 31 74 13 37 41 43 47 55 66 25 28 56 61 72 73 69 33 35 40 5 26 29 42 49 63 20 22 36 60 65 67 23 59]
2026-10-02 22:48:11,279{GMT}	INFO	[jepsen worker 0] jepsen.util: 0	:invoke	:broadcast	75
2026-10-02 22:48:11,281{GMT}	INFO	[jepsen worker 0] jepsen.util: 0	:ok	:broadcast	75
2026-10-02 22:48:11,385{GMT}	INFO	[jepsen worker 0] jepsen.util: 0	:invoke	:broadcast	76
2026-10-02 22:48:11,387{GMT}	INFO	[jepsen worker 0] jepsen.util: 0	:ok	:broadcast	76
2026-10-02 22:48:11,394{GMT}	INFO	[jepsen worker 0] jepsen.util: 0	:invoke	:read	nil
2026-10-02 22:48:11,395{GMT}	INFO	[jepsen worker 0] jepsen.util: 0	:ok	:read	[70 32 44 12 0 11 31 74 13 37 41 43 47 55 66 25 28 56 61 72 73 69 33 35 40 5 26 29 42 49 63 75 20 22 36 60 65 67 23 59 45 48 53 7 8 14 30 9 10 17 34 39 57 2 6 68 71 76 4 50 52 16 1 3 46 51 18 19 21 27 54 62 64 38 58 15 24]
2026-10-02 22:48:11,506{GMT}	INFO	[jepsen worker 0] jepsen.util: 0	:invoke	:broadcast	77
2026-10-02 22:48:11,509{GMT}	INFO	[jepsen worker 0] jepsen.util: 0	:ok	:broadcast	77
2026-10-02 22:48:11,578{GMT}	INFO	[jepsen worker 0] jepsen.util: 0	:invoke	:broadcast	78
2026-10-02 22:48:11,579{GMT}	INFO	[jepsen worker 0] jepsen.util: 0	:ok	:broadcast	78
2026-10-02 22:48:11,775{GMT}	INFO	[jepsen worker 0] jepsen.util: 0	:invoke	:read	nil
2026-10-02 22:48:11,776{GMT}	INFO	[jepsen worker 0] jepsen.util: 0	:ok	:read	[45 48 53 7 8 14 30 9 10 17 34 39 57 78 2 6 68 71 76 4 50 52 16 1 3 46 51 18 19 21 27 54 62 64 38 58 15 24 70 32 44 12 0 11 31 74 13 37 41 43 47 55 66 25 28 56 61 72 73 69 33 35 40 5 26 29 42 49 63 75 20 22 36 60 65 67 77 23 59]
2026-10-02 22:48:11,798{GMT}	INFO	[jepsen worker 0] jepsen.util: 0	:invoke	:broadcast	79
2026-10-02 22:48:11,799{GMT}	INFO	[jepsen worker 0] jepsen.util: 0	:ok	:broadcast	79
2026-10-02 22:48:11,967{GMT}	INFO	[jepsen worker 0] jepsen.util: 0	:invoke	:read	nil
2026-10-02 22:48:11,970{GMT}	INFO	[jepsen worker 0] jepsen.util: 0	:ok	:read	[45 48 53 7 8 14 30 9 10 17 34 39 57 78 2 6 68 71 76 4 50 52 16 1 3 46 51 18 19 21 27 54 62 64 38 58 15 24 70 32 44 12 0 11 31 74 13 37 41 43 47 55 66 25 28 56 61 72 73 69 33 35 40 79 5 26 29 42 49 63 75 20 22 36 60 65 67 77 23 59]
2026-10-02 22:48:12,114{GMT}	INFO	[jepsen worker 0] jepsen.util: 0	:invoke	:read	nil
2026-10-02 22:48:12,117{GMT}	INFO	[jepsen worker 0] jepsen.util: 0	:ok	:read	[58 15 24 70 32 44 12 0 11 31 74 13 37 41 43 47 55 66 25 28 56 61 72 73 69 33 35 40 79 5 26 29 42 49 63 75 20 22 36 60 65 67 77 23 59 45 48 53 7 8 14 30 9 10 17 34 39 57 78 2 6 68 71 76 4 50 52 16 1 3 46 51 18 19 21 27 54 62 64 38]
2026-10-02 22:48:12,132{GMT}	INFO	[jepsen worker 0] jepsen.util: 0	:invoke	:read	nil
2026-10-02 22:48:12,133{GMT}	INFO	[jepsen worker 0] jepsen.util: 0	:ok	:read	[33 35 40 79 5 26 29 42 49 63 75 20 22 36 60 65 67 77 23 59 45 48 53 7 8 14 30 9 10 17 34 39 57 78 2 6 68 71 76 4 50 52 16 1 3 46 51 18 19 21 27 54 62 64 38 58 15 24 70 32 44 12 0 11 31 74 13 37 41 43 47 55 66 25 28 56 61 72 73 69]
2026-10-02 22:48:12,248{GMT}	INFO	[jepsen worker 0] jepsen.util: 0	:invoke	:read	nil
2026-10-02 22:48:12,252{GMT}	INFO	[jepsen worker 0] jepsen.util: 0	:ok	:read	[28 56 61 72 73 69 33 35 40 79 5 26 29 42 49 63 75 20 22 36 60 65 67 77 23 59 45 48 53 7 8 14 30 9 10 17 34 39 57 78 2 6 68 71 76 4 50 52 16 1 3 46 51 18 19 21 27 54 62 64 38 58 15 24 70 32 44 12 0 11 31 74 13 37 41 43 47 55 66 25]
2026-10-02 22:48:12,435{GMT}	INFO	[jepsen worker 0] jepsen.util: 0	:invoke	:broadcast	80
2026-10-02 22:48:12,437{GMT}	INFO	[jepsen worker 0] jepsen.util: 0	:ok	:broadcast	80
2026-10-02 22:48:12,482{GMT}	INFO	[jepsen worker 0] jepsen.util: 0	:invoke	:read	nil
2026-10-02 22:48:12,484{GMT}	INFO	[jepsen worker 0] jepsen.util: 0	:ok	:read	[33 35 40 79 5 26 29 42 49 63 75 20 22 36 60 65 67 77 23 59 80 45 48 53 7 8 14 30 9 10 17 34 39 57 78 2 6 68 71 76 4 50 52 16 1 3 46 51 18 19 21 27 54 62 64 38 58 15 24 70 32 44 12 0 11 31 74 13 37 41 43 47 55 66 25 28 56 61 72 73 69]
2026-10-02 22:48:12,529{GMT}	INFO	[jepsen worker 0] jepsen.util: 0	:invoke	:broadcast	81
2026-10-02 22:48:12,532{GMT}	INFO	[jepsen worker 0] jepsen.util: 0	:ok	:broadcast	81
2026-10-02 22:48:12,619{GMT}	INFO	[jepsen worker 0] jepsen.util: 0	:invoke	:read	nil
2026-10-02 22:48:12,622{GMT}	INFO	[jepsen worker 0] jepsen.util: 0	:ok	:read	[6 68 71 76 4 50 52 16 1 3 46 51 18 19 21 27 54 62 64 38 58 15 24 70 32 44 12 0 11 31 74 13 37 41 43 47 55 66 25 28 56 61 72 73 69 81 33 35 40 79 5 26 29 42 49 63 75 20 22 36 60 65 67 77 23 59 80 45 48 53 7 8 14 30 9 10 17 34 39 57 78 2]
2026-10-02 22:48:12,728{GMT}	INFO	[jepsen worker 0] jepsen.util: 0	:invoke	:broadcast	82
2026-10-02 22:48:12,729{GMT}	INFO	[jepsen worker 0] jepsen.util: 0	:ok	:broadcast	82
2026-10-02 22:48:12,924{GMT}	INFO	[jepsen worker 0] jepsen.util: 0	:invoke	:broadcast	83
2026-10-02 22:48:12,926{GMT}	INFO	[jepsen worker 0] jepsen.util: 0	:ok	:broadcast	83
2026-10-02 22:48:12,955{GMT}	INFO	[jepsen worker 0] jepsen.util: 0	:invoke	:broadcast	84
2026-10-02 22:48:12,957{GMT}	INFO	[jepsen worker 0] jepsen.util: 0	:ok	:broadcast	84
2026-10-02 22:48:13,055{GMT}	INFO	[jepsen worker 0] jepsen.util: 0	:invoke	:broadcast	85
2026-10-02 22:48:13,057{GMT}	INFO	[jepsen worker 0] jepsen.util: 0	:ok	:broadcast	85
2026-10-02 22:48:13,106{GMT}	INFO	[jepsen worker 0] jepsen.util: 0	:invoke	:broadcast	86
2026-10-02 22:48:13,108{GMT}	INFO	[jepsen worker 0] jepsen.util: 0	:ok	:broadcast	86
2026-10-02 22:48:13,108{GMT}	INFO	[jepsen worker 0] jepsen.util: 0	:invoke	:broadcast	87
2026-10-02 22:48:13,109{GMT}	INFO	[jepsen worker 0] jepsen.util: 0	:ok	:broadcast	87
2026-10-02 22:48:13,112{GMT}	INFO	[jepsen worker 0] jepsen.util: 0	:invoke	:read	nil
2026-10-02 22:48:13,113{GMT}	INFO	[jepsen worker 0] jepsen.util: 0	:ok	:read	[84 16 1 3 46 51 18 19 21 27 54 62 64 38 58 15 24 70 32 44 12 0 11 31 74 13 37 41 43 47 55 66 87 25 28 56 61 72 73 86 69 81 33 35 40 79 83 5 26 29 42 49 63 75 20 22 36 60 65 67 77 82 23 59 80 45 48 53 7 8 14 30 9 10 17 34 39 57 78 2 6 68 71 76 85 4 50 52]
2026-10-02 22:48:13,244{GMT}	INFO	[jepsen worker 0] jepsen.util: 0	:invoke	:read	nil
2026-10-02 22:48:13,245{GMT}	INFO	[jepsen worker 0] jepsen.util: 0	:ok	:read	[9 10 17 34 39 57 78 2 6 68 71 76 85 4 50 52 84 16 1 3 46 51 18 19 21 27 54 62 64 38 58 15 24 70 32 44 12 0 11 31 74 13 37 41 43 47 55 66 87 25 28 56 61 72 73 86 69 81 33 35 40 79 83 5 26 29 42 49 63 75 20 22 36 60 65 67 77 82 23 59 80 45 48 53 7 8 14 30]
2026-10-02 22:48:13,335{GMT}	INFO	[jepsen worker 0] jepsen.util: 0	:invoke	:broadcast	88
2026-10-02 22:48:13,338{GMT}	INFO	[jepsen worker 0] jepsen.util: 0	:ok	:broadcast	88
2026-10-02 22:48:13,520{GMT}	INFO	[jepsen worker 0] jepsen.util: 0	:invoke	:read	nil
2026-10-02 22:48:13,521{GMT}	INFO	[jepsen worker 0] jepsen.util: 0	:ok	:read	[33 35 40 79 83 5 26 29 42 49 63 75 20 22 36 60 65 67 77 82 23 59 80 45 48 53 7 8 14 30 9 10 17 34 39 57 78 2 6 68 71 76 85 88 4 50 52 84 16 1 3 46 51 18 19 21 27 54 62 64 38 58 15 24 70 32 44 12 0 11 31 74 13 37 41 43 47 55 66 87 25 28 56 61 72 73 86 69 81]
2026-10-02 22:48:13,613{GMT}	INFO	[jepsen worker 0] jepsen.util: 0	:invoke	:broadcast	89
2026-10-02 22:48:13,614{GMT}	INFO	[jepsen worker 0] jepsen.util: 0	:ok	:broadcast	89
2026-10-02 22:48:13,737{GMT}	INFO	[jepsen worker 0] jepsen.util: 0	:invoke	:broadcast	90
2026-10-02 22:48:13,739{GMT}	INFO	[jepsen worker 0] jepsen.util: 0	:ok	:broadcast	90
2026-10-02 22:48:13,934{GMT}	INFO	[jepsen worker 0] jepsen.util: 0	:invoke	:broadcast	91
2026-10-02 22:48:13,936{GMT}	INFO	[jepsen worker 0] jepsen.util: 0	:ok	:broadcast	91
2026-10-02 22:48:13,986{GMT}	INFO	[jepsen worker 0] jepsen.util: 0	:invoke	:read	nil
2026-10-02 22:48:13,986{GMT}	INFO	[jepsen worker 0] jepsen.util: 0	:ok	:read	[6 68 71 76 85 88 91 4 50 52 84 16 1 3 46 51 89 18 19 21 27 54 62 64 38 58 15 24 70 32 44 12 0 11 31 74 13 37 41 43 47 55 66 87 25 28 56 61 72 73 86 90 69 81 33 35 40 79 83 5 26 29 42 49 63 75 20 22 36 60 65 67 77 82 23 59 80 45 48 53 7 8 14 30 9 10 17 34 39 57 78 2]
2026-10-02 22:48:14,031{GMT}	INFO	[jepsen worker 0] jepsen.util: 0	:invoke	:read	nil
2026-10-02 22:48:14,033{GMT}	INFO	[jepsen worker 0] jepsen.util: 0	:ok	:read	[48 53 7 8 14 30 9 10 17 34 39 57 78 2 6 68 71 76 85 88 91 4 50 52 84 16 1 3 46 51 89 18 19 21 27 54 62 64 38 58 15 24 70 32 44 12 0 11 31 74 13 37 41 43 47 55 66 87 25 28 56 61 72 73 86 90 69 81 33 35 40 79 83 5 26 29 42 49 63 75 20 22 36 60 65 67 77 82 23 59 80 45]
2026-10-02 22:48:14,173{GMT}	INFO	[jepsen worker 0] jepsen.util: 0	:invoke	:read	nil
2026-10-02 22:48:14,176{GMT}	INFO	[jepsen worker 0] jepsen.util: 0	:ok	:read	[31 74 13 37 41 43 47 55 66 87 25 28 56 61 72 73 86 90 69 81 33 35 40 79 83 5 26 29 42 49 63 75 20 22 36 60 65 67 77 82 23 59 80 45 48 53 7 8 14 30 9 10 17 34 39 57 78 2 6 68 71 76 85 88 91 4 50 52 84 16 1 3 46 51 89 18 19 21 27 54 62 64 38 58 15 24 70 32 44 12 0 11]
2026-10-02 22:48:14,267{GMT}	INFO	[jepsen worker 0] jepsen.util: 0	:invoke	:broadcast	92
2026-10-02 22:48:14,268{GMT}	INFO	[jepsen worker 0] jepsen.util: 0	:ok	:broadcast	92
2026-10-02 22:48:14,352{GMT}	INFO	[jepsen worker 0] jepsen.util: 0	:invoke	:broadcast	93
2026-10-02 22:48:14,352{GMT}	INFO	[jepsen worker 0] jepsen.util: 0	:ok	:broadcast	93
2026-10-02 22:48:14,365{GMT}	INFO	[jepsen worker 0] jepsen.util: 0	:invoke	:read	nil
2026-10-02 22:48:14,365{GMT}	INFO	[jepsen worker 0] jepsen.util: 0	:ok	:read	[45 48 53 7 8 14 30 9 10 17 34 39 57 78 2 6 68 71 76 85 88 91 4 50 52 84 16 1 3 46 51 89 18 19 21 27 54 62 64 38 58 15 24 70 32 44 12 0 11 31 74 13 37 41 43 47 55 66 87 25 28 56 61 72 73 86 90 69 81 92 33 35 40 79 83 93 5 26 29 42 49 63 75 20 22 36 60 65 67 77 82 23 59 80]
2026-10-02 22:48:14,510{GMT}	INFO	[jepsen worker 0] jepsen.util: 0	:invoke	:read	nil
2026-10-02 22:48:14,512{GMT}	INFO	[jepsen worker 0] jepsen.util: 0	:ok	:read	[63 75 20 22 36 60 65 67 77 82 23 59 80 45 48 53 7 8 14 30 9 10 17 34 39 57 78 2 6 68 71 76 85 88 91 4 50 52 84 16 1 3 46 51 89 18 19 21 27 54 62 64 38 58 15 24 70 32 44 12 0 11 31 74 13 37 41 43 47 55 66 87 25 28 56 61 72 73 86 90 69 81 92 33 35 40 79 83 93 5 26 29 42 49]
2026-10-02 22:48:14,669{GMT}	INFO	[jepsen worker 0] jepsen.util: 0	:invoke	:read	nil
2026-10-02 22:48:14,671{GMT}	INFO	[jepsen worker 0] jepsen.util: 0	:ok	:read	[33 35 40 79 83 93 5 26 29 42 49 63 75 20 22 36 60 65 67 77 82 23 59 80 45 48 53 7 8 14 30 9 10 17 34 39 57 78 2 6 68 71 76 85 88 91 4 50 52 84 16 1 3 46 51 89 18 19 21 27 54 62 64 38 58 15 24 70 32 44 12 0 11 31 74 13 37 41 43 47 55 66 87 25 28 56 61 72 73 86 90 69 81 92]
2026-10-02 22:48:14,765{GMT}	INFO	[jepsen worker 0] jepsen.util: 0	:invoke	:broadcast	94
2026-10-02 22:48:14,768{GMT}	INFO	[jepsen worker 0] jepsen.util: 0	:ok	:broadcast	94
2026-10-02 22:48:14,864{GMT}	INFO	[jepsen worker 0] jepsen.util: 0	:invoke	:broadcast	95
2026-10-02 22:48:14,865{GMT}	INFO	[jepsen worker 0] jepsen.util: 0	:ok	:broadcast	95
2026-10-02 22:48:14,969{GMT}	INFO	[jepsen worker 0] jepsen.util: 0	:invoke	:read	nil
2026-10-02 22:48:14,971{GMT}	INFO	[jepsen worker 0] jepsen.util: 0	:ok	:read	[13 37 41 43 47 55 66 87 25 28 56 61 72 73 86 90 69 81 92 33 35 40 79 83 93 5 26 29 42 49 63 75 20 22 36 60 65 67 77 82 23 59 80 94 45 48 53 7 8 14 30 95 9 10 17 34 39 57 78 2 6 68 71 76 85 88 91 4 50 52 84 16 1 3 46 51 89 18 19 21 27 54 62 64 38 58 15 24 70 32 44 12 0 11 31 74]
2026-10-02 22:48:15,129{GMT}	INFO	[jepsen worker 0] jepsen.util: 0	:invoke	:broadcast	96
2026-10-02 22:48:15,131{GMT}	INFO	[jepsen worker 0] jepsen.util: 0	:ok	:broadcast	96
2026-10-02 22:48:15,164{GMT}	INFO	[jepsen worker 0] jepsen.util: 0	:invoke	:broadcast	97
2026-10-02 22:48:15,166{GMT}	INFO	[jepsen worker 0] jepsen.util: 0	:ok	:broadcast	97
2026-10-02 22:48:15,198{GMT}	INFO	[jepsen worker 0] jepsen.util: 0	:invoke	:read	nil
2026-10-02 22:48:15,200{GMT}	INFO	[jepsen worker 0] jepsen.util: 0	:ok	:read	[32 44 12 0 11 31 74 96 13 37 41 43 47 55 66 87 25 28 56 61 72 73 86 90 69 81 92 33 35 40 79 83 93 5 26 29 42 49 63 75 20 22 36 60 65 67 77 82 23 59 80 94 97 45 48 53 7 8 14 30 95 9 10 17 34 39 57 78 2 6 68 71 76 85 88 91 4 50 52 84 16 1 3 46 51 89 18 19 21 27 54 62 64 38 58 15 24 70]
2026-10-02 22:48:15,204{GMT}	INFO	[jepsen worker 0] jepsen.util: 0	:invoke	:read	nil
2026-10-02 22:48:15,209{GMT}	INFO	[jepsen worker 0] jepsen.util: 0	:ok	:read	[45 48 53 7 8 14 30 95 9 10 17 34 39 57 78 2 6 68 71 76 85 88 91 4 50 52 84 16 1 3 46 51 89 18 19 21 27 54 62 64 38 58 15 24 70 32 44 12 0 11 31 74 96 13 37 41 43 47 55 66 87 25 28 56 61 72 73 86 90 69 81 92 33 35 40 79 83 93 5 26 29 42 49 63 75 20 22 36 60 65 67 77 82 23 59 80 94 97]
2026-10-02 22:48:15,323{GMT}	INFO	[jepsen worker 0] jepsen.util: 0	:invoke	:broadcast	98
2026-10-02 22:48:15,325{GMT}	INFO	[jepsen worker 0] jepsen.util: 0	:ok	:broadcast	98
2026-10-02 22:48:15,519{GMT}	INFO	[jepsen worker 0] jepsen.util: 0	:invoke	:broadcast	99
2026-10-02 22:48:15,521{GMT}	INFO	[jepsen worker 0] jepsen.util: 0	:ok	:broadcast	99
2026-10-02 22:48:15,635{GMT}	INFO	[jepsen worker 0] jepsen.util: 0	:invoke	:read	nil
2026-10-02 22:48:15,638{GMT}	INFO	[jepsen worker 0] jepsen.util: 0	:ok	:read	[16 1 3 46 51 89 18 19 21 27 54 62 64 38 58 15 24 70 32 44 12 0 11 31 74 96 13 37 41 43 47 55 66 87 25 28 56 61 72 73 86 90 69 81 92 99 33 35 40 79 83 93 5 26 29 42 49 63 75 98 20 22 36 60 65 67 77 82 23 59 80 94 97 45 48 53 7 8 14 30 95 9 10 17 34 39 57 78 2 6 68 71 76 85 88 91 4 50 52 84]
2026-10-02 22:48:15,639{GMT}	INFO	[jepsen worker nemesis] jepsen.generator.interpreter: Waiting for recovery...
2026-10-02 22:48:25,645{GMT}	INFO	[jepsen worker 0] jepsen.util: 0	:invoke	:read	nil
2026-10-02 22:48:25,646{GMT}	INFO	[jepsen worker 0] jepsen.util: 0	:ok	:read	[16 1 3 46 51 89 18 19 21 27 54 62 64 38 58 15 24 70 32 44 12 0 11 31 74 96 13 37 41 43 47 55 66 87 25 28 56 61 72 73 86 90 69 81 92 99 33 35 40 79 83 93 5 26 29 42 49 63 75 98 20 22 36 60 65 67 77 82 23 59 80 94 97 45 48 53 7 8 14 30 95 9 10 17 34 39 57 78 2 6 68 71 76 85 88 91 4 50 52 84]
2026-10-02 22:48:25,660{GMT}	INFO	[jepsen test runner] jepsen.core: Run complete, writing
2026-10-02 22:48:25,693{GMT}	INFO	[jepsen node n0] maelstrom.db: Tearing down n0
2026-10-02 22:48:27,129{GMT}	INFO	[jepsen node n0] maelstrom.net: Shutting down Maelstrom network
2026-10-02 22:48:27,131{GMT}	INFO	[jepsen test runner] jepsen.core: Analyzing...
2026-10-02 22:48:27,474{GMT}	INFO	[jepsen test runner] jepsen.core: Analysis complete
2026-10-02 22:48:27,478{GMT}	INFO	[jepsen results] jepsen.store: Wrote /Users/ryan/DATA/PARA SOURCE SYSTEM /Distributed System/Fly IO/maelstrom-broadcast/store/broadcast/20261002T224754.406+0700/results.edn
2026-10-02 22:48:27,505{GMT}	INFO	[jepsen test runner] jepsen.core: {:perf {:latency-graph {:valid? true},
        :rate-graph {:valid? true},
        :valid? true},
 :timeline {:valid? true},
 :exceptions {:valid? true},
 :stats {:valid? true,
         :count 192,
         :ok-count 192,
         :fail-count 0,
         :info-count 0,
         :by-f {:broadcast {:valid? true,
                            :count 100,
                            :ok-count 100,
                            :fail-count 0,
                            :info-count 0},
                :read {:valid? true,
                       :count 92,
                       :ok-count 92,
                       :fail-count 0,
                       :info-count 0}}},
 :availability {:valid? true, :ok-fraction 1.0},
 :net {:all {:send-count 388,
             :recv-count 388,
             :msg-count 388,
             :msgs-per-op 2.0208333},
       :clients {:send-count 388, :recv-count 388, :msg-count 388},
       :servers {:send-count 0,
                 :recv-count 0,
                 :msg-count 0,
                 :msgs-per-op 0.0},
       :valid? true},
 :workload {:worst-stale (),
            :duplicated-count 0,
            :valid? true,
            :lost-count 0,
            :lost (),
            :stable-count 100,
            :stale-count 0,
            :stale (),
            :never-read-count 0,
            :stable-latencies {0 0, 0.5 0, 0.95 0, 0.99 0, 1 0},
            :attempt-count 100,
            :never-read (),
            :duplicated {}},
 :valid? true}


Everything looks good! ヽ(‘ー`)ノ
