2026/10/02 11:31:20 Received {c0 n0 {"type":"init","node_id":"n0","node_ids":["n0"],"msg_id":1}}
2026/10/02 11:31:20 Node n0 initialized
2026/10/02 11:31:20 Sent {"src":"n0","dest":"c0","body":{"in_reply_to":1,"type":"init_ok"}}
2026/10/02 11:31:20 Received {c2 n0 {"echo":"Please echo 36","type":"echo","msg_id":1}}
2026/10/02 11:31:20 Sent {"src":"n0","dest":"c2","body":{"echo":"Please echo 36","in_reply_to":1,"msg_id":1,"type":"echo_ok"}}
2026/10/02 11:31:20 Received {c2 n0 {"echo":"Please echo 94","type":"echo","msg_id":2}}
2026/10/02 11:31:20 Sent {"src":"n0","dest":"c2","body":{"echo":"Please echo 94","in_reply_to":2,"msg_id":2,"type":"echo_ok"}}
2026/10/02 11:31:21 Received {c2 n0 {"echo":"Please echo 86","type":"echo","msg_id":3}}
2026/10/02 11:31:21 Sent {"src":"n0","dest":"c2","body":{"echo":"Please echo 86","in_reply_to":3,"msg_id":3,"type":"echo_ok"}}
2026/10/02 11:31:21 Received {c2 n0 {"echo":"Please echo 120","type":"echo","msg_id":4}}
2026/10/02 11:31:21 Sent {"src":"n0","dest":"c2","body":{"echo":"Please echo 120","in_reply_to":4,"msg_id":4,"type":"echo_ok"}}
2026/10/02 11:31:21 Received {c2 n0 {"echo":"Please echo 51","type":"echo","msg_id":5}}
2026/10/02 11:31:21 Sent {"src":"n0","dest":"c2","body":{"echo":"Please echo 51","in_reply_to":5,"msg_id":5,"type":"echo_ok"}}
2026/10/02 11:31:21 Received {c2 n0 {"echo":"Please echo 53","type":"echo","msg_id":6}}
2026/10/02 11:31:21 Sent {"src":"n0","dest":"c2","body":{"echo":"Please echo 53","in_reply_to":6,"msg_id":6,"type":"echo_ok"}}
2026/10/02 11:31:21 Received {c2 n0 {"echo":"Please echo 40","type":"echo","msg_id":7}}
2026/10/02 11:31:21 Sent {"src":"n0","dest":"c2","body":{"echo":"Please echo 40","in_reply_to":7,"msg_id":7,"type":"echo_ok"}}
2026/10/02 11:31:22 Received {c2 n0 {"echo":"Please echo 36","type":"echo","msg_id":8}}
2026/10/02 11:31:22 Sent {"src":"n0","dest":"c2","body":{"echo":"Please echo 36","in_reply_to":8,"msg_id":8,"type":"echo_ok"}}
2026/10/02 11:31:22 Received {c2 n0 {"echo":"Please echo 37","type":"echo","msg_id":9}}
2026/10/02 11:31:22 Sent {"src":"n0","dest":"c2","body":{"echo":"Please echo 37","in_reply_to":9,"msg_id":9,"type":"echo_ok"}}
2026/10/02 11:31:22 Received {c2 n0 {"echo":"Please echo 24","type":"echo","msg_id":10}}
2026/10/02 11:31:22 Sent {"src":"n0","dest":"c2","body":{"echo":"Please echo 24","in_reply_to":10,"msg_id":10,"type":"echo_ok"}}
2026/10/02 11:31:22 Received {c2 n0 {"echo":"Please echo 32","type":"echo","msg_id":11}}
2026/10/02 11:31:22 Sent {"src":"n0","dest":"c2","body":{"echo":"Please echo 32","in_reply_to":11,"msg_id":11,"type":"echo_ok"}}
2026/10/02 11:31:22 Received {c2 n0 {"echo":"Please echo 36","type":"echo","msg_id":12}}
2026/10/02 11:31:22 Sent {"src":"n0","dest":"c2","body":{"echo":"Please echo 36","in_reply_to":12,"msg_id":12,"type":"echo_ok"}}
2026/10/02 11:31:22 Received {c2 n0 {"echo":"Please echo 124","type":"echo","msg_id":13}}
2026/10/02 11:31:22 Sent {"src":"n0","dest":"c2","body":{"echo":"Please echo 124","in_reply_to":13,"msg_id":13,"type":"echo_ok"}}
2026/10/02 11:31:22 Received {c2 n0 {"echo":"Please echo 52","type":"echo","msg_id":14}}
2026/10/02 11:31:22 Sent {"src":"n0","dest":"c2","body":{"echo":"Please echo 52","in_reply_to":14,"msg_id":14,"type":"echo_ok"}}
2026/10/02 11:31:22 Received {c2 n0 {"echo":"Please echo 22","type":"echo","msg_id":15}}
2026/10/02 11:31:22 Sent {"src":"n0","dest":"c2","body":{"echo":"Please echo 22","in_reply_to":15,"msg_id":15,"type":"echo_ok"}}
2026/10/02 11:31:22 Received {c2 n0 {"echo":"Please echo 66","type":"echo","msg_id":16}}
2026/10/02 11:31:22 Sent {"src":"n0","dest":"c2","body":{"echo":"Please echo 66","in_reply_to":16,"msg_id":16,"type":"echo_ok"}}
2026/10/02 11:31:23 Received {c2 n0 {"echo":"Please echo 113","type":"echo","msg_id":17}}
2026/10/02 11:31:23 Sent {"src":"n0","dest":"c2","body":{"echo":"Please echo 113","in_reply_to":17,"msg_id":17,"type":"echo_ok"}}
2026/10/02 11:31:23 Received {c2 n0 {"echo":"Please echo 45","type":"echo","msg_id":18}}
2026/10/02 11:31:23 Sent {"src":"n0","dest":"c2","body":{"echo":"Please echo 45","in_reply_to":18,"msg_id":18,"type":"echo_ok"}}
2026/10/02 11:31:23 Received {c2 n0 {"echo":"Please echo 6","type":"echo","msg_id":19}}
2026/10/02 11:31:23 Sent {"src":"n0","dest":"c2","body":{"echo":"Please echo 6","in_reply_to":19,"msg_id":19,"type":"echo_ok"}}
2026/10/02 11:31:23 Received {c2 n0 {"echo":"Please echo 114","type":"echo","msg_id":20}}
2026/10/02 11:31:23 Sent {"src":"n0","dest":"c2","body":{"echo":"Please echo 114","in_reply_to":20,"msg_id":20,"type":"echo_ok"}}
2026/10/02 11:31:24 Received {c2 n0 {"echo":"Please echo 41","type":"echo","msg_id":21}}
2026/10/02 11:31:24 Sent {"src":"n0","dest":"c2","body":{"echo":"Please echo 41","in_reply_to":21,"msg_id":21,"type":"echo_ok"}}
2026/10/02 11:31:24 Received {c2 n0 {"echo":"Please echo 65","type":"echo","msg_id":22}}
2026/10/02 11:31:24 Sent {"src":"n0","dest":"c2","body":{"echo":"Please echo 65","in_reply_to":22,"msg_id":22,"type":"echo_ok"}}
2026/10/02 11:31:24 Received {c2 n0 {"echo":"Please echo 82","type":"echo","msg_id":23}}
2026/10/02 11:31:24 Sent {"src":"n0","dest":"c2","body":{"echo":"Please echo 82","in_reply_to":23,"msg_id":23,"type":"echo_ok"}}
2026/10/02 11:31:24 Received {c2 n0 {"echo":"Please echo 29","type":"echo","msg_id":24}}
2026/10/02 11:31:24 Sent {"src":"n0","dest":"c2","body":{"echo":"Please echo 29","in_reply_to":24,"msg_id":24,"type":"echo_ok"}}
2026/10/02 11:31:24 Received {c2 n0 {"echo":"Please echo 14","type":"echo","msg_id":25}}
2026/10/02 11:31:24 Sent {"src":"n0","dest":"c2","body":{"echo":"Please echo 14","in_reply_to":25,"msg_id":25,"type":"echo_ok"}}
2026/10/02 11:31:25 Received {c2 n0 {"echo":"Please echo 77","type":"echo","msg_id":26}}
2026/10/02 11:31:25 Sent {"src":"n0","dest":"c2","body":{"echo":"Please echo 77","in_reply_to":26,"msg_id":26,"type":"echo_ok"}}
2026/10/02 11:31:25 Received {c2 n0 {"echo":"Please echo 74","type":"echo","msg_id":27}}
2026/10/02 11:31:25 Sent {"src":"n0","dest":"c2","body":{"echo":"Please echo 74","in_reply_to":27,"msg_id":27,"type":"echo_ok"}}
2026/10/02 11:31:25 Received {c2 n0 {"echo":"Please echo 69","type":"echo","msg_id":28}}
2026/10/02 11:31:25 Sent {"src":"n0","dest":"c2","body":{"echo":"Please echo 69","in_reply_to":28,"msg_id":28,"type":"echo_ok"}}
2026/10/02 11:31:25 Received {c2 n0 {"echo":"Please echo 48","type":"echo","msg_id":29}}
2026/10/02 11:31:25 Sent {"src":"n0","dest":"c2","body":{"echo":"Please echo 48","in_reply_to":29,"msg_id":29,"type":"echo_ok"}}
2026/10/02 11:31:25 Received {c2 n0 {"echo":"Please echo 77","type":"echo","msg_id":30}}
2026/10/02 11:31:25 Sent {"src":"n0","dest":"c2","body":{"echo":"Please echo 77","in_reply_to":30,"msg_id":30,"type":"echo_ok"}}
2026/10/02 11:31:26 Received {c2 n0 {"echo":"Please echo 123","type":"echo","msg_id":31}}
2026/10/02 11:31:26 Sent {"src":"n0","dest":"c2","body":{"echo":"Please echo 123","in_reply_to":31,"msg_id":31,"type":"echo_ok"}}
2026/10/02 11:31:26 Received {c2 n0 {"echo":"Please echo 73","type":"echo","msg_id":32}}
2026/10/02 11:31:26 Sent {"src":"n0","dest":"c2","body":{"echo":"Please echo 73","in_reply_to":32,"msg_id":32,"type":"echo_ok"}}
2026/10/02 11:31:26 Received {c2 n0 {"echo":"Please echo 14","type":"echo","msg_id":33}}
2026/10/02 11:31:26 Sent {"src":"n0","dest":"c2","body":{"echo":"Please echo 14","in_reply_to":33,"msg_id":33,"type":"echo_ok"}}
2026/10/02 11:31:26 Received {c2 n0 {"echo":"Please echo 11","type":"echo","msg_id":34}}
2026/10/02 11:31:26 Sent {"src":"n0","dest":"c2","body":{"echo":"Please echo 11","in_reply_to":34,"msg_id":34,"type":"echo_ok"}}
2026/10/02 11:31:26 Received {c2 n0 {"echo":"Please echo 31","type":"echo","msg_id":35}}
2026/10/02 11:31:26 Sent {"src":"n0","dest":"c2","body":{"echo":"Please echo 31","in_reply_to":35,"msg_id":35,"type":"echo_ok"}}
2026/10/02 11:31:27 Received {c2 n0 {"echo":"Please echo 123","type":"echo","msg_id":36}}
2026/10/02 11:31:27 Sent {"src":"n0","dest":"c2","body":{"echo":"Please echo 123","in_reply_to":36,"msg_id":36,"type":"echo_ok"}}
2026/10/02 11:31:27 Received {c2 n0 {"echo":"Please echo 106","type":"echo","msg_id":37}}
2026/10/02 11:31:27 Sent {"src":"n0","dest":"c2","body":{"echo":"Please echo 106","in_reply_to":37,"msg_id":37,"type":"echo_ok"}}
2026/10/02 11:31:27 Received {c2 n0 {"echo":"Please echo 88","type":"echo","msg_id":38}}
2026/10/02 11:31:27 Sent {"src":"n0","dest":"c2","body":{"echo":"Please echo 88","in_reply_to":38,"msg_id":38,"type":"echo_ok"}}
2026/10/02 11:31:27 Received {c2 n0 {"echo":"Please echo 119","type":"echo","msg_id":39}}
2026/10/02 11:31:27 Sent {"src":"n0","dest":"c2","body":{"echo":"Please echo 119","in_reply_to":39,"msg_id":39,"type":"echo_ok"}}
2026/10/02 11:31:28 Received {c2 n0 {"echo":"Please echo 122","type":"echo","msg_id":40}}
2026/10/02 11:31:28 Sent {"src":"n0","dest":"c2","body":{"echo":"Please echo 122","in_reply_to":40,"msg_id":40,"type":"echo_ok"}}
2026/10/02 11:31:28 Received {c2 n0 {"echo":"Please echo 70","type":"echo","msg_id":41}}
2026/10/02 11:31:28 Sent {"src":"n0","dest":"c2","body":{"echo":"Please echo 70","in_reply_to":41,"msg_id":41,"type":"echo_ok"}}
2026/10/02 11:31:28 Received {c2 n0 {"echo":"Please echo 80","type":"echo","msg_id":42}}
2026/10/02 11:31:28 Sent {"src":"n0","dest":"c2","body":{"echo":"Please echo 80","in_reply_to":42,"msg_id":42,"type":"echo_ok"}}
2026/10/02 11:31:28 Received {c2 n0 {"echo":"Please echo 45","type":"echo","msg_id":43}}
2026/10/02 11:31:28 Sent {"src":"n0","dest":"c2","body":{"echo":"Please echo 45","in_reply_to":43,"msg_id":43,"type":"echo_ok"}}
2026/10/02 11:31:28 Received {c2 n0 {"echo":"Please echo 98","type":"echo","msg_id":44}}
2026/10/02 11:31:28 Sent {"src":"n0","dest":"c2","body":{"echo":"Please echo 98","in_reply_to":44,"msg_id":44,"type":"echo_ok"}}
2026/10/02 11:31:29 Received {c2 n0 {"echo":"Please echo 111","type":"echo","msg_id":45}}
2026/10/02 11:31:29 Sent {"src":"n0","dest":"c2","body":{"echo":"Please echo 111","in_reply_to":45,"msg_id":45,"type":"echo_ok"}}
2026/10/02 11:31:29 Received {c2 n0 {"echo":"Please echo 54","type":"echo","msg_id":46}}
2026/10/02 11:31:29 Sent {"src":"n0","dest":"c2","body":{"echo":"Please echo 54","in_reply_to":46,"msg_id":46,"type":"echo_ok"}}
2026/10/02 11:31:29 Received {c2 n0 {"echo":"Please echo 61","type":"echo","msg_id":47}}
2026/10/02 11:31:29 Sent {"src":"n0","dest":"c2","body":{"echo":"Please echo 61","in_reply_to":47,"msg_id":47,"type":"echo_ok"}}
2026/10/02 11:31:29 Received {c2 n0 {"echo":"Please echo 104","type":"echo","msg_id":48}}
2026/10/02 11:31:29 Sent {"src":"n0","dest":"c2","body":{"echo":"Please echo 104","in_reply_to":48,"msg_id":48,"type":"echo_ok"}}
2026/10/02 11:31:29 Received {c2 n0 {"echo":"Please echo 127","type":"echo","msg_id":49}}
2026/10/02 11:31:29 Sent {"src":"n0","dest":"c2","body":{"echo":"Please echo 127","in_reply_to":49,"msg_id":49,"type":"echo_ok"}}
2026/10/02 11:31:30 Received {c2 n0 {"echo":"Please echo 44","type":"echo","msg_id":50}}
2026/10/02 11:31:30 Sent {"src":"n0","dest":"c2","body":{"echo":"Please echo 44","in_reply_to":50,"msg_id":50,"type":"echo_ok"}}
