2026-10-02 11:32:28,023{GMT}	INFO	[jepsen test runner] jepsen.core: Command line:
lein run test -w echo --bin ./maelstrom-echo --node-count 1 --time-limit 3
2026-10-02 11:32:28,041{GMT}	INFO	[jepsen test runner] jepsen.core: Running test:
{:args []
 :remote
 #jepsen.control.retry.Remote{:remote #jepsen.control.scp.Remote{:cmd-remote #jepsen.control.sshj.SSHJRemote{:concurrency-limit 6,
                                                                                                             :conn-spec nil,
                                                                                                             :client nil,
                                                                                                             :semaphore nil},
                                                                 :conn-spec nil},
                              :conn nil}
 :log-net-send false
 :node-count 1
 :availability nil
 :max-txn-length 4
 :concurrency 1
 :db
 #object[maelstrom.db$db$reify__16612
         "0x71639428"
         "maelstrom.db$db$reify__16612@71639428"]
 :max-writes-per-key 16
 :leave-db-running? false
 :name "echo"
 :logging-json? false
 :start-time
 #object[org.joda.time.DateTime "0x1cb3de26" "2026-10-02T11:32:28.008+07:00"]
 :nemesis-interval 10
 :net
 #object[maelstrom.net$jepsen_net$reify__15721
         "0x7307e418"
         "maelstrom.net$jepsen_net$reify__15721@7307e418"]
 :client
 #object[maelstrom.workload.echo$client$reify__17402
         "0x30d5668a"
         "maelstrom.workload.echo$client$reify__17402@30d5668a"]
 :barrier
 #object[java.util.concurrent.CyclicBarrier
         "0x2769d577"
         "java.util.concurrent.CyclicBarrier@2769d577"]
 :log-stderr false
 :pure-generators true
 :ssh {:dummy? true}
 :rate 5
 :checker
 #object[jepsen.checker$compose$reify__11089
         "0x25297d52"
         "jepsen.checker$compose$reify__11089@25297d52"]
 :argv
 ("test"
  "-w"
  "echo"
  "--bin"
  "./maelstrom-echo"
  "--node-count"
  "1"
  "--time-limit"
  "3")
 :nemesis
 (jepsen.nemesis.ReflCompose
  {:fm {:start-partition 0,
        :stop-partition 0,
        :kill 1,
        :start 1,
        :pause 1,
        :resume 1},
   :nemeses [#unprintable "jepsen.nemesis.combined$partition_nemesis$reify__16905@69c27acb"
             #unprintable "jepsen.nemesis.combined$db_nemesis$reify__16886@72b8b04f"]})
 :nodes ["n0"]
 :test-count 1
 :latency {:mean 0, :dist :constant}
 :bin "./maelstrom-echo"
 :generator
 #object[jepsen.util.Forgettable
         "0x6757ed9e"
         (jepsen.generator.TimeLimit
          {:limit 3000000000,
           :cutoff nil,
           :gen (jepsen.generator.Any
                 {:gens [(jepsen.generator.OnThreads
                          {:f #{:nemesis},
                           :context-filter #object[jepsen.generator.context$make_thread_filter$lazy_filter__12077
                                                   "0xba65354"
                                                   "jepsen.generator.context$make_thread_filter$lazy_filter__12077@ba65354"],
                           :gen nil})
                         (jepsen.generator.OnThreads
                          {:f #jepsen.generator.context.AllBut{:element :nemesis},
                           :context-filter #object[jepsen.generator.context$make_thread_filter$lazy_filter__12077
                                                   "0x647dcc5e"
                                                   "jepsen.generator.context$make_thread_filter$lazy_filter__12077@647dcc5e"],
                           :gen (jepsen.generator.Stagger
                                 {:dt 400000000,
                                  :next-time nil,
                                  :gen (jepsen.generator.EachThread
                                        {:fresh-gen #object[maelstrom.workload.echo$workload$fn__17421
                                                            "0x5af850f1"
                                                            "maelstrom.workload.echo$workload$fn__17421@5af850f1"],
                                         :context-filters #object[clojure.core$promise$reify__8621
                                                                  "0x3b6f7ab3"
                                                                  {:status :pending,
                                                                   :val nil}],
                                         :gens {}})})})]})})]
 :log-net-recv false
 :os
 #object[maelstrom.net$jepsen_os$reify__15724
         "0x2eab279"
         "maelstrom.net$jepsen_os$reify__15724@2eab279"]
 :time-limit 3
 :workload :echo
 :consistency-models [:strict-serializable]
 :topology :grid}

2026-10-02 11:32:28,559{GMT}	INFO	[jepsen node n0] maelstrom.net: Starting Maelstrom network
2026-10-02 11:32:28,559{GMT}	INFO	[jepsen test runner] jepsen.db: Tearing down DB
2026-10-02 11:32:28,559{GMT}	INFO	[jepsen test runner] jepsen.db: Setting up DB
2026-10-02 11:32:28,560{GMT}	INFO	[jepsen node n0] maelstrom.service: Starting services: (lin-kv lin-tso lww-kv seq-kv)
2026-10-02 11:32:28,561{GMT}	INFO	[jepsen node n0] maelstrom.db: Setting up n0
2026-10-02 11:32:28,561{GMT}	INFO	[jepsen node n0] maelstrom.process: launching ./maelstrom-echo []
2026-10-02 11:32:28,571{GMT}	INFO	[jepsen test runner] jepsen.core: Relative time begins now
2026-10-02 11:32:28,577{GMT}	INFO	[jepsen worker 0] jepsen.util: 0	:invoke	:echo	"Please echo 96"
2026-10-02 11:32:28,578{GMT}	INFO	[jepsen worker 0] jepsen.util: 0	:ok	:echo	{:echo "Please echo 96", :in_reply_to 1, :msg_id 1, :type "echo_ok"}
2026-10-02 11:32:28,779{GMT}	INFO	[jepsen worker 0] jepsen.util: 0	:invoke	:echo	"Please echo 64"
2026-10-02 11:32:28,781{GMT}	INFO	[jepsen worker 0] jepsen.util: 0	:ok	:echo	{:echo "Please echo 64", :in_reply_to 2, :msg_id 2, :type "echo_ok"}
2026-10-02 11:32:28,930{GMT}	INFO	[jepsen worker 0] jepsen.util: 0	:invoke	:echo	"Please echo 36"
2026-10-02 11:32:28,932{GMT}	INFO	[jepsen worker 0] jepsen.util: 0	:ok	:echo	{:echo "Please echo 36", :in_reply_to 3, :msg_id 3, :type "echo_ok"}
2026-10-02 11:32:29,126{GMT}	INFO	[jepsen worker 0] jepsen.util: 0	:invoke	:echo	"Please echo 8"
2026-10-02 11:32:29,128{GMT}	INFO	[jepsen worker 0] jepsen.util: 0	:ok	:echo	{:echo "Please echo 8", :in_reply_to 4, :msg_id 4, :type "echo_ok"}
2026-10-02 11:32:29,169{GMT}	INFO	[jepsen worker 0] jepsen.util: 0	:invoke	:echo	"Please echo 72"
2026-10-02 11:32:29,169{GMT}	INFO	[jepsen worker 0] jepsen.util: 0	:ok	:echo	{:echo "Please echo 72", :in_reply_to 5, :msg_id 5, :type "echo_ok"}
2026-10-02 11:32:29,501{GMT}	INFO	[jepsen worker 0] jepsen.util: 0	:invoke	:echo	"Please echo 34"
2026-10-02 11:32:29,503{GMT}	INFO	[jepsen worker 0] jepsen.util: 0	:ok	:echo	{:echo "Please echo 34", :in_reply_to 6, :msg_id 6, :type "echo_ok"}
2026-10-02 11:32:29,803{GMT}	INFO	[jepsen worker 0] jepsen.util: 0	:invoke	:echo	"Please echo 113"
2026-10-02 11:32:29,805{GMT}	INFO	[jepsen worker 0] jepsen.util: 0	:ok	:echo	{:echo "Please echo 113", :in_reply_to 7, :msg_id 7, :type "echo_ok"}
2026-10-02 11:32:30,102{GMT}	INFO	[jepsen worker 0] jepsen.util: 0	:invoke	:echo	"Please echo 118"
2026-10-02 11:32:30,103{GMT}	INFO	[jepsen worker 0] jepsen.util: 0	:ok	:echo	{:echo "Please echo 118", :in_reply_to 8, :msg_id 8, :type "echo_ok"}
2026-10-02 11:32:30,140{GMT}	INFO	[jepsen worker 0] jepsen.util: 0	:invoke	:echo	"Please echo 77"
2026-10-02 11:32:30,142{GMT}	INFO	[jepsen worker 0] jepsen.util: 0	:ok	:echo	{:echo "Please echo 77", :in_reply_to 9, :msg_id 9, :type "echo_ok"}
2026-10-02 11:32:30,181{GMT}	INFO	[jepsen worker 0] jepsen.util: 0	:invoke	:echo	"Please echo 44"
2026-10-02 11:32:30,183{GMT}	INFO	[jepsen worker 0] jepsen.util: 0	:ok	:echo	{:echo "Please echo 44", :in_reply_to 10, :msg_id 10, :type "echo_ok"}
2026-10-02 11:32:30,423{GMT}	INFO	[jepsen worker 0] jepsen.util: 0	:invoke	:echo	"Please echo 52"
2026-10-02 11:32:30,426{GMT}	INFO	[jepsen worker 0] jepsen.util: 0	:ok	:echo	{:echo "Please echo 52", :in_reply_to 11, :msg_id 11, :type "echo_ok"}
2026-10-02 11:32:30,658{GMT}	INFO	[jepsen worker 0] jepsen.util: 0	:invoke	:echo	"Please echo 34"
2026-10-02 11:32:30,660{GMT}	INFO	[jepsen worker 0] jepsen.util: 0	:ok	:echo	{:echo "Please echo 34", :in_reply_to 12, :msg_id 12, :type "echo_ok"}
2026-10-02 11:32:30,941{GMT}	INFO	[jepsen worker 0] jepsen.util: 0	:invoke	:echo	"Please echo 126"
2026-10-02 11:32:30,945{GMT}	INFO	[jepsen worker 0] jepsen.util: 0	:ok	:echo	{:echo "Please echo 126", :in_reply_to 13, :msg_id 13, :type "echo_ok"}
2026-10-02 11:32:31,016{GMT}	INFO	[jepsen worker 0] jepsen.util: 0	:invoke	:echo	"Please echo 87"
2026-10-02 11:32:31,017{GMT}	INFO	[jepsen worker 0] jepsen.util: 0	:ok	:echo	{:echo "Please echo 87", :in_reply_to 14, :msg_id 14, :type "echo_ok"}
2026-10-02 11:32:31,110{GMT}	INFO	[jepsen worker 0] jepsen.util: 0	:invoke	:echo	"Please echo 91"
2026-10-02 11:32:31,111{GMT}	INFO	[jepsen worker 0] jepsen.util: 0	:ok	:echo	{:echo "Please echo 91", :in_reply_to 15, :msg_id 15, :type "echo_ok"}
2026-10-02 11:32:31,427{GMT}	INFO	[jepsen worker 0] jepsen.util: 0	:invoke	:echo	"Please echo 110"
2026-10-02 11:32:31,431{GMT}	INFO	[jepsen worker 0] jepsen.util: 0	:ok	:echo	{:echo "Please echo 110", :in_reply_to 16, :msg_id 16, :type "echo_ok"}
2026-10-02 11:32:31,443{GMT}	INFO	[jepsen test runner] jepsen.core: Run complete, writing
2026-10-02 11:32:31,461{GMT}	INFO	[jepsen node n0] maelstrom.db: Tearing down n0
2026-10-02 11:32:32,580{GMT}	INFO	[jepsen node n0] maelstrom.net: Shutting down Maelstrom network
2026-10-02 11:32:32,583{GMT}	INFO	[jepsen test runner] jepsen.core: Analyzing...
2026-10-02 11:32:32,730{GMT}	INFO	[jepsen test runner] jepsen.core: Analysis complete
2026-10-02 11:32:32,735{GMT}	INFO	[jepsen results] jepsen.store: Wrote /Users/ryan/DATA/PARA SOURCE SYSTEM /Distributed System/Fly IO/maelstrom-echo/store/echo/20261002T113228.008+0700/results.edn
2026-10-02 11:32:32,758{GMT}	INFO	[jepsen test runner] jepsen.core: {:perf {:latency-graph {:valid? true},
        :rate-graph {:valid? true},
        :valid? true},
 :timeline {:valid? true},
 :exceptions {:valid? true},
 :stats {:valid? true,
         :count 16,
         :ok-count 16,
         :fail-count 0,
         :info-count 0,
         :by-f {:echo {:valid? true,
                       :count 16,
                       :ok-count 16,
                       :fail-count 0,
                       :info-count 0}}},
 :availability {:valid? true, :ok-fraction 1.0},
 :net {:all {:send-count 34,
             :recv-count 34,
             :msg-count 34,
             :msgs-per-op 2.125},
       :clients {:send-count 34, :recv-count 34, :msg-count 34},
       :servers {:send-count 0,
                 :recv-count 0,
                 :msg-count 0,
                 :msgs-per-op 0.0},
       :valid? true},
 :workload {:valid? true, :errors ()},
 :valid? true}


Everything looks good! ヽ(‘ー`)ノ
