2026-10-02 11:33:36,007{GMT}	INFO	[jepsen test runner] jepsen.core: Command line:
lein run test -w echo --bin ./maelstrom-echo --node-count 1 --time-limit 10
2026-10-02 11:33:36,025{GMT}	INFO	[jepsen test runner] jepsen.core: Running test:
{:args []
 :remote
 #jepsen.control.retry.Remote{:remote #jepsen.control.scp.Remote{:cmd-remote #jepsen.control.sshj.SSHJRemote{:concurrency-limit 6,
                                                                                                             :conn-spec nil,
                                                                                                             :client nil,
                                                                                                             :semaphore nil},
                                                                 :conn-spec nil},
                              :conn nil}
 :log-net-send false
 :node-count 1
 :availability nil
 :max-txn-length 4
 :concurrency 1
 :db
 #object[maelstrom.db$db$reify__16612
         "0x71639428"
         "maelstrom.db$db$reify__16612@71639428"]
 :max-writes-per-key 16
 :leave-db-running? false
 :name "echo"
 :logging-json? false
 :start-time
 #object[org.joda.time.DateTime "0x1cb3de26" "2026-10-02T11:33:35.992+07:00"]
 :nemesis-interval 10
 :net
 #object[maelstrom.net$jepsen_net$reify__15721
         "0x7307e418"
         "maelstrom.net$jepsen_net$reify__15721@7307e418"]
 :client
 #object[maelstrom.workload.echo$client$reify__17402
         "0x30d5668a"
         "maelstrom.workload.echo$client$reify__17402@30d5668a"]
 :barrier
 #object[java.util.concurrent.CyclicBarrier
         "0x2769d577"
         "java.util.concurrent.CyclicBarrier@2769d577"]
 :log-stderr false
 :pure-generators true
 :ssh {:dummy? true}
 :rate 5
 :checker
 #object[jepsen.checker$compose$reify__11089
         "0x25297d52"
         "jepsen.checker$compose$reify__11089@25297d52"]
 :argv
 ("test"
  "-w"
  "echo"
  "--bin"
  "./maelstrom-echo"
  "--node-count"
  "1"
  "--time-limit"
  "10")
 :nemesis
 (jepsen.nemesis.ReflCompose
  {:fm {:start-partition 0,
        :stop-partition 0,
        :kill 1,
        :start 1,
        :pause 1,
        :resume 1},
   :nemeses [#unprintable "jepsen.nemesis.combined$partition_nemesis$reify__16905@69c27acb"
             #unprintable "jepsen.nemesis.combined$db_nemesis$reify__16886@72b8b04f"]})
 :nodes ["n0"]
 :test-count 1
 :latency {:mean 0, :dist :constant}
 :bin "./maelstrom-echo"
 :generator
 #object[jepsen.util.Forgettable
         "0x6757ed9e"
         (jepsen.generator.TimeLimit
          {:limit 10000000000,
           :cutoff nil,
           :gen (jepsen.generator.Any
                 {:gens [(jepsen.generator.OnThreads
                          {:f #{:nemesis},
                           :context-filter #object[jepsen.generator.context$make_thread_filter$lazy_filter__12077
                                                   "0xba65354"
                                                   "jepsen.generator.context$make_thread_filter$lazy_filter__12077@ba65354"],
                           :gen nil})
                         (jepsen.generator.OnThreads
                          {:f #jepsen.generator.context.AllBut{:element :nemesis},
                           :context-filter #object[jepsen.generator.context$make_thread_filter$lazy_filter__12077
                                                   "0x647dcc5e"
                                                   "jepsen.generator.context$make_thread_filter$lazy_filter__12077@647dcc5e"],
                           :gen (jepsen.generator.Stagger
                                 {:dt 400000000,
                                  :next-time nil,
                                  :gen (jepsen.generator.EachThread
                                        {:fresh-gen #object[maelstrom.workload.echo$workload$fn__17421
                                                            "0x5af850f1"
                                                            "maelstrom.workload.echo$workload$fn__17421@5af850f1"],
                                         :context-filters #object[clojure.core$promise$reify__8621
                                                                  "0x3b6f7ab3"
                                                                  {:status :pending,
                                                                   :val nil}],
                                         :gens {}})})})]})})]
 :log-net-recv false
 :os
 #object[maelstrom.net$jepsen_os$reify__15724
         "0x2eab279"
         "maelstrom.net$jepsen_os$reify__15724@2eab279"]
 :time-limit 10
 :workload :echo
 :consistency-models [:strict-serializable]
 :topology :grid}

2026-10-02 11:33:36,562{GMT}	INFO	[jepsen node n0] maelstrom.net: Starting Maelstrom network
2026-10-02 11:33:36,562{GMT}	INFO	[jepsen test runner] jepsen.db: Tearing down DB
2026-10-02 11:33:36,563{GMT}	INFO	[jepsen test runner] jepsen.db: Setting up DB
2026-10-02 11:33:36,564{GMT}	INFO	[jepsen node n0] maelstrom.service: Starting services: (lin-kv lin-tso lww-kv seq-kv)
2026-10-02 11:33:36,564{GMT}	INFO	[jepsen node n0] maelstrom.db: Setting up n0
2026-10-02 11:33:36,565{GMT}	INFO	[jepsen node n0] maelstrom.process: launching ./maelstrom-echo []
2026-10-02 11:33:36,579{GMT}	INFO	[jepsen test runner] jepsen.core: Relative time begins now
2026-10-02 11:33:36,584{GMT}	INFO	[jepsen worker 0] jepsen.util: 0	:invoke	:echo	"Please echo 60"
2026-10-02 11:33:36,586{GMT}	INFO	[jepsen worker 0] jepsen.util: 0	:ok	:echo	{:echo "Please echo 60", :in_reply_to 1, :msg_id 1, :type "echo_ok"}
2026-10-02 11:33:36,668{GMT}	INFO	[jepsen worker 0] jepsen.util: 0	:invoke	:echo	"Please echo 66"
2026-10-02 11:33:36,669{GMT}	INFO	[jepsen worker 0] jepsen.util: 0	:ok	:echo	{:echo "Please echo 66", :in_reply_to 2, :msg_id 2, :type "echo_ok"}
2026-10-02 11:33:36,752{GMT}	INFO	[jepsen worker 0] jepsen.util: 0	:invoke	:echo	"Please echo 25"
2026-10-02 11:33:36,753{GMT}	INFO	[jepsen worker 0] jepsen.util: 0	:ok	:echo	{:echo "Please echo 25", :in_reply_to 3, :msg_id 3, :type "echo_ok"}
2026-10-02 11:33:36,959{GMT}	INFO	[jepsen worker 0] jepsen.util: 0	:invoke	:echo	"Please echo 85"
2026-10-02 11:33:36,962{GMT}	INFO	[jepsen worker 0] jepsen.util: 0	:ok	:echo	{:echo "Please echo 85", :in_reply_to 4, :msg_id 4, :type "echo_ok"}
2026-10-02 11:33:36,996{GMT}	INFO	[jepsen worker 0] jepsen.util: 0	:invoke	:echo	"Please echo 93"
2026-10-02 11:33:36,997{GMT}	INFO	[jepsen worker 0] jepsen.util: 0	:ok	:echo	{:echo "Please echo 93", :in_reply_to 5, :msg_id 5, :type "echo_ok"}
2026-10-02 11:33:37,055{GMT}	INFO	[jepsen worker 0] jepsen.util: 0	:invoke	:echo	"Please echo 108"
2026-10-02 11:33:37,058{GMT}	INFO	[jepsen worker 0] jepsen.util: 0	:ok	:echo	{:echo "Please echo 108", :in_reply_to 6, :msg_id 6, :type "echo_ok"}
2026-10-02 11:33:37,444{GMT}	INFO	[jepsen worker 0] jepsen.util: 0	:invoke	:echo	"Please echo 111"
2026-10-02 11:33:37,445{GMT}	INFO	[jepsen worker 0] jepsen.util: 0	:ok	:echo	{:echo "Please echo 111", :in_reply_to 7, :msg_id 7, :type "echo_ok"}
2026-10-02 11:33:37,697{GMT}	INFO	[jepsen worker 0] jepsen.util: 0	:invoke	:echo	"Please echo 115"
2026-10-02 11:33:37,700{GMT}	INFO	[jepsen worker 0] jepsen.util: 0	:ok	:echo	{:echo "Please echo 115", :in_reply_to 8, :msg_id 8, :type "echo_ok"}
2026-10-02 11:33:37,937{GMT}	INFO	[jepsen worker 0] jepsen.util: 0	:invoke	:echo	"Please echo 81"
2026-10-02 11:33:37,940{GMT}	INFO	[jepsen worker 0] jepsen.util: 0	:ok	:echo	{:echo "Please echo 81", :in_reply_to 9, :msg_id 9, :type "echo_ok"}
2026-10-02 11:33:38,331{GMT}	INFO	[jepsen worker 0] jepsen.util: 0	:invoke	:echo	"Please echo 66"
2026-10-02 11:33:38,334{GMT}	INFO	[jepsen worker 0] jepsen.util: 0	:ok	:echo	{:echo "Please echo 66", :in_reply_to 10, :msg_id 10, :type "echo_ok"}
2026-10-02 11:33:38,414{GMT}	INFO	[jepsen worker 0] jepsen.util: 0	:invoke	:echo	"Please echo 69"
2026-10-02 11:33:38,417{GMT}	INFO	[jepsen worker 0] jepsen.util: 0	:ok	:echo	{:echo "Please echo 69", :in_reply_to 11, :msg_id 11, :type "echo_ok"}
2026-10-02 11:33:38,450{GMT}	INFO	[jepsen worker 0] jepsen.util: 0	:invoke	:echo	"Please echo 48"
2026-10-02 11:33:38,452{GMT}	INFO	[jepsen worker 0] jepsen.util: 0	:ok	:echo	{:echo "Please echo 48", :in_reply_to 12, :msg_id 12, :type "echo_ok"}
2026-10-02 11:33:38,498{GMT}	INFO	[jepsen worker 0] jepsen.util: 0	:invoke	:echo	"Please echo 102"
2026-10-02 11:33:38,501{GMT}	INFO	[jepsen worker 0] jepsen.util: 0	:ok	:echo	{:echo "Please echo 102", :in_reply_to 13, :msg_id 13, :type "echo_ok"}
2026-10-02 11:33:38,814{GMT}	INFO	[jepsen worker 0] jepsen.util: 0	:invoke	:echo	"Please echo 18"
2026-10-02 11:33:38,816{GMT}	INFO	[jepsen worker 0] jepsen.util: 0	:ok	:echo	{:echo "Please echo 18", :in_reply_to 14, :msg_id 14, :type "echo_ok"}
2026-10-02 11:33:39,083{GMT}	INFO	[jepsen worker 0] jepsen.util: 0	:invoke	:echo	"Please echo 43"
2026-10-02 11:33:39,087{GMT}	INFO	[jepsen worker 0] jepsen.util: 0	:ok	:echo	{:echo "Please echo 43", :in_reply_to 15, :msg_id 15, :type "echo_ok"}
2026-10-02 11:33:39,445{GMT}	INFO	[jepsen worker 0] jepsen.util: 0	:invoke	:echo	"Please echo 31"
2026-10-02 11:33:39,447{GMT}	INFO	[jepsen worker 0] jepsen.util: 0	:ok	:echo	{:echo "Please echo 31", :in_reply_to 16, :msg_id 16, :type "echo_ok"}
2026-10-02 11:33:39,542{GMT}	INFO	[jepsen worker 0] jepsen.util: 0	:invoke	:echo	"Please echo 27"
2026-10-02 11:33:39,543{GMT}	INFO	[jepsen worker 0] jepsen.util: 0	:ok	:echo	{:echo "Please echo 27", :in_reply_to 17, :msg_id 17, :type "echo_ok"}
2026-10-02 11:33:39,656{GMT}	INFO	[jepsen worker 0] jepsen.util: 0	:invoke	:echo	"Please echo 57"
2026-10-02 11:33:39,658{GMT}	INFO	[jepsen worker 0] jepsen.util: 0	:ok	:echo	{:echo "Please echo 57", :in_reply_to 18, :msg_id 18, :type "echo_ok"}
2026-10-02 11:33:40,035{GMT}	INFO	[jepsen worker 0] jepsen.util: 0	:invoke	:echo	"Please echo 90"
2026-10-02 11:33:40,038{GMT}	INFO	[jepsen worker 0] jepsen.util: 0	:ok	:echo	{:echo "Please echo 90", :in_reply_to 19, :msg_id 19, :type "echo_ok"}
2026-10-02 11:33:40,355{GMT}	INFO	[jepsen worker 0] jepsen.util: 0	:invoke	:echo	"Please echo 126"
2026-10-02 11:33:40,357{GMT}	INFO	[jepsen worker 0] jepsen.util: 0	:ok	:echo	{:echo "Please echo 126", :in_reply_to 20, :msg_id 20, :type "echo_ok"}
2026-10-02 11:33:40,423{GMT}	INFO	[jepsen worker 0] jepsen.util: 0	:invoke	:echo	"Please echo 94"
2026-10-02 11:33:40,426{GMT}	INFO	[jepsen worker 0] jepsen.util: 0	:ok	:echo	{:echo "Please echo 94", :in_reply_to 21, :msg_id 21, :type "echo_ok"}
2026-10-02 11:33:40,672{GMT}	INFO	[jepsen worker 0] jepsen.util: 0	:invoke	:echo	"Please echo 124"
2026-10-02 11:33:40,675{GMT}	INFO	[jepsen worker 0] jepsen.util: 0	:ok	:echo	{:echo "Please echo 124", :in_reply_to 22, :msg_id 22, :type "echo_ok"}
2026-10-02 11:33:40,945{GMT}	INFO	[jepsen worker 0] jepsen.util: 0	:invoke	:echo	"Please echo 98"
2026-10-02 11:33:40,948{GMT}	INFO	[jepsen worker 0] jepsen.util: 0	:ok	:echo	{:echo "Please echo 98", :in_reply_to 23, :msg_id 23, :type "echo_ok"}
2026-10-02 11:33:41,263{GMT}	INFO	[jepsen worker 0] jepsen.util: 0	:invoke	:echo	"Please echo 36"
2026-10-02 11:33:41,266{GMT}	INFO	[jepsen worker 0] jepsen.util: 0	:ok	:echo	{:echo "Please echo 36", :in_reply_to 24, :msg_id 24, :type "echo_ok"}
2026-10-02 11:33:41,376{GMT}	INFO	[jepsen worker 0] jepsen.util: 0	:invoke	:echo	"Please echo 15"
2026-10-02 11:33:41,378{GMT}	INFO	[jepsen worker 0] jepsen.util: 0	:ok	:echo	{:echo "Please echo 15", :in_reply_to 25, :msg_id 25, :type "echo_ok"}
2026-10-02 11:33:41,755{GMT}	INFO	[jepsen worker 0] jepsen.util: 0	:invoke	:echo	"Please echo 83"
2026-10-02 11:33:41,758{GMT}	INFO	[jepsen worker 0] jepsen.util: 0	:ok	:echo	{:echo "Please echo 83", :in_reply_to 26, :msg_id 26, :type "echo_ok"}
2026-10-02 11:33:41,894{GMT}	INFO	[jepsen worker 0] jepsen.util: 0	:invoke	:echo	"Please echo 31"
2026-10-02 11:33:41,897{GMT}	INFO	[jepsen worker 0] jepsen.util: 0	:ok	:echo	{:echo "Please echo 31", :in_reply_to 27, :msg_id 27, :type "echo_ok"}
2026-10-02 11:33:42,206{GMT}	INFO	[jepsen worker 0] jepsen.util: 0	:invoke	:echo	"Please echo 126"
2026-10-02 11:33:42,209{GMT}	INFO	[jepsen worker 0] jepsen.util: 0	:ok	:echo	{:echo "Please echo 126", :in_reply_to 28, :msg_id 28, :type "echo_ok"}
2026-10-02 11:33:42,240{GMT}	INFO	[jepsen worker 0] jepsen.util: 0	:invoke	:echo	"Please echo 78"
2026-10-02 11:33:42,242{GMT}	INFO	[jepsen worker 0] jepsen.util: 0	:ok	:echo	{:echo "Please echo 78", :in_reply_to 29, :msg_id 29, :type "echo_ok"}
2026-10-02 11:33:42,566{GMT}	INFO	[jepsen worker 0] jepsen.util: 0	:invoke	:echo	"Please echo 126"
2026-10-02 11:33:42,567{GMT}	INFO	[jepsen worker 0] jepsen.util: 0	:ok	:echo	{:echo "Please echo 126", :in_reply_to 30, :msg_id 30, :type "echo_ok"}
2026-10-02 11:33:42,742{GMT}	INFO	[jepsen worker 0] jepsen.util: 0	:invoke	:echo	"Please echo 27"
2026-10-02 11:33:42,743{GMT}	INFO	[jepsen worker 0] jepsen.util: 0	:ok	:echo	{:echo "Please echo 27", :in_reply_to 31, :msg_id 31, :type "echo_ok"}
2026-10-02 11:33:42,839{GMT}	INFO	[jepsen worker 0] jepsen.util: 0	:invoke	:echo	"Please echo 34"
2026-10-02 11:33:42,841{GMT}	INFO	[jepsen worker 0] jepsen.util: 0	:ok	:echo	{:echo "Please echo 34", :in_reply_to 32, :msg_id 32, :type "echo_ok"}
2026-10-02 11:33:42,944{GMT}	INFO	[jepsen worker 0] jepsen.util: 0	:invoke	:echo	"Please echo 95"
2026-10-02 11:33:42,945{GMT}	INFO	[jepsen worker 0] jepsen.util: 0	:ok	:echo	{:echo "Please echo 95", :in_reply_to 33, :msg_id 33, :type "echo_ok"}
2026-10-02 11:33:43,136{GMT}	INFO	[jepsen worker 0] jepsen.util: 0	:invoke	:echo	"Please echo 114"
2026-10-02 11:33:43,138{GMT}	INFO	[jepsen worker 0] jepsen.util: 0	:ok	:echo	{:echo "Please echo 114", :in_reply_to 34, :msg_id 34, :type "echo_ok"}
2026-10-02 11:33:43,334{GMT}	INFO	[jepsen worker 0] jepsen.util: 0	:invoke	:echo	"Please echo 32"
2026-10-02 11:33:43,336{GMT}	INFO	[jepsen worker 0] jepsen.util: 0	:ok	:echo	{:echo "Please echo 32", :in_reply_to 35, :msg_id 35, :type "echo_ok"}
2026-10-02 11:33:43,481{GMT}	INFO	[jepsen worker 0] jepsen.util: 0	:invoke	:echo	"Please echo 123"
2026-10-02 11:33:43,482{GMT}	INFO	[jepsen worker 0] jepsen.util: 0	:ok	:echo	{:echo "Please echo 123", :in_reply_to 36, :msg_id 36, :type "echo_ok"}
2026-10-02 11:33:43,747{GMT}	INFO	[jepsen worker 0] jepsen.util: 0	:invoke	:echo	"Please echo 115"
2026-10-02 11:33:43,748{GMT}	INFO	[jepsen worker 0] jepsen.util: 0	:ok	:echo	{:echo "Please echo 115", :in_reply_to 37, :msg_id 37, :type "echo_ok"}
2026-10-02 11:33:43,998{GMT}	INFO	[jepsen worker 0] jepsen.util: 0	:invoke	:echo	"Please echo 54"
2026-10-02 11:33:43,999{GMT}	INFO	[jepsen worker 0] jepsen.util: 0	:ok	:echo	{:echo "Please echo 54", :in_reply_to 38, :msg_id 38, :type "echo_ok"}
2026-10-02 11:33:44,090{GMT}	INFO	[jepsen worker 0] jepsen.util: 0	:invoke	:echo	"Please echo 121"
2026-10-02 11:33:44,090{GMT}	INFO	[jepsen worker 0] jepsen.util: 0	:ok	:echo	{:echo "Please echo 121", :in_reply_to 39, :msg_id 39, :type "echo_ok"}
2026-10-02 11:33:44,459{GMT}	INFO	[jepsen worker 0] jepsen.util: 0	:invoke	:echo	"Please echo 72"
2026-10-02 11:33:44,461{GMT}	INFO	[jepsen worker 0] jepsen.util: 0	:ok	:echo	{:echo "Please echo 72", :in_reply_to 40, :msg_id 40, :type "echo_ok"}
2026-10-02 11:33:44,601{GMT}	INFO	[jepsen worker 0] jepsen.util: 0	:invoke	:echo	"Please echo 80"
2026-10-02 11:33:44,602{GMT}	INFO	[jepsen worker 0] jepsen.util: 0	:ok	:echo	{:echo "Please echo 80", :in_reply_to 41, :msg_id 41, :type "echo_ok"}
2026-10-02 11:33:44,639{GMT}	INFO	[jepsen worker 0] jepsen.util: 0	:invoke	:echo	"Please echo 118"
2026-10-02 11:33:44,640{GMT}	INFO	[jepsen worker 0] jepsen.util: 0	:ok	:echo	{:echo "Please echo 118", :in_reply_to 42, :msg_id 42, :type "echo_ok"}
2026-10-02 11:33:44,886{GMT}	INFO	[jepsen worker 0] jepsen.util: 0	:invoke	:echo	"Please echo 75"
2026-10-02 11:33:44,890{GMT}	INFO	[jepsen worker 0] jepsen.util: 0	:ok	:echo	{:echo "Please echo 75", :in_reply_to 43, :msg_id 43, :type "echo_ok"}
2026-10-02 11:33:44,924{GMT}	INFO	[jepsen worker 0] jepsen.util: 0	:invoke	:echo	"Please echo 55"
2026-10-02 11:33:44,925{GMT}	INFO	[jepsen worker 0] jepsen.util: 0	:ok	:echo	{:echo "Please echo 55", :in_reply_to 44, :msg_id 44, :type "echo_ok"}
2026-10-02 11:33:45,293{GMT}	INFO	[jepsen worker 0] jepsen.util: 0	:invoke	:echo	"Please echo 119"
2026-10-02 11:33:45,295{GMT}	INFO	[jepsen worker 0] jepsen.util: 0	:ok	:echo	{:echo "Please echo 119", :in_reply_to 45, :msg_id 45, :type "echo_ok"}
2026-10-02 11:33:45,505{GMT}	INFO	[jepsen worker 0] jepsen.util: 0	:invoke	:echo	"Please echo 38"
2026-10-02 11:33:45,506{GMT}	INFO	[jepsen worker 0] jepsen.util: 0	:ok	:echo	{:echo "Please echo 38", :in_reply_to 46, :msg_id 46, :type "echo_ok"}
2026-10-02 11:33:45,838{GMT}	INFO	[jepsen worker 0] jepsen.util: 0	:invoke	:echo	"Please echo 79"
2026-10-02 11:33:45,840{GMT}	INFO	[jepsen worker 0] jepsen.util: 0	:ok	:echo	{:echo "Please echo 79", :in_reply_to 47, :msg_id 47, :type "echo_ok"}
2026-10-02 11:33:46,168{GMT}	INFO	[jepsen worker 0] jepsen.util: 0	:invoke	:echo	"Please echo 25"
2026-10-02 11:33:46,169{GMT}	INFO	[jepsen worker 0] jepsen.util: 0	:ok	:echo	{:echo "Please echo 25", :in_reply_to 48, :msg_id 48, :type "echo_ok"}
2026-10-02 11:33:46,177{GMT}	INFO	[jepsen worker 0] jepsen.util: 0	:invoke	:echo	"Please echo 122"
2026-10-02 11:33:46,178{GMT}	INFO	[jepsen worker 0] jepsen.util: 0	:ok	:echo	{:echo "Please echo 122", :in_reply_to 49, :msg_id 49, :type "echo_ok"}
2026-10-02 11:33:46,288{GMT}	INFO	[jepsen worker 0] jepsen.util: 0	:invoke	:echo	"Please echo 70"
2026-10-02 11:33:46,290{GMT}	INFO	[jepsen worker 0] jepsen.util: 0	:ok	:echo	{:echo "Please echo 70", :in_reply_to 50, :msg_id 50, :type "echo_ok"}
2026-10-02 11:33:46,489{GMT}	INFO	[jepsen worker 0] jepsen.util: 0	:invoke	:echo	"Please echo 35"
2026-10-02 11:33:46,490{GMT}	INFO	[jepsen worker 0] jepsen.util: 0	:ok	:echo	{:echo "Please echo 35", :in_reply_to 51, :msg_id 51, :type "echo_ok"}
2026-10-02 11:33:46,500{GMT}	INFO	[jepsen test runner] jepsen.core: Run complete, writing
2026-10-02 11:33:46,517{GMT}	INFO	[jepsen node n0] maelstrom.db: Tearing down n0
2026-10-02 11:33:47,611{GMT}	INFO	[jepsen node n0] maelstrom.net: Shutting down Maelstrom network
2026-10-02 11:33:47,611{GMT}	INFO	[jepsen test runner] jepsen.core: Analyzing...
2026-10-02 11:33:47,793{GMT}	INFO	[jepsen test runner] jepsen.core: Analysis complete
2026-10-02 11:33:47,798{GMT}	INFO	[jepsen results] jepsen.store: Wrote /Users/ryan/DATA/PARA SOURCE SYSTEM /Distributed System/Fly IO/maelstrom-echo/store/echo/20261002T113335.992+0700/results.edn
2026-10-02 11:33:47,817{GMT}	INFO	[jepsen test runner] jepsen.core: {:perf {:latency-graph {:valid? true},
        :rate-graph {:valid? true},
        :valid? true},
 :timeline {:valid? true},
 :exceptions {:valid? true},
 :stats {:valid? true,
         :count 51,
         :ok-count 51,
         :fail-count 0,
         :info-count 0,
         :by-f {:echo {:valid? true,
                       :count 51,
                       :ok-count 51,
                       :fail-count 0,
                       :info-count 0}}},
 :availability {:valid? true, :ok-fraction 1.0},
 :net {:all {:send-count 104,
             :recv-count 104,
             :msg-count 104,
             :msgs-per-op 2.0392158},
       :clients {:send-count 104, :recv-count 104, :msg-count 104},
       :servers {:send-count 0,
                 :recv-count 0,
                 :msg-count 0,
                 :msgs-per-op 0.0},
       :valid? true},
 :workload {:valid? true, :errors ()},
 :valid? true}


Everything looks good! ヽ(‘ー`)ノ
